<!doctype html public "-//w3c//dtd html 4.0 transitional//en">
<html><head>
<title>Static Call Graph - [.\Objects\inova_perf_reader_b.axf]</title></head>
<body><HR>
<H1>Static Call Graph for image .\Objects\inova_perf_reader_b.axf</H1><HR>
<BR><P>#&#060CALLGRAPH&#062# ARM Linker, 5060750: Last Updated: Mon Aug 26 06:13:23 2019
<BR><P>
<H3>Maximum Stack Usage =        580 bytes + Unknown(Functions without stacksize, Cycles, Untraceable Function Pointers)</H3><H3>
Call chain for Maximum Stack Depth:</H3>
__rt_entry_main &rArr; main &rArr; convertJsonRecSDbuf &rArr; atof &rArr; __strtod_int &rArr; _local_sscanf &rArr; _scanf_real &rArr; _scanf_really_real &rArr; _fp_value &rArr; _btod_etento &rArr; _btod_emul &rArr; _e2e
<P>
<H3>
Functions with no stack information
</H3><UL>
 <LI><a href="#[4a]">__user_initial_stackheap</a>
</UL>
</UL>
<P>
<H3>
Mutually Recursive functions
</H3> <LI><a href="#[10]">NMI_Handler</a>&nbsp;&nbsp;&nbsp;&rArr;&nbsp;&nbsp;&nbsp;<a href="#[10]">NMI_Handler</a><BR>
 <LI><a href="#[11]">HardFault_Handler</a>&nbsp;&nbsp;&nbsp;&rArr;&nbsp;&nbsp;&nbsp;<a href="#[11]">HardFault_Handler</a><BR>
 <LI><a href="#[12]">MemManage_Handler</a>&nbsp;&nbsp;&nbsp;&rArr;&nbsp;&nbsp;&nbsp;<a href="#[12]">MemManage_Handler</a><BR>
 <LI><a href="#[13]">BusFault_Handler</a>&nbsp;&nbsp;&nbsp;&rArr;&nbsp;&nbsp;&nbsp;<a href="#[13]">BusFault_Handler</a><BR>
 <LI><a href="#[14]">UsageFault_Handler</a>&nbsp;&nbsp;&nbsp;&rArr;&nbsp;&nbsp;&nbsp;<a href="#[14]">UsageFault_Handler</a><BR>
 <LI><a href="#[15]">SVC_Handler</a>&nbsp;&nbsp;&nbsp;&rArr;&nbsp;&nbsp;&nbsp;<a href="#[15]">SVC_Handler</a><BR>
 <LI><a href="#[16]">DebugMon_Handler</a>&nbsp;&nbsp;&nbsp;&rArr;&nbsp;&nbsp;&nbsp;<a href="#[16]">DebugMon_Handler</a><BR>
 <LI><a href="#[17]">PendSV_Handler</a>&nbsp;&nbsp;&nbsp;&rArr;&nbsp;&nbsp;&nbsp;<a href="#[17]">PendSV_Handler</a><BR>
 <LI><a href="#[30]">BOD_IRQHandler</a>&nbsp;&nbsp;&nbsp;&rArr;&nbsp;&nbsp;&nbsp;<a href="#[30]">BOD_IRQHandler</a><BR>
 <LI><a href="#[107]">json_object_dotremove_internal</a>&nbsp;&nbsp;&nbsp;&rArr;&nbsp;&nbsp;&nbsp;<a href="#[107]">json_object_dotremove_internal</a><BR>
 <LI><a href="#[102]">json_object_free</a>&nbsp;&nbsp;&nbsp;&rArr;&nbsp;&nbsp;&nbsp;<a href="#[101]">json_value_free</a><BR>
 <LI><a href="#[100]">json_array_free</a>&nbsp;&nbsp;&nbsp;&rArr;&nbsp;&nbsp;&nbsp;<a href="#[101]">json_value_free</a><BR>
 <LI><a href="#[163]">json_object_dotset_value</a>&nbsp;&nbsp;&nbsp;&rArr;&nbsp;&nbsp;&nbsp;<a href="#[163]">json_object_dotset_value</a><BR>
 <LI><a href="#[12b]">json_serialize_to_buffer_r</a>&nbsp;&nbsp;&nbsp;&rArr;&nbsp;&nbsp;&nbsp;<a href="#[12b]">json_serialize_to_buffer_r</a><BR>
</UL>
<P>
<H3>
Function Pointers
</H3><UL>
 <LI><a href="#[2f]">ADC_IRQHandler</a> from peripherals.o(.text) referenced from startup_lpc17xx.o(RESET)
 <LI><a href="#[30]">BOD_IRQHandler</a> from startup_lpc17xx.o(.text) referenced from startup_lpc17xx.o(RESET)
 <LI><a href="#[13]">BusFault_Handler</a> from startup_lpc17xx.o(.text) referenced from startup_lpc17xx.o(RESET)
 <LI><a href="#[3b]">CANActivity_IRQHandler</a> from startup_lpc17xx.o(.text) referenced from startup_lpc17xx.o(RESET)
 <LI><a href="#[32]">CAN_IRQHandler</a> from startup_lpc17xx.o(.text) referenced from startup_lpc17xx.o(RESET)
 <LI><a href="#[33]">DMA_IRQHandler</a> from startup_lpc17xx.o(.text) referenced from startup_lpc17xx.o(RESET)
 <LI><a href="#[16]">DebugMon_Handler</a> from startup_lpc17xx.o(.text) referenced from startup_lpc17xx.o(RESET)
 <LI><a href="#[2b]">EINT0_IRQHandler</a> from extintr.o(.text) referenced from startup_lpc17xx.o(RESET)
 <LI><a href="#[2c]">EINT1_IRQHandler</a> from extintr.o(.text) referenced from startup_lpc17xx.o(RESET)
 <LI><a href="#[2d]">EINT2_IRQHandler</a> from extintr.o(.text) referenced from startup_lpc17xx.o(RESET)
 <LI><a href="#[2e]">EINT3_IRQHandler</a> from extintr.o(.text) referenced from startup_lpc17xx.o(RESET)
 <LI><a href="#[35]">ENET_IRQHandler</a> from startup_lpc17xx.o(.text) referenced from startup_lpc17xx.o(RESET)
 <LI><a href="#[1d0]">GPIO_INT_IRQ</a> from peripherals.o(.text) referenced from peripherals.o(.text)
 <LI><a href="#[11]">HardFault_Handler</a> from startup_lpc17xx.o(.text) referenced from startup_lpc17xx.o(RESET)
 <LI><a href="#[23]">I2C0_IRQHandler</a> from i2c.o(.text) referenced from startup_lpc17xx.o(RESET)
 <LI><a href="#[24]">I2C1_IRQHandler</a> from i2c.o(.text) referenced from startup_lpc17xx.o(RESET)
 <LI><a href="#[25]">I2C2_IRQHandler</a> from i2c.o(.text) referenced from startup_lpc17xx.o(RESET)
 <LI><a href="#[34]">I2S_IRQHandler</a> from startup_lpc17xx.o(.text) referenced from startup_lpc17xx.o(RESET)
 <LI><a href="#[37]">MCPWM_IRQHandler</a> from startup_lpc17xx.o(.text) referenced from startup_lpc17xx.o(RESET)
 <LI><a href="#[12]">MemManage_Handler</a> from startup_lpc17xx.o(.text) referenced from startup_lpc17xx.o(RESET)
 <LI><a href="#[10]">NMI_Handler</a> from startup_lpc17xx.o(.text) referenced from startup_lpc17xx.o(RESET)
 <LI><a href="#[29]">PLL0_IRQHandler</a> from startup_lpc17xx.o(.text) referenced from startup_lpc17xx.o(RESET)
 <LI><a href="#[39]">PLL1_IRQHandler</a> from startup_lpc17xx.o(.text) referenced from startup_lpc17xx.o(RESET)
 <LI><a href="#[22]">PWM1_IRQHandler</a> from startup_lpc17xx.o(.text) referenced from startup_lpc17xx.o(RESET)
 <LI><a href="#[17]">PendSV_Handler</a> from startup_lpc17xx.o(.text) referenced from startup_lpc17xx.o(RESET)
 <LI><a href="#[38]">QEI_IRQHandler</a> from startup_lpc17xx.o(.text) referenced from startup_lpc17xx.o(RESET)
 <LI><a href="#[36]">RIT_IRQHandler</a> from startup_lpc17xx.o(.text) referenced from startup_lpc17xx.o(RESET)
 <LI><a href="#[2a]">RTC_IRQHandler</a> from startup_lpc17xx.o(.text) referenced from startup_lpc17xx.o(RESET)
 <LI><a href="#[48]">Reset_Handler</a> from startup_lpc17xx.o(.text) referenced from startup_lpc17xx.o(RESET)
 <LI><a href="#[26]">SPI_IRQHandler</a> from startup_lpc17xx.o(.text) referenced from startup_lpc17xx.o(RESET)
 <LI><a href="#[27]">SSP0_IRQHandler</a> from startup_lpc17xx.o(.text) referenced from startup_lpc17xx.o(RESET)
 <LI><a href="#[28]">SSP1_IRQHandler</a> from startup_lpc17xx.o(.text) referenced from startup_lpc17xx.o(RESET)
 <LI><a href="#[15]">SVC_Handler</a> from startup_lpc17xx.o(.text) referenced from startup_lpc17xx.o(RESET)
 <LI><a href="#[18]">SysTick_Handler</a> from peripherals.o(.text) referenced from startup_lpc17xx.o(RESET)
 <LI><a href="#[3c]">SystemInit</a> from system_lpc17xx.o(.text) referenced from startup_lpc17xx.o(.text)
 <LI><a href="#[1a]">TIMER0_IRQHandler</a> from startup_lpc17xx.o(.text) referenced from startup_lpc17xx.o(RESET)
 <LI><a href="#[1b]">TIMER1_IRQHandler</a> from startup_lpc17xx.o(.text) referenced from startup_lpc17xx.o(RESET)
 <LI><a href="#[1c]">TIMER2_IRQHandler</a> from startup_lpc17xx.o(.text) referenced from startup_lpc17xx.o(RESET)
 <LI><a href="#[1d]">TIMER3_IRQHandler</a> from startup_lpc17xx.o(.text) referenced from startup_lpc17xx.o(RESET)
 <LI><a href="#[1e]">UART0_IRQHandler</a> from hlp_uart.o(.text) referenced from hlp_uart.o(.text)
 <LI><a href="#[1e]">UART0_IRQHandler</a> from hlp_uart.o(.text) referenced from startup_lpc17xx.o(RESET)
 <LI><a href="#[1f]">UART1_IRQHandler</a> from startup_lpc17xx.o(.text) referenced from hlp_uart.o(.text)
 <LI><a href="#[1f]">UART1_IRQHandler</a> from startup_lpc17xx.o(.text) referenced from startup_lpc17xx.o(RESET)
 <LI><a href="#[20]">UART2_IRQHandler</a> from startup_lpc17xx.o(.text) referenced from hlp_uart.o(.text)
 <LI><a href="#[20]">UART2_IRQHandler</a> from startup_lpc17xx.o(.text) referenced from startup_lpc17xx.o(RESET)
 <LI><a href="#[21]">UART3_IRQHandler</a> from hlp_uart.o(.text) referenced from hlp_uart.o(.text)
 <LI><a href="#[21]">UART3_IRQHandler</a> from hlp_uart.o(.text) referenced from startup_lpc17xx.o(RESET)
 <LI><a href="#[1a6]">UARTGetChar</a> from debug_frmwrk.o(.text) referenced from debug_frmwrk.o(.text)
 <LI><a href="#[1a5]">UARTPutChar</a> from debug_frmwrk.o(.text) referenced from debug_frmwrk.o(.text)
 <LI><a href="#[1a9]">UARTPutDec</a> from debug_frmwrk.o(.text) referenced from debug_frmwrk.o(.text)
 <LI><a href="#[1aa]">UARTPutDec16</a> from debug_frmwrk.o(.text) referenced from debug_frmwrk.o(.text)
 <LI><a href="#[1ab]">UARTPutDec32</a> from debug_frmwrk.o(.text) referenced from debug_frmwrk.o(.text)
 <LI><a href="#[1ac]">UARTPutHex</a> from debug_frmwrk.o(.text) referenced from debug_frmwrk.o(.text)
 <LI><a href="#[1ad]">UARTPutHex16</a> from debug_frmwrk.o(.text) referenced from debug_frmwrk.o(.text)
 <LI><a href="#[1ae]">UARTPutHex32</a> from debug_frmwrk.o(.text) referenced from debug_frmwrk.o(.text)
 <LI><a href="#[1a7]">UARTPuts</a> from debug_frmwrk.o(.text) referenced from debug_frmwrk.o(.text)
 <LI><a href="#[1a8]">UARTPuts_</a> from debug_frmwrk.o(.text) referenced from debug_frmwrk.o(.text)
 <LI><a href="#[3a]">USBActivity_IRQHandler</a> from startup_lpc17xx.o(.text) referenced from startup_lpc17xx.o(RESET)
 <LI><a href="#[45]">USB_EndPoint0</a> from usbcore.o(.text) referenced from usbuser.o(.constdata)
 <LI><a href="#[46]">USB_EndPoint1</a> from usbuser.o(.text) referenced from usbuser.o(.constdata)
 <LI><a href="#[47]">USB_EndPoint2</a> from usbuser.o(.text) referenced from usbuser.o(.constdata)
 <LI><a href="#[31]">USB_IRQHandler</a> from usbhw.o(.text) referenced from startup_lpc17xx.o(RESET)
 <LI><a href="#[14]">UsageFault_Handler</a> from startup_lpc17xx.o(.text) referenced from startup_lpc17xx.o(RESET)
 <LI><a href="#[19]">WDT_IRQHandler</a> from peripherals.o(.text) referenced from startup_lpc17xx.o(RESET)
 <LI><a href="#[49]">__main</a> from __main.o(!!!main) referenced from startup_lpc17xx.o(.text)
 <LI><a href="#[3e]">_get_lc_ctype</a> from lc_ctype_c.o(locale$$code) referenced from rt_ctype_table.o(.text)
 <LI><a href="#[40]">_printf_input_char</a> from _printf_char_common.o(.text) referenced from _printf_char_common.o(.text)
 <LI><a href="#[43]">_sbackspace</a> from _sgetc.o(.text) referenced from strtod.o(.text)
 <LI><a href="#[42]">_sgetc</a> from _sgetc.o(.text) referenced from strtod.o(.text)
 <LI><a href="#[3f]">_sputc</a> from _sputc.o(.text) referenced from __2sprintf.o(.text)
 <LI><a href="#[41]">fputc</a> from fputc.o(i.fputc) referenced from _printf_char_file.o(.text)
 <LI><a href="#[e]">free</a> from h1_free.o(.text) referenced 2 times from json_serialiser.o(.data)
 <LI><a href="#[44]">isspace</a> from isspace.o(.text) referenced from strtod.o(.text)
 <LI><a href="#[d]">malloc</a> from h1_alloc.o(.text) referenced 2 times from json_serialiser.o(.data)
 <LI><a href="#[1d4]">onOffButton_GPI_IRQ</a> from peripherals.o(.text) referenced from peripherals.o(.text)
</UL>
<P>
<H3>
Global Symbols
</H3>
<P><STRONG><a name="[49]"></a>__main</STRONG> (Thumb, 8 bytes, Stack size 0 bytes, __main.o(!!!main))
<BR><BR>[Calls]<UL><LI><a href="#[4c]">&gt;&gt;</a>&nbsp;&nbsp;&nbsp;__rt_entry
<LI><a href="#[4b]">&gt;&gt;</a>&nbsp;&nbsp;&nbsp;__scatterload
</UL>

<P><STRONG><a name="[4b]"></a>__scatterload</STRONG> (Thumb, 0 bytes, Stack size unknown bytes, __scatter.o(!!!scatter))
<BR><BR>[Called By]<UL><LI><a href="#[49]">&gt;&gt;</a>&nbsp;&nbsp;&nbsp;__main
</UL>

<P><STRONG><a name="[4d]"></a>__scatterload_rt2</STRONG> (Thumb, 44 bytes, Stack size unknown bytes, __scatter.o(!!!scatter), UNUSED)
<BR><BR>[Calls]<UL><LI><a href="#[4c]">&gt;&gt;</a>&nbsp;&nbsp;&nbsp;__rt_entry
</UL>

<P><STRONG><a name="[28b]"></a>__scatterload_rt2_thumb_only</STRONG> (Thumb, 0 bytes, Stack size unknown bytes, __scatter.o(!!!scatter), UNUSED)

<P><STRONG><a name="[28c]"></a>__scatterload_null</STRONG> (Thumb, 0 bytes, Stack size unknown bytes, __scatter.o(!!!scatter), UNUSED)

<P><STRONG><a name="[28d]"></a>__decompress</STRONG> (Thumb, 90 bytes, Stack size unknown bytes, __dczerorl2.o(!!dczerorl2), UNUSED)

<P><STRONG><a name="[28e]"></a>__decompress1</STRONG> (Thumb, 0 bytes, Stack size unknown bytes, __dczerorl2.o(!!dczerorl2), UNUSED)

<P><STRONG><a name="[28f]"></a>__scatterload_zeroinit</STRONG> (Thumb, 28 bytes, Stack size unknown bytes, __scatter_zi.o(!!handler_zi), UNUSED)

<P><STRONG><a name="[4e]"></a>_printf_f</STRONG> (Thumb, 0 bytes, Stack size unknown bytes, _printf_f.o(.ARM.Collect$$_printf_percent$$00000003))
<BR><BR>[Stack]<UL><LI>Max Depth = 324 + Unknown Stack Size
<LI>Call Chain = _printf_f &rArr; _printf_fp_dec &rArr; _printf_fp_dec_real &rArr; _fp_digits &rArr; _btod_etento &rArr; _btod_emul &rArr; _e2e
</UL>
<BR>[Calls]<UL><LI><a href="#[4f]">&gt;&gt;</a>&nbsp;&nbsp;&nbsp;_printf_fp_dec
</UL>

<P><STRONG><a name="[215]"></a>_printf_percent</STRONG> (Thumb, 0 bytes, Stack size unknown bytes, _printf_percent.o(.ARM.Collect$$_printf_percent$$00000000))
<BR><BR>[Called By]<UL><LI><a href="#[213]">&gt;&gt;</a>&nbsp;&nbsp;&nbsp;__printf
</UL>

<P><STRONG><a name="[50]"></a>_printf_g</STRONG> (Thumb, 0 bytes, Stack size unknown bytes, _printf_g.o(.ARM.Collect$$_printf_percent$$00000005))
<BR><BR>[Stack]<UL><LI>Max Depth = 324 + Unknown Stack Size
<LI>Call Chain = _printf_g &rArr; _printf_fp_dec &rArr; _printf_fp_dec_real &rArr; _fp_digits &rArr; _btod_etento &rArr; _btod_emul &rArr; _e2e
</UL>
<BR>[Calls]<UL><LI><a href="#[4f]">&gt;&gt;</a>&nbsp;&nbsp;&nbsp;_printf_fp_dec
</UL>

<P><STRONG><a name="[51]"></a>_printf_d</STRONG> (Thumb, 0 bytes, Stack size unknown bytes, _printf_d.o(.ARM.Collect$$_printf_percent$$00000009))
<BR><BR>[Stack]<UL><LI>Max Depth = 72 + Unknown Stack Size
<LI>Call Chain = _printf_d &rArr; _printf_int_dec &rArr; _printf_int_common &rArr; _printf_post_padding
</UL>
<BR>[Calls]<UL><LI><a href="#[52]">&gt;&gt;</a>&nbsp;&nbsp;&nbsp;_printf_int_dec
</UL>

<P><STRONG><a name="[53]"></a>_printf_c</STRONG> (Thumb, 0 bytes, Stack size unknown bytes, _printf_c.o(.ARM.Collect$$_printf_percent$$00000013))
<BR><BR>[Stack]<UL><LI>Max Depth = 40 + Unknown Stack Size
<LI>Call Chain = _printf_c &rArr; _printf_char &rArr; _printf_cs_common &rArr; _printf_str &rArr; _printf_post_padding
</UL>
<BR>[Calls]<UL><LI><a href="#[54]">&gt;&gt;</a>&nbsp;&nbsp;&nbsp;_printf_char
</UL>

<P><STRONG><a name="[55]"></a>_printf_s</STRONG> (Thumb, 0 bytes, Stack size unknown bytes, _printf_s.o(.ARM.Collect$$_printf_percent$$00000014))
<BR><BR>[Stack]<UL><LI>Max Depth = 40 + Unknown Stack Size
<LI>Call Chain = _printf_s &rArr; _printf_string &rArr; _printf_cs_common &rArr; _printf_str &rArr; _printf_post_padding
</UL>
<BR>[Calls]<UL><LI><a href="#[56]">&gt;&gt;</a>&nbsp;&nbsp;&nbsp;_printf_string
</UL>

<P><STRONG><a name="[290]"></a>_printf_percent_end</STRONG> (Thumb, 0 bytes, Stack size unknown bytes, _printf_percent_end.o(.ARM.Collect$$_printf_percent$$00000017))

<P><STRONG><a name="[65]"></a>__rt_lib_init</STRONG> (Thumb, 0 bytes, Stack size unknown bytes, libinit.o(.ARM.Collect$$libinit$$00000000))
<BR><BR>[Called By]<UL><LI><a href="#[64]">&gt;&gt;</a>&nbsp;&nbsp;&nbsp;__rt_entry_li
</UL>

<P><STRONG><a name="[291]"></a>__rt_lib_init_fp_1</STRONG> (Thumb, 0 bytes, Stack size unknown bytes, libinit2.o(.ARM.Collect$$libinit$$00000002))

<P><STRONG><a name="[57]"></a>__rt_lib_init_heap_2</STRONG> (Thumb, 0 bytes, Stack size unknown bytes, libinit2.o(.ARM.Collect$$libinit$$00000005))
<BR><BR>[Stack]<UL><LI>Max Depth = 140 + Unknown Stack Size
<LI>Call Chain = __rt_lib_init_heap_2 &rArr; _init_alloc &rArr; __rt_SIGRTMEM &rArr; __rt_SIGRTMEM_inner &rArr; __default_signal_display &rArr; _ttywrch &rArr; sendchar &rArr; UART0_PutChar &rArr; hlp_uart_IntTransmit &rArr; UART_Send
</UL>
<BR>[Calls]<UL><LI><a href="#[58]">&gt;&gt;</a>&nbsp;&nbsp;&nbsp;_init_alloc
</UL>

<P><STRONG><a name="[292]"></a>__rt_lib_init_preinit_1</STRONG> (Thumb, 0 bytes, Stack size unknown bytes, libinit2.o(.ARM.Collect$$libinit$$00000004))

<P><STRONG><a name="[293]"></a>__rt_lib_init_heap_1</STRONG> (Thumb, 0 bytes, Stack size unknown bytes, libinit2.o(.ARM.Collect$$libinit$$0000000A))

<P><STRONG><a name="[59]"></a>__rt_lib_init_lc_common</STRONG> (Thumb, 0 bytes, Stack size unknown bytes, libinit2.o(.ARM.Collect$$libinit$$0000000F))
<BR><BR>[Calls]<UL><LI><a href="#[5a]">&gt;&gt;</a>&nbsp;&nbsp;&nbsp;__rt_locale
</UL>

<P><STRONG><a name="[294]"></a>__rt_lib_init_rand_1</STRONG> (Thumb, 0 bytes, Stack size unknown bytes, libinit2.o(.ARM.Collect$$libinit$$0000000E))

<P><STRONG><a name="[295]"></a>__rt_lib_init_user_alloc_1</STRONG> (Thumb, 0 bytes, Stack size unknown bytes, libinit2.o(.ARM.Collect$$libinit$$0000000C))

<P><STRONG><a name="[296]"></a>__rt_lib_init_lc_collate_1</STRONG> (Thumb, 0 bytes, Stack size unknown bytes, libinit2.o(.ARM.Collect$$libinit$$00000011))

<P><STRONG><a name="[5b]"></a>__rt_lib_init_lc_ctype_2</STRONG> (Thumb, 0 bytes, Stack size unknown bytes, libinit2.o(.ARM.Collect$$libinit$$00000012))
<BR><BR>[Stack]<UL><LI>Max Depth = 8 + Unknown Stack Size
<LI>Call Chain = __rt_lib_init_lc_ctype_2 &rArr; _get_lc_ctype
</UL>
<BR>[Calls]<UL><LI><a href="#[3e]">&gt;&gt;</a>&nbsp;&nbsp;&nbsp;_get_lc_ctype
</UL>

<P><STRONG><a name="[297]"></a>__rt_lib_init_lc_ctype_1</STRONG> (Thumb, 0 bytes, Stack size unknown bytes, libinit2.o(.ARM.Collect$$libinit$$00000013))

<P><STRONG><a name="[298]"></a>__rt_lib_init_lc_monetary_1</STRONG> (Thumb, 0 bytes, Stack size unknown bytes, libinit2.o(.ARM.Collect$$libinit$$00000015))

<P><STRONG><a name="[5c]"></a>__rt_lib_init_lc_numeric_2</STRONG> (Thumb, 0 bytes, Stack size unknown bytes, libinit2.o(.ARM.Collect$$libinit$$00000016))
<BR><BR>[Stack]<UL><LI>Max Depth = 8 + Unknown Stack Size
<LI>Call Chain = __rt_lib_init_lc_numeric_2 &rArr; _get_lc_numeric
</UL>
<BR>[Calls]<UL><LI><a href="#[5d]">&gt;&gt;</a>&nbsp;&nbsp;&nbsp;_get_lc_numeric
</UL>

<P><STRONG><a name="[299]"></a>__rt_lib_init_atexit_1</STRONG> (Thumb, 0 bytes, Stack size unknown bytes, libinit2.o(.ARM.Collect$$libinit$$0000001B))

<P><STRONG><a name="[29a]"></a>__rt_lib_init_clock_1</STRONG> (Thumb, 0 bytes, Stack size unknown bytes, libinit2.o(.ARM.Collect$$libinit$$00000021))

<P><STRONG><a name="[29b]"></a>__rt_lib_init_fp_trap_1</STRONG> (Thumb, 0 bytes, Stack size unknown bytes, libinit2.o(.ARM.Collect$$libinit$$0000001F))

<P><STRONG><a name="[29c]"></a>__rt_lib_init_getenv_1</STRONG> (Thumb, 0 bytes, Stack size unknown bytes, libinit2.o(.ARM.Collect$$libinit$$00000023))

<P><STRONG><a name="[29d]"></a>__rt_lib_init_lc_numeric_1</STRONG> (Thumb, 0 bytes, Stack size unknown bytes, libinit2.o(.ARM.Collect$$libinit$$00000017))

<P><STRONG><a name="[29e]"></a>__rt_lib_init_lc_time_1</STRONG> (Thumb, 0 bytes, Stack size unknown bytes, libinit2.o(.ARM.Collect$$libinit$$00000019))

<P><STRONG><a name="[29f]"></a>__rt_lib_init_signal_1</STRONG> (Thumb, 0 bytes, Stack size unknown bytes, libinit2.o(.ARM.Collect$$libinit$$0000001D))

<P><STRONG><a name="[5e]"></a>__rt_lib_init_stdio_2</STRONG> (Thumb, 0 bytes, Stack size unknown bytes, libinit2.o(.ARM.Collect$$libinit$$00000024))
<BR><BR>[Stack]<UL><LI>Max Depth = 212 + Unknown Stack Size
<LI>Call Chain = __rt_lib_init_stdio_2 &rArr; _initio &rArr; freopen &rArr; _fclose_internal &rArr; _fflush &rArr; _writebuf &rArr; _sys_write &rArr; sendchar &rArr; UART0_PutChar &rArr; hlp_uart_IntTransmit &rArr; UART_Send
</UL>
<BR>[Calls]<UL><LI><a href="#[5f]">&gt;&gt;</a>&nbsp;&nbsp;&nbsp;_initio
</UL>

<P><STRONG><a name="[2a0]"></a>__rt_lib_init_alloca_1</STRONG> (Thumb, 0 bytes, Stack size unknown bytes, libinit2.o(.ARM.Collect$$libinit$$0000002E))

<P><STRONG><a name="[2a1]"></a>__rt_lib_init_argv_1</STRONG> (Thumb, 0 bytes, Stack size unknown bytes, libinit2.o(.ARM.Collect$$libinit$$0000002C))

<P><STRONG><a name="[2a2]"></a>__rt_lib_init_cpp_1</STRONG> (Thumb, 0 bytes, Stack size unknown bytes, libinit2.o(.ARM.Collect$$libinit$$00000032))

<P><STRONG><a name="[2a3]"></a>__rt_lib_init_exceptions_1</STRONG> (Thumb, 0 bytes, Stack size unknown bytes, libinit2.o(.ARM.Collect$$libinit$$00000030))

<P><STRONG><a name="[2a4]"></a>__rt_lib_init_return</STRONG> (Thumb, 0 bytes, Stack size unknown bytes, libinit2.o(.ARM.Collect$$libinit$$00000033))

<P><STRONG><a name="[2a5]"></a>__rt_lib_init_stdio_1</STRONG> (Thumb, 0 bytes, Stack size unknown bytes, libinit2.o(.ARM.Collect$$libinit$$00000025))

<P><STRONG><a name="[6a]"></a>__rt_lib_shutdown</STRONG> (Thumb, 0 bytes, Stack size unknown bytes, libshutdown.o(.ARM.Collect$$libshutdown$$00000000))
<BR><BR>[Called By]<UL><LI><a href="#[69]">&gt;&gt;</a>&nbsp;&nbsp;&nbsp;__rt_exit_ls
</UL>

<P><STRONG><a name="[2a6]"></a>__rt_lib_shutdown_cpp_1</STRONG> (Thumb, 0 bytes, Stack size unknown bytes, libshutdown2.o(.ARM.Collect$$libshutdown$$00000002))

<P><STRONG><a name="[60]"></a>__rt_lib_shutdown_stdio_2</STRONG> (Thumb, 0 bytes, Stack size unknown bytes, libshutdown2.o(.ARM.Collect$$libshutdown$$00000003))
<BR><BR>[Stack]<UL><LI>Max Depth = 196 + Unknown Stack Size
<LI>Call Chain = __rt_lib_shutdown_stdio_2 &rArr; _terminateio &rArr; _fclose_internal &rArr; _fflush &rArr; _writebuf &rArr; _sys_write &rArr; sendchar &rArr; UART0_PutChar &rArr; hlp_uart_IntTransmit &rArr; UART_Send
</UL>
<BR>[Calls]<UL><LI><a href="#[61]">&gt;&gt;</a>&nbsp;&nbsp;&nbsp;_terminateio
</UL>

<P><STRONG><a name="[2a7]"></a>__rt_lib_shutdown_fp_trap_1</STRONG> (Thumb, 0 bytes, Stack size unknown bytes, libshutdown2.o(.ARM.Collect$$libshutdown$$00000007))

<P><STRONG><a name="[2a8]"></a>__rt_lib_shutdown_heap_1</STRONG> (Thumb, 0 bytes, Stack size unknown bytes, libshutdown2.o(.ARM.Collect$$libshutdown$$0000000F))

<P><STRONG><a name="[2a9]"></a>__rt_lib_shutdown_return</STRONG> (Thumb, 0 bytes, Stack size unknown bytes, libshutdown2.o(.ARM.Collect$$libshutdown$$00000010))

<P><STRONG><a name="[2aa]"></a>__rt_lib_shutdown_signal_1</STRONG> (Thumb, 0 bytes, Stack size unknown bytes, libshutdown2.o(.ARM.Collect$$libshutdown$$0000000A))

<P><STRONG><a name="[2ab]"></a>__rt_lib_shutdown_stdio_1</STRONG> (Thumb, 0 bytes, Stack size unknown bytes, libshutdown2.o(.ARM.Collect$$libshutdown$$00000004))

<P><STRONG><a name="[2ac]"></a>__rt_lib_shutdown_user_alloc_1</STRONG> (Thumb, 0 bytes, Stack size unknown bytes, libshutdown2.o(.ARM.Collect$$libshutdown$$0000000C))

<P><STRONG><a name="[4c]"></a>__rt_entry</STRONG> (Thumb, 0 bytes, Stack size unknown bytes, __rtentry.o(.ARM.Collect$$rtentry$$00000000))
<BR><BR>[Called By]<UL><LI><a href="#[49]">&gt;&gt;</a>&nbsp;&nbsp;&nbsp;__main
<LI><a href="#[4d]">&gt;&gt;</a>&nbsp;&nbsp;&nbsp;__scatterload_rt2
</UL>

<P><STRONG><a name="[2ad]"></a>__rt_entry_presh_1</STRONG> (Thumb, 0 bytes, Stack size unknown bytes, __rtentry2.o(.ARM.Collect$$rtentry$$00000002))

<P><STRONG><a name="[62]"></a>__rt_entry_sh</STRONG> (Thumb, 0 bytes, Stack size unknown bytes, __rtentry4.o(.ARM.Collect$$rtentry$$00000004))
<BR><BR>[Stack]<UL><LI>Max Depth = 8 + Unknown Stack Size
<LI>Call Chain = __rt_entry_sh &rArr; __user_setup_stackheap
</UL>
<BR>[Calls]<UL><LI><a href="#[63]">&gt;&gt;</a>&nbsp;&nbsp;&nbsp;__user_setup_stackheap
</UL>

<P><STRONG><a name="[64]"></a>__rt_entry_li</STRONG> (Thumb, 0 bytes, Stack size unknown bytes, __rtentry2.o(.ARM.Collect$$rtentry$$0000000A))
<BR><BR>[Calls]<UL><LI><a href="#[65]">&gt;&gt;</a>&nbsp;&nbsp;&nbsp;__rt_lib_init
</UL>

<P><STRONG><a name="[2ae]"></a>__rt_entry_postsh_1</STRONG> (Thumb, 0 bytes, Stack size unknown bytes, __rtentry2.o(.ARM.Collect$$rtentry$$00000009))

<P><STRONG><a name="[66]"></a>__rt_entry_main</STRONG> (Thumb, 0 bytes, Stack size unknown bytes, __rtentry2.o(.ARM.Collect$$rtentry$$0000000D))
<BR><BR>[Stack]<UL><LI>Max Depth = 580 + Unknown Stack Size
<LI>Call Chain = __rt_entry_main &rArr; main &rArr; convertJsonRecSDbuf &rArr; atof &rArr; __strtod_int &rArr; _local_sscanf &rArr; _scanf_real &rArr; _scanf_really_real &rArr; _fp_value &rArr; _btod_etento &rArr; _btod_emul &rArr; _e2e
</UL>
<BR>[Calls]<UL><LI><a href="#[67]">&gt;&gt;</a>&nbsp;&nbsp;&nbsp;main
<LI><a href="#[68]">&gt;&gt;</a>&nbsp;&nbsp;&nbsp;exit
</UL>

<P><STRONG><a name="[2af]"></a>__rt_entry_postli_1</STRONG> (Thumb, 0 bytes, Stack size unknown bytes, __rtentry2.o(.ARM.Collect$$rtentry$$0000000C))

<P><STRONG><a name="[24f]"></a>__rt_exit</STRONG> (Thumb, 0 bytes, Stack size unknown bytes, rtexit.o(.ARM.Collect$$rtexit$$00000000))
<BR><BR>[Called By]<UL><LI><a href="#[68]">&gt;&gt;</a>&nbsp;&nbsp;&nbsp;exit
</UL>

<P><STRONG><a name="[69]"></a>__rt_exit_ls</STRONG> (Thumb, 0 bytes, Stack size unknown bytes, rtexit2.o(.ARM.Collect$$rtexit$$00000003))
<BR><BR>[Calls]<UL><LI><a href="#[6a]">&gt;&gt;</a>&nbsp;&nbsp;&nbsp;__rt_lib_shutdown
</UL>

<P><STRONG><a name="[2b0]"></a>__rt_exit_prels_1</STRONG> (Thumb, 0 bytes, Stack size unknown bytes, rtexit2.o(.ARM.Collect$$rtexit$$00000002))

<P><STRONG><a name="[6b]"></a>__rt_exit_exit</STRONG> (Thumb, 0 bytes, Stack size unknown bytes, rtexit2.o(.ARM.Collect$$rtexit$$00000004))
<BR><BR>[Calls]<UL><LI><a href="#[6c]">&gt;&gt;</a>&nbsp;&nbsp;&nbsp;_sys_exit
</UL>

<P><STRONG><a name="[48]"></a>Reset_Handler</STRONG> (Thumb, 8 bytes, Stack size 0 bytes, startup_lpc17xx.o(.text))

<P><STRONG><a name="[2b1]"></a>_maybe_terminate_alloc</STRONG> (Thumb, 0 bytes, Stack size 0 bytes, maybetermalloc1.o(.emb_text), UNUSED)

<P><STRONG><a name="[10]"></a>NMI_Handler</STRONG> (Thumb, 2 bytes, Stack size 0 bytes, startup_lpc17xx.o(.text))
<BR><BR>[Calls]<UL><LI><a href="#[10]">&gt;&gt;</a>&nbsp;&nbsp;&nbsp;NMI_Handler
</UL>
<BR>[Called By]<UL><LI><a href="#[10]">&gt;&gt;</a>&nbsp;&nbsp;&nbsp;NMI_Handler
</UL>
<BR>[Address Reference Count : 1]<UL><LI> startup_lpc17xx.o(RESET)
</UL>
<P><STRONG><a name="[11]"></a>HardFault_Handler</STRONG> (Thumb, 2 bytes, Stack size 0 bytes, startup_lpc17xx.o(.text))
<BR><BR>[Calls]<UL><LI><a href="#[11]">&gt;&gt;</a>&nbsp;&nbsp;&nbsp;HardFault_Handler
</UL>
<BR>[Called By]<UL><LI><a href="#[11]">&gt;&gt;</a>&nbsp;&nbsp;&nbsp;HardFault_Handler
</UL>
<BR>[Address Reference Count : 1]<UL><LI> startup_lpc17xx.o(RESET)
</UL>
<P><STRONG><a name="[12]"></a>MemManage_Handler</STRONG> (Thumb, 2 bytes, Stack size 0 bytes, startup_lpc17xx.o(.text))
<BR><BR>[Calls]<UL><LI><a href="#[12]">&gt;&gt;</a>&nbsp;&nbsp;&nbsp;MemManage_Handler
</UL>
<BR>[Called By]<UL><LI><a href="#[12]">&gt;&gt;</a>&nbsp;&nbsp;&nbsp;MemManage_Handler
</UL>
<BR>[Address Reference Count : 1]<UL><LI> startup_lpc17xx.o(RESET)
</UL>
<P><STRONG><a name="[13]"></a>BusFault_Handler</STRONG> (Thumb, 2 bytes, Stack size 0 bytes, startup_lpc17xx.o(.text))
<BR><BR>[Calls]<UL><LI><a href="#[13]">&gt;&gt;</a>&nbsp;&nbsp;&nbsp;BusFault_Handler
</UL>
<BR>[Called By]<UL><LI><a href="#[13]">&gt;&gt;</a>&nbsp;&nbsp;&nbsp;BusFault_Handler
</UL>
<BR>[Address Reference Count : 1]<UL><LI> startup_lpc17xx.o(RESET)
</UL>
<P><STRONG><a name="[14]"></a>UsageFault_Handler</STRONG> (Thumb, 2 bytes, Stack size 0 bytes, startup_lpc17xx.o(.text))
<BR><BR>[Calls]<UL><LI><a href="#[14]">&gt;&gt;</a>&nbsp;&nbsp;&nbsp;UsageFault_Handler
</UL>
<BR>[Called By]<UL><LI><a href="#[14]">&gt;&gt;</a>&nbsp;&nbsp;&nbsp;UsageFault_Handler
</UL>
<BR>[Address Reference Count : 1]<UL><LI> startup_lpc17xx.o(RESET)
</UL>
<P><STRONG><a name="[15]"></a>SVC_Handler</STRONG> (Thumb, 2 bytes, Stack size 0 bytes, startup_lpc17xx.o(.text))
<BR><BR>[Calls]<UL><LI><a href="#[15]">&gt;&gt;</a>&nbsp;&nbsp;&nbsp;SVC_Handler
</UL>
<BR>[Called By]<UL><LI><a href="#[15]">&gt;&gt;</a>&nbsp;&nbsp;&nbsp;SVC_Handler
</UL>
<BR>[Address Reference Count : 1]<UL><LI> startup_lpc17xx.o(RESET)
</UL>
<P><STRONG><a name="[16]"></a>DebugMon_Handler</STRONG> (Thumb, 2 bytes, Stack size 0 bytes, startup_lpc17xx.o(.text))
<BR><BR>[Calls]<UL><LI><a href="#[16]">&gt;&gt;</a>&nbsp;&nbsp;&nbsp;DebugMon_Handler
</UL>
<BR>[Called By]<UL><LI><a href="#[16]">&gt;&gt;</a>&nbsp;&nbsp;&nbsp;DebugMon_Handler
</UL>
<BR>[Address Reference Count : 1]<UL><LI> startup_lpc17xx.o(RESET)
</UL>
<P><STRONG><a name="[17]"></a>PendSV_Handler</STRONG> (Thumb, 2 bytes, Stack size 0 bytes, startup_lpc17xx.o(.text))
<BR><BR>[Calls]<UL><LI><a href="#[17]">&gt;&gt;</a>&nbsp;&nbsp;&nbsp;PendSV_Handler
</UL>
<BR>[Called By]<UL><LI><a href="#[17]">&gt;&gt;</a>&nbsp;&nbsp;&nbsp;PendSV_Handler
</UL>
<BR>[Address Reference Count : 1]<UL><LI> startup_lpc17xx.o(RESET)
</UL>
<P><STRONG><a name="[30]"></a>BOD_IRQHandler</STRONG> (Thumb, 0 bytes, Stack size 0 bytes, startup_lpc17xx.o(.text))
<BR><BR>[Calls]<UL><LI><a href="#[30]">&gt;&gt;</a>&nbsp;&nbsp;&nbsp;BOD_IRQHandler
</UL>
<BR>[Called By]<UL><LI><a href="#[30]">&gt;&gt;</a>&nbsp;&nbsp;&nbsp;BOD_IRQHandler
</UL>
<BR>[Address Reference Count : 1]<UL><LI> startup_lpc17xx.o(RESET)
</UL>
<P><STRONG><a name="[3b]"></a>CANActivity_IRQHandler</STRONG> (Thumb, 0 bytes, Stack size 0 bytes, startup_lpc17xx.o(.text))
<BR>[Address Reference Count : 1]<UL><LI> startup_lpc17xx.o(RESET)
</UL>
<P><STRONG><a name="[32]"></a>CAN_IRQHandler</STRONG> (Thumb, 0 bytes, Stack size 0 bytes, startup_lpc17xx.o(.text))
<BR>[Address Reference Count : 1]<UL><LI> startup_lpc17xx.o(RESET)
</UL>
<P><STRONG><a name="[33]"></a>DMA_IRQHandler</STRONG> (Thumb, 0 bytes, Stack size 0 bytes, startup_lpc17xx.o(.text))
<BR>[Address Reference Count : 1]<UL><LI> startup_lpc17xx.o(RESET)
</UL>
<P><STRONG><a name="[35]"></a>ENET_IRQHandler</STRONG> (Thumb, 0 bytes, Stack size 0 bytes, startup_lpc17xx.o(.text))
<BR>[Address Reference Count : 1]<UL><LI> startup_lpc17xx.o(RESET)
</UL>
<P><STRONG><a name="[34]"></a>I2S_IRQHandler</STRONG> (Thumb, 0 bytes, Stack size 0 bytes, startup_lpc17xx.o(.text))
<BR>[Address Reference Count : 1]<UL><LI> startup_lpc17xx.o(RESET)
</UL>
<P><STRONG><a name="[37]"></a>MCPWM_IRQHandler</STRONG> (Thumb, 0 bytes, Stack size 0 bytes, startup_lpc17xx.o(.text))
<BR>[Address Reference Count : 1]<UL><LI> startup_lpc17xx.o(RESET)
</UL>
<P><STRONG><a name="[29]"></a>PLL0_IRQHandler</STRONG> (Thumb, 0 bytes, Stack size 0 bytes, startup_lpc17xx.o(.text))
<BR>[Address Reference Count : 1]<UL><LI> startup_lpc17xx.o(RESET)
</UL>
<P><STRONG><a name="[39]"></a>PLL1_IRQHandler</STRONG> (Thumb, 0 bytes, Stack size 0 bytes, startup_lpc17xx.o(.text))
<BR>[Address Reference Count : 1]<UL><LI> startup_lpc17xx.o(RESET)
</UL>
<P><STRONG><a name="[22]"></a>PWM1_IRQHandler</STRONG> (Thumb, 0 bytes, Stack size 0 bytes, startup_lpc17xx.o(.text))
<BR>[Address Reference Count : 1]<UL><LI> startup_lpc17xx.o(RESET)
</UL>
<P><STRONG><a name="[38]"></a>QEI_IRQHandler</STRONG> (Thumb, 0 bytes, Stack size 0 bytes, startup_lpc17xx.o(.text))
<BR>[Address Reference Count : 1]<UL><LI> startup_lpc17xx.o(RESET)
</UL>
<P><STRONG><a name="[36]"></a>RIT_IRQHandler</STRONG> (Thumb, 0 bytes, Stack size 0 bytes, startup_lpc17xx.o(.text))
<BR>[Address Reference Count : 1]<UL><LI> startup_lpc17xx.o(RESET)
</UL>
<P><STRONG><a name="[2a]"></a>RTC_IRQHandler</STRONG> (Thumb, 0 bytes, Stack size 0 bytes, startup_lpc17xx.o(.text))
<BR>[Address Reference Count : 1]<UL><LI> startup_lpc17xx.o(RESET)
</UL>
<P><STRONG><a name="[26]"></a>SPI_IRQHandler</STRONG> (Thumb, 0 bytes, Stack size 0 bytes, startup_lpc17xx.o(.text))
<BR>[Address Reference Count : 1]<UL><LI> startup_lpc17xx.o(RESET)
</UL>
<P><STRONG><a name="[27]"></a>SSP0_IRQHandler</STRONG> (Thumb, 0 bytes, Stack size 0 bytes, startup_lpc17xx.o(.text))
<BR>[Address Reference Count : 1]<UL><LI> startup_lpc17xx.o(RESET)
</UL>
<P><STRONG><a name="[28]"></a>SSP1_IRQHandler</STRONG> (Thumb, 0 bytes, Stack size 0 bytes, startup_lpc17xx.o(.text))
<BR>[Address Reference Count : 1]<UL><LI> startup_lpc17xx.o(RESET)
</UL>
<P><STRONG><a name="[1a]"></a>TIMER0_IRQHandler</STRONG> (Thumb, 0 bytes, Stack size 0 bytes, startup_lpc17xx.o(.text))
<BR>[Address Reference Count : 1]<UL><LI> startup_lpc17xx.o(RESET)
</UL>
<P><STRONG><a name="[1b]"></a>TIMER1_IRQHandler</STRONG> (Thumb, 0 bytes, Stack size 0 bytes, startup_lpc17xx.o(.text))
<BR>[Address Reference Count : 1]<UL><LI> startup_lpc17xx.o(RESET)
</UL>
<P><STRONG><a name="[1c]"></a>TIMER2_IRQHandler</STRONG> (Thumb, 0 bytes, Stack size 0 bytes, startup_lpc17xx.o(.text))
<BR>[Address Reference Count : 1]<UL><LI> startup_lpc17xx.o(RESET)
</UL>
<P><STRONG><a name="[1d]"></a>TIMER3_IRQHandler</STRONG> (Thumb, 0 bytes, Stack size 0 bytes, startup_lpc17xx.o(.text))
<BR>[Address Reference Count : 1]<UL><LI> startup_lpc17xx.o(RESET)
</UL>
<P><STRONG><a name="[1f]"></a>UART1_IRQHandler</STRONG> (Thumb, 0 bytes, Stack size 0 bytes, startup_lpc17xx.o(.text))
<BR>[Address Reference Count : 2]<UL><LI> startup_lpc17xx.o(RESET)
<LI> hlp_uart.o(.text)
</UL>
<P><STRONG><a name="[20]"></a>UART2_IRQHandler</STRONG> (Thumb, 0 bytes, Stack size 0 bytes, startup_lpc17xx.o(.text))
<BR>[Address Reference Count : 2]<UL><LI> startup_lpc17xx.o(RESET)
<LI> hlp_uart.o(.text)
</UL>
<P><STRONG><a name="[3a]"></a>USBActivity_IRQHandler</STRONG> (Thumb, 0 bytes, Stack size 0 bytes, startup_lpc17xx.o(.text))
<BR>[Address Reference Count : 1]<UL><LI> startup_lpc17xx.o(RESET)
</UL>
<P><STRONG><a name="[4a]"></a>__user_initial_stackheap</STRONG> (Thumb, 0 bytes, Stack size unknown bytes, startup_lpc17xx.o(.text))
<BR><BR>[Called By]<UL><LI><a href="#[63]">&gt;&gt;</a>&nbsp;&nbsp;&nbsp;__user_setup_stackheap
</UL>

<P><STRONG><a name="[6e]"></a>DELAY_us</STRONG> (Thumb, 26 bytes, Stack size 0 bytes, delay.o(.text), UNUSED)
<BR><BR>[Called By]<UL><LI><a href="#[6d]">&gt;&gt;</a>&nbsp;&nbsp;&nbsp;DELAY_ms
<LI><a href="#[177]">&gt;&gt;</a>&nbsp;&nbsp;&nbsp;ADC_GetAdcValue
</UL>

<P><STRONG><a name="[6d]"></a>DELAY_ms</STRONG> (Thumb, 24 bytes, Stack size 12 bytes, delay.o(.text), UNUSED)
<BR><BR>[Calls]<UL><LI><a href="#[6e]">&gt;&gt;</a>&nbsp;&nbsp;&nbsp;DELAY_us
</UL>
<BR>[Called By]<UL><LI><a href="#[6f]">&gt;&gt;</a>&nbsp;&nbsp;&nbsp;DELAY_sec
</UL>

<P><STRONG><a name="[6f]"></a>DELAY_sec</STRONG> (Thumb, 24 bytes, Stack size 12 bytes, delay.o(.text), UNUSED)
<BR><BR>[Calls]<UL><LI><a href="#[6d]">&gt;&gt;</a>&nbsp;&nbsp;&nbsp;DELAY_ms
</UL>

<P><STRONG><a name="[2b2]"></a>__semihosting$guard</STRONG> (Thumb, 0 bytes, Stack size 0 bytes, use_no_semi.o(.text), UNUSED)

<P><STRONG><a name="[2b3]"></a>__use_no_semihosting_swi</STRONG> (Thumb, 2 bytes, Stack size 0 bytes, use_no_semi.o(.text), UNUSED)

<P><STRONG><a name="[70]"></a>__rt_ctype_table</STRONG> (Thumb, 16 bytes, Stack size 8 bytes, rt_ctype_table.o(.text))
<BR><BR>[Stack]<UL><LI>Max Depth = 8<LI>Call Chain = __rt_ctype_table
</UL>
<BR>[Calls]<UL><LI><a href="#[5a]">&gt;&gt;</a>&nbsp;&nbsp;&nbsp;__rt_locale
</UL>
<BR>[Called By]<UL><LI><a href="#[11d]">&gt;&gt;</a>&nbsp;&nbsp;&nbsp;parse_value
<LI><a href="#[121]">&gt;&gt;</a>&nbsp;&nbsp;&nbsp;parse_object_value
<LI><a href="#[11c]">&gt;&gt;</a>&nbsp;&nbsp;&nbsp;parse_array_value
<LI><a href="#[44]">&gt;&gt;</a>&nbsp;&nbsp;&nbsp;isspace
</UL>

<P><STRONG><a name="[112]"></a>__aeabi_errno_addr</STRONG> (Thumb, 8 bytes, Stack size 0 bytes, rt_errno_addr_intlibspace.o(.text))
<BR><BR>[Called By]<UL><LI><a href="#[111]">&gt;&gt;</a>&nbsp;&nbsp;&nbsp;parse_number_value
<LI><a href="#[229]">&gt;&gt;</a>&nbsp;&nbsp;&nbsp;__set_errno
<LI><a href="#[228]">&gt;&gt;</a>&nbsp;&nbsp;&nbsp;__read_errno
<LI><a href="#[218]">&gt;&gt;</a>&nbsp;&nbsp;&nbsp;_ftell_internal
<LI><a href="#[246]">&gt;&gt;</a>&nbsp;&nbsp;&nbsp;_fp_value
</UL>

<P><STRONG><a name="[2b4]"></a>__errno$intlibspace</STRONG> (Thumb, 0 bytes, Stack size 0 bytes, rt_errno_addr_intlibspace.o(.text), UNUSED)

<P><STRONG><a name="[2b5]"></a>__rt_errno_addr$intlibspace</STRONG> (Thumb, 0 bytes, Stack size 0 bytes, rt_errno_addr_intlibspace.o(.text), UNUSED)

<P><STRONG><a name="[d]"></a>malloc</STRONG> (Thumb, 94 bytes, Stack size 16 bytes, h1_alloc.o(.text))
<BR><BR>[Stack]<UL><LI>Max Depth = 48<LI>Call Chain = malloc &rArr; __Heap_Full &rArr; __Heap_ProvideMemory &rArr; free
</UL>
<BR>[Calls]<UL><LI><a href="#[72]">&gt;&gt;</a>&nbsp;&nbsp;&nbsp;__Heap_Full
<LI><a href="#[71]">&gt;&gt;</a>&nbsp;&nbsp;&nbsp;__rt_heap_descriptor
</UL>
<BR>[Called By]<UL><LI><a href="#[f0]">&gt;&gt;</a>&nbsp;&nbsp;&nbsp;fopen
<LI><a href="#[240]">&gt;&gt;</a>&nbsp;&nbsp;&nbsp;__flsbuf
<LI><a href="#[23d]">&gt;&gt;</a>&nbsp;&nbsp;&nbsp;__filbuf
</UL>
<BR>[Address Reference Count : 1]<UL><LI> json_serialiser.o(.data)
</UL>
<P><STRONG><a name="[2b6]"></a>__use_two_region_memory</STRONG> (Thumb, 2 bytes, Stack size 0 bytes, heapauxi.o(.text), UNUSED)

<P><STRONG><a name="[3]"></a>__rt_heap_escrow</STRONG> (Thumb, 2 bytes, Stack size 0 bytes, heapauxi.o(.text), UNUSED)

<P><STRONG><a name="[2]"></a>__rt_heap_expand</STRONG> (Thumb, 2 bytes, Stack size 0 bytes, heapauxi.o(.text), UNUSED)

<P><STRONG><a name="[2b7]"></a>SystemCoreClockUpdate</STRONG> (Thumb, 300 bytes, Stack size 0 bytes, system_lpc17xx.o(.text), UNUSED)

<P><STRONG><a name="[3c]"></a>SystemInit</STRONG> (Thumb, 322 bytes, Stack size 0 bytes, system_lpc17xx.o(.text))
<BR>[Address Reference Count : 1]<UL><LI> startup_lpc17xx.o(.text)
</UL>
<P><STRONG><a name="[73]"></a>EINT_AttachInterrupt</STRONG> (Thumb, 228 bytes, Stack size 16 bytes, extintr.o(.text))
<BR><BR>[Stack]<UL><LI>Max Depth = 28<LI>Call Chain = EINT_AttachInterrupt &rArr; GPIO_PinFunction
</UL>
<BR>[Calls]<UL><LI><a href="#[74]">&gt;&gt;</a>&nbsp;&nbsp;&nbsp;GPIO_PinFunction
</UL>
<BR>[Called By]<UL><LI><a href="#[1d1]">&gt;&gt;</a>&nbsp;&nbsp;&nbsp;powerDown
<LI><a href="#[1bb]">&gt;&gt;</a>&nbsp;&nbsp;&nbsp;GPIO_IRQ_init
</UL>

<P><STRONG><a name="[75]"></a>EINT_DetachInterrupt</STRONG> (Thumb, 32 bytes, Stack size 8 bytes, extintr.o(.text), UNUSED)
<BR><BR>[Calls]<UL><LI><a href="#[74]">&gt;&gt;</a>&nbsp;&nbsp;&nbsp;GPIO_PinFunction
</UL>

<P><STRONG><a name="[2b]"></a>EINT0_IRQHandler</STRONG> (Thumb, 32 bytes, Stack size 8 bytes, extintr.o(.text))
<BR><BR>[Stack]<UL><LI>Max Depth = 8<LI>Call Chain = EINT0_IRQHandler
</UL>
<BR>[Address Reference Count : 1]<UL><LI> startup_lpc17xx.o(RESET)
</UL>
<P><STRONG><a name="[2c]"></a>EINT1_IRQHandler</STRONG> (Thumb, 32 bytes, Stack size 8 bytes, extintr.o(.text))
<BR><BR>[Stack]<UL><LI>Max Depth = 8<LI>Call Chain = EINT1_IRQHandler
</UL>
<BR>[Address Reference Count : 1]<UL><LI> startup_lpc17xx.o(RESET)
</UL>
<P><STRONG><a name="[2d]"></a>EINT2_IRQHandler</STRONG> (Thumb, 32 bytes, Stack size 8 bytes, extintr.o(.text))
<BR><BR>[Stack]<UL><LI>Max Depth = 8<LI>Call Chain = EINT2_IRQHandler
</UL>
<BR>[Address Reference Count : 1]<UL><LI> startup_lpc17xx.o(RESET)
</UL>
<P><STRONG><a name="[2e]"></a>EINT3_IRQHandler</STRONG> (Thumb, 32 bytes, Stack size 8 bytes, extintr.o(.text))
<BR><BR>[Stack]<UL><LI>Max Depth = 8<LI>Call Chain = EINT3_IRQHandler
</UL>
<BR>[Address Reference Count : 1]<UL><LI> startup_lpc17xx.o(RESET)
</UL>
<P><STRONG><a name="[74]"></a>GPIO_PinFunction</STRONG> (Thumb, 68 bytes, Stack size 12 bytes, gpio.o(.text))
<BR><BR>[Stack]<UL><LI>Max Depth = 12<LI>Call Chain = GPIO_PinFunction
</UL>
<BR>[Called By]<UL><LI><a href="#[ca]">&gt;&gt;</a>&nbsp;&nbsp;&nbsp;SPI_Init
<LI><a href="#[75]">&gt;&gt;</a>&nbsp;&nbsp;&nbsp;EINT_DetachInterrupt
<LI><a href="#[73]">&gt;&gt;</a>&nbsp;&nbsp;&nbsp;EINT_AttachInterrupt
<LI><a href="#[177]">&gt;&gt;</a>&nbsp;&nbsp;&nbsp;ADC_GetAdcValue
</UL>

<P><STRONG><a name="[cf]"></a>GPIO_PinDirection</STRONG> (Thumb, 46 bytes, Stack size 12 bytes, gpio.o(.text))
<BR><BR>[Stack]<UL><LI>Max Depth = 12<LI>Call Chain = GPIO_PinDirection
</UL>
<BR>[Called By]<UL><LI><a href="#[ca]">&gt;&gt;</a>&nbsp;&nbsp;&nbsp;SPI_Init
</UL>

<P><STRONG><a name="[c5]"></a>GPIO_PinWrite</STRONG> (Thumb, 46 bytes, Stack size 12 bytes, gpio.o(.text))
<BR><BR>[Stack]<UL><LI>Max Depth = 12<LI>Call Chain = GPIO_PinWrite
</UL>
<BR>[Called By]<UL><LI><a href="#[ca]">&gt;&gt;</a>&nbsp;&nbsp;&nbsp;SPI_Init
<LI><a href="#[ce]">&gt;&gt;</a>&nbsp;&nbsp;&nbsp;SD_writeSingleBlock
<LI><a href="#[cd]">&gt;&gt;</a>&nbsp;&nbsp;&nbsp;SD_readSingleBlock
<LI><a href="#[c8]">&gt;&gt;</a>&nbsp;&nbsp;&nbsp;init_SdCard
<LI><a href="#[c4]">&gt;&gt;</a>&nbsp;&nbsp;&nbsp;SD_sendCommand
</UL>

<P><STRONG><a name="[2b8]"></a>GPIO_PinToggle</STRONG> (Thumb, 30 bytes, Stack size 8 bytes, gpio.o(.text), UNUSED)

<P><STRONG><a name="[1b1]"></a>GPIO_PinRead</STRONG> (Thumb, 42 bytes, Stack size 12 bytes, gpio.o(.text))
<BR><BR>[Stack]<UL><LI>Max Depth = 12<LI>Call Chain = GPIO_PinRead
</UL>
<BR>[Called By]<UL><LI><a href="#[1c0]">&gt;&gt;</a>&nbsp;&nbsp;&nbsp;resetButRead
<LI><a href="#[1bf]">&gt;&gt;</a>&nbsp;&nbsp;&nbsp;butread
<LI><a href="#[1b0]">&gt;&gt;</a>&nbsp;&nbsp;&nbsp;checkONOFFButtontoWakeUP
</UL>

<P><STRONG><a name="[76]"></a>initGPSubxData</STRONG> (Thumb, 252 bytes, Stack size 104 bytes, hlp_gps.o(.text))
<BR><BR>[Stack]<UL><LI>Max Depth = 104<LI>Call Chain = initGPSubxData
</UL>
<BR>[Calls]<UL><LI><a href="#[77]">&gt;&gt;</a>&nbsp;&nbsp;&nbsp;UART_SendByte
<LI><a href="#[78]">&gt;&gt;</a>&nbsp;&nbsp;&nbsp;Delay
</UL>
<BR>[Called By]<UL><LI><a href="#[79]">&gt;&gt;</a>&nbsp;&nbsp;&nbsp;initGPS
</UL>

<P><STRONG><a name="[79]"></a>initGPS</STRONG> (Thumb, 14 bytes, Stack size 8 bytes, hlp_gps.o(.text))
<BR><BR>[Stack]<UL><LI>Max Depth = 144 + Unknown Stack Size
<LI>Call Chain = initGPS &rArr; __2printf &rArr; _printf_char_file &rArr; _printf_char_common &rArr; __printf
</UL>
<BR>[Calls]<UL><LI><a href="#[76]">&gt;&gt;</a>&nbsp;&nbsp;&nbsp;initGPSubxData
<LI><a href="#[7a]">&gt;&gt;</a>&nbsp;&nbsp;&nbsp;__2printf
</UL>
<BR>[Called By]<UL><LI><a href="#[67]">&gt;&gt;</a>&nbsp;&nbsp;&nbsp;main
</UL>

<P><STRONG><a name="[2b9]"></a>gps_power_up</STRONG> (Thumb, 2 bytes, Stack size 0 bytes, hlp_gps.o(.text), UNUSED)

<P><STRONG><a name="[7b]"></a>gps_power_down</STRONG> (Thumb, 52 bytes, Stack size 24 bytes, hlp_gps.o(.text))
<BR><BR>[Stack]<UL><LI>Max Depth = 160 + Unknown Stack Size
<LI>Call Chain = gps_power_down &rArr; __2printf &rArr; _printf_char_file &rArr; _printf_char_common &rArr; __printf
</UL>
<BR>[Calls]<UL><LI><a href="#[77]">&gt;&gt;</a>&nbsp;&nbsp;&nbsp;UART_SendByte
<LI><a href="#[78]">&gt;&gt;</a>&nbsp;&nbsp;&nbsp;Delay
<LI><a href="#[7a]">&gt;&gt;</a>&nbsp;&nbsp;&nbsp;__2printf
</UL>
<BR>[Called By]<UL><LI><a href="#[1d1]">&gt;&gt;</a>&nbsp;&nbsp;&nbsp;powerDown
</UL>

<P><STRONG><a name="[7c]"></a>RecDataToGPSbuffer</STRONG> (Thumb, 220 bytes, Stack size 16 bytes, hlp_gps.o(.text))
<BR><BR>[Stack]<UL><LI>Max Depth = 16<LI>Call Chain = RecDataToGPSbuffer
</UL>
<BR>[Calls]<UL><LI><a href="#[7d]">&gt;&gt;</a>&nbsp;&nbsp;&nbsp;__aeabi_memcpy
</UL>
<BR>[Called By]<UL><LI><a href="#[86]">&gt;&gt;</a>&nbsp;&nbsp;&nbsp;hlp_uart_IntReceive
</UL>

<P><STRONG><a name="[7e]"></a>NMEA_GxGGA_RECEIVED</STRONG> (Thumb, 290 bytes, Stack size 40 bytes, hlp_gps.o(.text))
<BR><BR>[Stack]<UL><LI>Max Depth = 40<LI>Call Chain = NMEA_GxGGA_RECEIVED
</UL>
<BR>[Calls]<UL><LI><a href="#[7d]">&gt;&gt;</a>&nbsp;&nbsp;&nbsp;__aeabi_memcpy
</UL>
<BR>[Called By]<UL><LI><a href="#[80]">&gt;&gt;</a>&nbsp;&nbsp;&nbsp;GPSdataUpdate
</UL>

<P><STRONG><a name="[7f]"></a>NMEA_GxRMC_RECEIVED</STRONG> (Thumb, 152 bytes, Stack size 40 bytes, hlp_gps.o(.text))
<BR><BR>[Stack]<UL><LI>Max Depth = 40<LI>Call Chain = NMEA_GxRMC_RECEIVED
</UL>
<BR>[Calls]<UL><LI><a href="#[7d]">&gt;&gt;</a>&nbsp;&nbsp;&nbsp;__aeabi_memcpy
</UL>
<BR>[Called By]<UL><LI><a href="#[80]">&gt;&gt;</a>&nbsp;&nbsp;&nbsp;GPSdataUpdate
</UL>

<P><STRONG><a name="[80]"></a>GPSdataUpdate</STRONG> (Thumb, 494 bytes, Stack size 8 bytes, hlp_gps.o(.text))
<BR><BR>[Stack]<UL><LI>Max Depth = 48<LI>Call Chain = GPSdataUpdate &rArr; NMEA_GxRMC_RECEIVED
</UL>
<BR>[Calls]<UL><LI><a href="#[7f]">&gt;&gt;</a>&nbsp;&nbsp;&nbsp;NMEA_GxRMC_RECEIVED
<LI><a href="#[7e]">&gt;&gt;</a>&nbsp;&nbsp;&nbsp;NMEA_GxGGA_RECEIVED
</UL>
<BR>[Called By]<UL><LI><a href="#[67]">&gt;&gt;</a>&nbsp;&nbsp;&nbsp;main
</UL>

<P><STRONG><a name="[84]"></a>UART3_PutChar</STRONG> (Thumb, 220 bytes, Stack size 16 bytes, hlp_uart.o(.text))
<BR><BR>[Stack]<UL><LI>Max Depth = 68<LI>Call Chain = UART3_PutChar &rArr; hlp_uart_IntTransmit &rArr; UART_Send
</UL>
<BR>[Calls]<UL><LI><a href="#[82]">&gt;&gt;</a>&nbsp;&nbsp;&nbsp;UART_IntConfig
<LI><a href="#[85]">&gt;&gt;</a>&nbsp;&nbsp;&nbsp;UART_CheckBusy
<LI><a href="#[81]">&gt;&gt;</a>&nbsp;&nbsp;&nbsp;hlp_uart_IntTransmit
</UL>
<BR>[Called By]<UL><LI><a href="#[97]">&gt;&gt;</a>&nbsp;&nbsp;&nbsp;UART3_PutCharWait
<LI><a href="#[86]">&gt;&gt;</a>&nbsp;&nbsp;&nbsp;hlp_uart_IntReceive
</UL>

<P><STRONG><a name="[21]"></a>UART3_IRQHandler</STRONG> (Thumb, 62 bytes, Stack size 16 bytes, hlp_uart.o(.text))
<BR><BR>[Stack]<UL><LI>Max Depth = 200 + Unknown Stack Size
<LI>Call Chain = UART3_IRQHandler &rArr; hlp_uart_IntReceive &rArr; testing_loop &rArr; __2printf &rArr; _printf_char_file &rArr; _printf_char_common &rArr; __printf
</UL>
<BR>[Calls]<UL><LI><a href="#[8a]">&gt;&gt;</a>&nbsp;&nbsp;&nbsp;UART_GetLineStatus
<LI><a href="#[89]">&gt;&gt;</a>&nbsp;&nbsp;&nbsp;UART_GetIntId
<LI><a href="#[86]">&gt;&gt;</a>&nbsp;&nbsp;&nbsp;hlp_uart_IntReceive
<LI><a href="#[81]">&gt;&gt;</a>&nbsp;&nbsp;&nbsp;hlp_uart_IntTransmit
</UL>
<BR>[Address Reference Count : 2]<UL><LI> startup_lpc17xx.o(RESET)
<LI> hlp_uart.o(.text)
</UL>
<P><STRONG><a name="[1e]"></a>UART0_IRQHandler</STRONG> (Thumb, 62 bytes, Stack size 16 bytes, hlp_uart.o(.text))
<BR><BR>[Stack]<UL><LI>Max Depth = 200 + Unknown Stack Size
<LI>Call Chain = UART0_IRQHandler &rArr; hlp_uart_IntReceive &rArr; testing_loop &rArr; __2printf &rArr; _printf_char_file &rArr; _printf_char_common &rArr; __printf
</UL>
<BR>[Calls]<UL><LI><a href="#[8a]">&gt;&gt;</a>&nbsp;&nbsp;&nbsp;UART_GetLineStatus
<LI><a href="#[89]">&gt;&gt;</a>&nbsp;&nbsp;&nbsp;UART_GetIntId
<LI><a href="#[86]">&gt;&gt;</a>&nbsp;&nbsp;&nbsp;hlp_uart_IntReceive
<LI><a href="#[81]">&gt;&gt;</a>&nbsp;&nbsp;&nbsp;hlp_uart_IntTransmit
</UL>
<BR>[Address Reference Count : 2]<UL><LI> startup_lpc17xx.o(RESET)
<LI> hlp_uart.o(.text)
</UL>
<P><STRONG><a name="[8b]"></a>hlp_uart_init_port</STRONG> (Thumb, 390 bytes, Stack size 32 bytes, hlp_uart.o(.text))
<BR><BR>[Stack]<UL><LI>Max Depth = 128<LI>Call Chain = hlp_uart_init_port &rArr; UART_Init &rArr; uart_set_divisors &rArr; CLKPWR_GetPCLK
</UL>
<BR>[Calls]<UL><LI><a href="#[92]">&gt;&gt;</a>&nbsp;&nbsp;&nbsp;hlp_vic_set_preemp_subpri
<LI><a href="#[91]">&gt;&gt;</a>&nbsp;&nbsp;&nbsp;UART_TxCmd
<LI><a href="#[82]">&gt;&gt;</a>&nbsp;&nbsp;&nbsp;UART_IntConfig
<LI><a href="#[8e]">&gt;&gt;</a>&nbsp;&nbsp;&nbsp;UART_Init
<LI><a href="#[8f]">&gt;&gt;</a>&nbsp;&nbsp;&nbsp;UART_FIFOConfigStructInit
<LI><a href="#[90]">&gt;&gt;</a>&nbsp;&nbsp;&nbsp;UART_FIFOConfig
<LI><a href="#[8d]">&gt;&gt;</a>&nbsp;&nbsp;&nbsp;UART_ConfigStructInit
<LI><a href="#[8c]">&gt;&gt;</a>&nbsp;&nbsp;&nbsp;hlp_uart_get_struct
</UL>
<BR>[Called By]<UL><LI><a href="#[1b2]">&gt;&gt;</a>&nbsp;&nbsp;&nbsp;main_uart_init
</UL>

<P><STRONG><a name="[1c6]"></a>hlp_uart_init</STRONG> (Thumb, 104 bytes, Stack size 0 bytes, hlp_uart.o(.text))
<BR><BR>[Called By]<UL><LI><a href="#[1b2]">&gt;&gt;</a>&nbsp;&nbsp;&nbsp;main_uart_init
</UL>

<P><STRONG><a name="[93]"></a>UART0_PutChar</STRONG> (Thumb, 202 bytes, Stack size 16 bytes, hlp_uart.o(.text))
<BR><BR>[Stack]<UL><LI>Max Depth = 68<LI>Call Chain = UART0_PutChar &rArr; hlp_uart_IntTransmit &rArr; UART_Send
</UL>
<BR>[Calls]<UL><LI><a href="#[82]">&gt;&gt;</a>&nbsp;&nbsp;&nbsp;UART_IntConfig
<LI><a href="#[85]">&gt;&gt;</a>&nbsp;&nbsp;&nbsp;UART_CheckBusy
<LI><a href="#[81]">&gt;&gt;</a>&nbsp;&nbsp;&nbsp;hlp_uart_IntTransmit
</UL>
<BR>[Called By]<UL><LI><a href="#[9a]">&gt;&gt;</a>&nbsp;&nbsp;&nbsp;sendchar
<LI><a href="#[95]">&gt;&gt;</a>&nbsp;&nbsp;&nbsp;UART0_PutCharWait
</UL>

<P><STRONG><a name="[9c]"></a>UART0_GetChar</STRONG> (Thumb, 82 bytes, Stack size 0 bytes, hlp_uart.o(.text), UNUSED)
<BR><BR>[Called By]<UL><LI><a href="#[9b]">&gt;&gt;</a>&nbsp;&nbsp;&nbsp;getkey
</UL>

<P><STRONG><a name="[94]"></a>UART0_wait</STRONG> (Thumb, 28 bytes, Stack size 8 bytes, hlp_uart.o(.text), UNUSED)
<BR><BR>[Calls]<UL><LI><a href="#[81]">&gt;&gt;</a>&nbsp;&nbsp;&nbsp;hlp_uart_IntTransmit
</UL>
<BR>[Called By]<UL><LI><a href="#[95]">&gt;&gt;</a>&nbsp;&nbsp;&nbsp;UART0_PutCharWait
</UL>

<P><STRONG><a name="[95]"></a>UART0_PutCharWait</STRONG> (Thumb, 16 bytes, Stack size 8 bytes, hlp_uart.o(.text), UNUSED)
<BR><BR>[Calls]<UL><LI><a href="#[94]">&gt;&gt;</a>&nbsp;&nbsp;&nbsp;UART0_wait
<LI><a href="#[93]">&gt;&gt;</a>&nbsp;&nbsp;&nbsp;UART0_PutChar
</UL>

<P><STRONG><a name="[2ba]"></a>UART0_is_tx_empty</STRONG> (Thumb, 22 bytes, Stack size 0 bytes, hlp_uart.o(.text), UNUSED)

<P><STRONG><a name="[2bb]"></a>UART0_is_rx_empty</STRONG> (Thumb, 22 bytes, Stack size 0 bytes, hlp_uart.o(.text), UNUSED)

<P><STRONG><a name="[2bc]"></a>UART3_GetChar</STRONG> (Thumb, 82 bytes, Stack size 0 bytes, hlp_uart.o(.text), UNUSED)

<P><STRONG><a name="[96]"></a>UART3_wait</STRONG> (Thumb, 28 bytes, Stack size 8 bytes, hlp_uart.o(.text), UNUSED)
<BR><BR>[Calls]<UL><LI><a href="#[81]">&gt;&gt;</a>&nbsp;&nbsp;&nbsp;hlp_uart_IntTransmit
</UL>
<BR>[Called By]<UL><LI><a href="#[97]">&gt;&gt;</a>&nbsp;&nbsp;&nbsp;UART3_PutCharWait
</UL>

<P><STRONG><a name="[97]"></a>UART3_PutCharWait</STRONG> (Thumb, 16 bytes, Stack size 8 bytes, hlp_uart.o(.text), UNUSED)
<BR><BR>[Calls]<UL><LI><a href="#[96]">&gt;&gt;</a>&nbsp;&nbsp;&nbsp;UART3_wait
<LI><a href="#[84]">&gt;&gt;</a>&nbsp;&nbsp;&nbsp;UART3_PutChar
</UL>

<P><STRONG><a name="[2bd]"></a>UART3_is_tx_empty</STRONG> (Thumb, 22 bytes, Stack size 0 bytes, hlp_uart.o(.text), UNUSED)

<P><STRONG><a name="[2be]"></a>UART3_is_rx_empty</STRONG> (Thumb, 22 bytes, Stack size 0 bytes, hlp_uart.o(.text), UNUSED)

<P><STRONG><a name="[2bf]"></a>hlp_vic_init</STRONG> (Thumb, 2 bytes, Stack size 0 bytes, hlp_vic.o(.text), UNUSED)

<P><STRONG><a name="[92]"></a>hlp_vic_set_preemp_subpri</STRONG> (Thumb, 90 bytes, Stack size 20 bytes, hlp_vic.o(.text))
<BR><BR>[Stack]<UL><LI>Max Depth = 20<LI>Call Chain = hlp_vic_set_preemp_subpri
</UL>
<BR>[Called By]<UL><LI><a href="#[8b]">&gt;&gt;</a>&nbsp;&nbsp;&nbsp;hlp_uart_init_port
</UL>

<P><STRONG><a name="[2c0]"></a>hlp_vic_clr</STRONG> (Thumb, 38 bytes, Stack size 8 bytes, hlp_vic.o(.text), UNUSED)

<P><STRONG><a name="[98]"></a>hlp_vic_disable_all_irq</STRONG> (Thumb, 8 bytes, Stack size 8 bytes, hlp_vic.o(.text), UNUSED)
<BR><BR>[Calls]<UL><LI><a href="#[99]">&gt;&gt;</a>&nbsp;&nbsp;&nbsp;NVIC_DeInit
</UL>

<P><STRONG><a name="[9a]"></a>sendchar</STRONG> (Thumb, 24 bytes, Stack size 8 bytes, retarget.o(.text))
<BR><BR>[Stack]<UL><LI>Max Depth = 76<LI>Call Chain = sendchar &rArr; UART0_PutChar &rArr; hlp_uart_IntTransmit &rArr; UART_Send
</UL>
<BR>[Calls]<UL><LI><a href="#[93]">&gt;&gt;</a>&nbsp;&nbsp;&nbsp;UART0_PutChar
</UL>
<BR>[Called By]<UL><LI><a href="#[a0]">&gt;&gt;</a>&nbsp;&nbsp;&nbsp;_sys_write
<LI><a href="#[9d]">&gt;&gt;</a>&nbsp;&nbsp;&nbsp;_ttywrch
</UL>

<P><STRONG><a name="[9b]"></a>getkey</STRONG> (Thumb, 8 bytes, Stack size 8 bytes, retarget.o(.text), UNUSED)
<BR><BR>[Calls]<UL><LI><a href="#[9c]">&gt;&gt;</a>&nbsp;&nbsp;&nbsp;UART0_GetChar
</UL>
<BR>[Called By]<UL><LI><a href="#[a1]">&gt;&gt;</a>&nbsp;&nbsp;&nbsp;_sys_read
</UL>

<P><STRONG><a name="[9d]"></a>_ttywrch</STRONG> (Thumb, 12 bytes, Stack size 8 bytes, retarget.o(.text))
<BR><BR>[Stack]<UL><LI>Max Depth = 84<LI>Call Chain = _ttywrch &rArr; sendchar &rArr; UART0_PutChar &rArr; hlp_uart_IntTransmit &rArr; UART_Send
</UL>
<BR>[Calls]<UL><LI><a href="#[9a]">&gt;&gt;</a>&nbsp;&nbsp;&nbsp;sendchar
</UL>
<BR>[Called By]<UL><LI><a href="#[251]">&gt;&gt;</a>&nbsp;&nbsp;&nbsp;__default_signal_display
</UL>

<P><STRONG><a name="[9e]"></a>_sys_open</STRONG> (Thumb, 60 bytes, Stack size 16 bytes, retarget.o(.text))
<BR><BR>[Stack]<UL><LI>Max Depth = 16<LI>Call Chain = _sys_open
</UL>
<BR>[Calls]<UL><LI><a href="#[9f]">&gt;&gt;</a>&nbsp;&nbsp;&nbsp;strcmp
</UL>
<BR>[Called By]<UL><LI><a href="#[21c]">&gt;&gt;</a>&nbsp;&nbsp;&nbsp;freopen
</UL>

<P><STRONG><a name="[220]"></a>_sys_close</STRONG> (Thumb, 18 bytes, Stack size 0 bytes, retarget.o(.text))
<BR><BR>[Called By]<UL><LI><a href="#[21d]">&gt;&gt;</a>&nbsp;&nbsp;&nbsp;_fclose_internal
</UL>

<P><STRONG><a name="[a0]"></a>_sys_write</STRONG> (Thumb, 60 bytes, Stack size 24 bytes, retarget.o(.text))
<BR><BR>[Stack]<UL><LI>Max Depth = 100<LI>Call Chain = _sys_write &rArr; sendchar &rArr; UART0_PutChar &rArr; hlp_uart_IntTransmit &rArr; UART_Send
</UL>
<BR>[Calls]<UL><LI><a href="#[9a]">&gt;&gt;</a>&nbsp;&nbsp;&nbsp;sendchar
</UL>
<BR>[Called By]<UL><LI><a href="#[237]">&gt;&gt;</a>&nbsp;&nbsp;&nbsp;_writebuf
</UL>

<P><STRONG><a name="[a1]"></a>_sys_read</STRONG> (Thumb, 60 bytes, Stack size 24 bytes, retarget.o(.text), UNUSED)
<BR><BR>[Calls]<UL><LI><a href="#[9b]">&gt;&gt;</a>&nbsp;&nbsp;&nbsp;getkey
</UL>
<BR>[Called By]<UL><LI><a href="#[23c]">&gt;&gt;</a>&nbsp;&nbsp;&nbsp;_readbuf
</UL>

<P><STRONG><a name="[217]"></a>_sys_istty</STRONG> (Thumb, 16 bytes, Stack size 0 bytes, retarget.o(.text))
<BR><BR>[Called By]<UL><LI><a href="#[216]">&gt;&gt;</a>&nbsp;&nbsp;&nbsp;_fseek
<LI><a href="#[240]">&gt;&gt;</a>&nbsp;&nbsp;&nbsp;__flsbuf
</UL>

<P><STRONG><a name="[238]"></a>_sys_seek</STRONG> (Thumb, 20 bytes, Stack size 0 bytes, retarget.o(.text))
<BR><BR>[Called By]<UL><LI><a href="#[237]">&gt;&gt;</a>&nbsp;&nbsp;&nbsp;_writebuf
<LI><a href="#[23d]">&gt;&gt;</a>&nbsp;&nbsp;&nbsp;__filbuf
</UL>

<P><STRONG><a name="[2c1]"></a>_sys_ensure</STRONG> (Thumb, 20 bytes, Stack size 0 bytes, retarget.o(.text), UNUSED)

<P><STRONG><a name="[219]"></a>_sys_flen</STRONG> (Thumb, 18 bytes, Stack size 0 bytes, retarget.o(.text))
<BR><BR>[Called By]<UL><LI><a href="#[216]">&gt;&gt;</a>&nbsp;&nbsp;&nbsp;_fseek
<LI><a href="#[240]">&gt;&gt;</a>&nbsp;&nbsp;&nbsp;__flsbuf
</UL>

<P><STRONG><a name="[2c2]"></a>_sys_tmpnam</STRONG> (Thumb, 6 bytes, Stack size 0 bytes, retarget.o(.text), UNUSED)

<P><STRONG><a name="[2c3]"></a>_sys_command_string</STRONG> (Thumb, 2 bytes, Stack size 0 bytes, retarget.o(.text), UNUSED)

<P><STRONG><a name="[6c]"></a>_sys_exit</STRONG> (Thumb, 4 bytes, Stack size 0 bytes, retarget.o(.text))
<BR><BR>[Called By]<UL><LI><a href="#[6b]">&gt;&gt;</a>&nbsp;&nbsp;&nbsp;__rt_exit_exit
<LI><a href="#[244]">&gt;&gt;</a>&nbsp;&nbsp;&nbsp;__sig_exit
</UL>

<P><STRONG><a name="[a2]"></a>checkMagnetometer</STRONG> (Thumb, 124 bytes, Stack size 16 bytes, iis2mdc_reg.o(.text))
<BR><BR>[Stack]<UL><LI>Max Depth = 152 + Unknown Stack Size
<LI>Call Chain = checkMagnetometer &rArr; __2printf &rArr; _printf_char_file &rArr; _printf_char_common &rArr; __printf
</UL>
<BR>[Calls]<UL><LI><a href="#[a4]">&gt;&gt;</a>&nbsp;&nbsp;&nbsp;returnSensorError
<LI><a href="#[a3]">&gt;&gt;</a>&nbsp;&nbsp;&nbsp;I2CEngine
<LI><a href="#[7a]">&gt;&gt;</a>&nbsp;&nbsp;&nbsp;__2printf
</UL>
<BR>[Called By]<UL><LI><a href="#[67]">&gt;&gt;</a>&nbsp;&nbsp;&nbsp;main
</UL>

<P><STRONG><a name="[a5]"></a>start_magneto</STRONG> (Thumb, 64 bytes, Stack size 8 bytes, iis2mdc_reg.o(.text))
<BR><BR>[Stack]<UL><LI>Max Depth = 28<LI>Call Chain = start_magneto &rArr; I2C_Write_One_Byte
</UL>
<BR>[Calls]<UL><LI><a href="#[a6]">&gt;&gt;</a>&nbsp;&nbsp;&nbsp;I2C_Write_One_Byte
</UL>
<BR>[Called By]<UL><LI><a href="#[67]">&gt;&gt;</a>&nbsp;&nbsp;&nbsp;main
</UL>

<P><STRONG><a name="[a7]"></a>magneto_low_power_mode</STRONG> (Thumb, 46 bytes, Stack size 8 bytes, iis2mdc_reg.o(.text))
<BR><BR>[Stack]<UL><LI>Max Depth = 144 + Unknown Stack Size
<LI>Call Chain = magneto_low_power_mode &rArr; __2printf &rArr; _printf_char_file &rArr; _printf_char_common &rArr; __printf
</UL>
<BR>[Calls]<UL><LI><a href="#[a6]">&gt;&gt;</a>&nbsp;&nbsp;&nbsp;I2C_Write_One_Byte
<LI><a href="#[7a]">&gt;&gt;</a>&nbsp;&nbsp;&nbsp;__2printf
</UL>
<BR>[Called By]<UL><LI><a href="#[1d1]">&gt;&gt;</a>&nbsp;&nbsp;&nbsp;powerDown
</UL>

<P><STRONG><a name="[a9]"></a>filterMagData</STRONG> (Thumb, 324 bytes, Stack size 24 bytes, iis2mdc_reg.o(.text))
<BR><BR>[Stack]<UL><LI>Max Depth = 24<LI>Call Chain = filterMagData
</UL>
<BR>[Called By]<UL><LI><a href="#[a8]">&gt;&gt;</a>&nbsp;&nbsp;&nbsp;recordToMagBuffer
</UL>

<P><STRONG><a name="[a8]"></a>recordToMagBuffer</STRONG> (Thumb, 76 bytes, Stack size 20 bytes, iis2mdc_reg.o(.text))
<BR><BR>[Stack]<UL><LI>Max Depth = 44<LI>Call Chain = recordToMagBuffer &rArr; filterMagData
</UL>
<BR>[Calls]<UL><LI><a href="#[a9]">&gt;&gt;</a>&nbsp;&nbsp;&nbsp;filterMagData
</UL>
<BR>[Called By]<UL><LI><a href="#[aa]">&gt;&gt;</a>&nbsp;&nbsp;&nbsp;read_magneto
</UL>

<P><STRONG><a name="[aa]"></a>read_magneto</STRONG> (Thumb, 148 bytes, Stack size 16 bytes, iis2mdc_reg.o(.text))
<BR><BR>[Stack]<UL><LI>Max Depth = 60<LI>Call Chain = read_magneto &rArr; recordToMagBuffer &rArr; filterMagData
</UL>
<BR>[Calls]<UL><LI><a href="#[a3]">&gt;&gt;</a>&nbsp;&nbsp;&nbsp;I2CEngine
<LI><a href="#[a8]">&gt;&gt;</a>&nbsp;&nbsp;&nbsp;recordToMagBuffer
</UL>
<BR>[Called By]<UL><LI><a href="#[67]">&gt;&gt;</a>&nbsp;&nbsp;&nbsp;main
</UL>

<P><STRONG><a name="[ab]"></a>iis2mdc_from_lsb_to_mgauss</STRONG> (Thumb, 22 bytes, Stack size 16 bytes, iis2mdc_reg.o(.text), UNUSED)
<BR><BR>[Calls]<UL><LI><a href="#[ad]">&gt;&gt;</a>&nbsp;&nbsp;&nbsp;__aeabi_fmul
<LI><a href="#[ac]">&gt;&gt;</a>&nbsp;&nbsp;&nbsp;__aeabi_i2f
</UL>

<P><STRONG><a name="[ae]"></a>iis2mdc_from_lsb_to_celsius</STRONG> (Thumb, 30 bytes, Stack size 16 bytes, iis2mdc_reg.o(.text), UNUSED)
<BR><BR>[Calls]<UL><LI><a href="#[ac]">&gt;&gt;</a>&nbsp;&nbsp;&nbsp;__aeabi_i2f
<LI><a href="#[af]">&gt;&gt;</a>&nbsp;&nbsp;&nbsp;__aeabi_fdiv
<LI><a href="#[b0]">&gt;&gt;</a>&nbsp;&nbsp;&nbsp;__aeabi_fadd
</UL>

<P><STRONG><a name="[23]"></a>I2C0_IRQHandler</STRONG> (Thumb, 412 bytes, Stack size 8 bytes, i2c.o(.text))
<BR><BR>[Stack]<UL><LI>Max Depth = 8<LI>Call Chain = I2C0_IRQHandler
</UL>
<BR>[Address Reference Count : 1]<UL><LI> startup_lpc17xx.o(RESET)
</UL>
<P><STRONG><a name="[24]"></a>I2C1_IRQHandler</STRONG> (Thumb, 424 bytes, Stack size 8 bytes, i2c.o(.text))
<BR><BR>[Stack]<UL><LI>Max Depth = 8<LI>Call Chain = I2C1_IRQHandler
</UL>
<BR>[Address Reference Count : 1]<UL><LI> startup_lpc17xx.o(RESET)
</UL>
<P><STRONG><a name="[25]"></a>I2C2_IRQHandler</STRONG> (Thumb, 478 bytes, Stack size 8 bytes, i2c.o(.text))
<BR><BR>[Stack]<UL><LI>Max Depth = 8<LI>Call Chain = I2C2_IRQHandler
</UL>
<BR>[Address Reference Count : 1]<UL><LI> startup_lpc17xx.o(RESET)
</UL>
<P><STRONG><a name="[2c4]"></a>I2CStart</STRONG> (Thumb, 76 bytes, Stack size 0 bytes, i2c.o(.text), UNUSED)

<P><STRONG><a name="[2c5]"></a>I2CStop</STRONG> (Thumb, 44 bytes, Stack size 0 bytes, i2c.o(.text), UNUSED)

<P><STRONG><a name="[b1]"></a>I2C0Init</STRONG> (Thumb, 140 bytes, Stack size 8 bytes, i2c.o(.text))
<BR><BR>[Stack]<UL><LI>Max Depth = 8<LI>Call Chain = I2C0Init
</UL>
<BR>[Calls]<UL><LI><a href="#[b2]">&gt;&gt;</a>&nbsp;&nbsp;&nbsp;NVIC_EnableIRQ
</UL>
<BR>[Called By]<UL><LI><a href="#[67]">&gt;&gt;</a>&nbsp;&nbsp;&nbsp;main
</UL>

<P><STRONG><a name="[b3]"></a>I2C1Init</STRONG> (Thumb, 96 bytes, Stack size 8 bytes, i2c.o(.text), UNUSED)
<BR><BR>[Calls]<UL><LI><a href="#[b2]">&gt;&gt;</a>&nbsp;&nbsp;&nbsp;NVIC_EnableIRQ
</UL>

<P><STRONG><a name="[b4]"></a>I2C2Init</STRONG> (Thumb, 96 bytes, Stack size 8 bytes, i2c.o(.text), UNUSED)
<BR><BR>[Calls]<UL><LI><a href="#[b2]">&gt;&gt;</a>&nbsp;&nbsp;&nbsp;NVIC_EnableIRQ
</UL>

<P><STRONG><a name="[a3]"></a>I2CEngine</STRONG> (Thumb, 90 bytes, Stack size 0 bytes, i2c.o(.text))
<BR><BR>[Called By]<UL><LI><a href="#[c1]">&gt;&gt;</a>&nbsp;&nbsp;&nbsp;read_acc
<LI><a href="#[bc]">&gt;&gt;</a>&nbsp;&nbsp;&nbsp;checkAccelerometer
<LI><a href="#[bb]">&gt;&gt;</a>&nbsp;&nbsp;&nbsp;read_gyro
<LI><a href="#[b6]">&gt;&gt;</a>&nbsp;&nbsp;&nbsp;checkGyro
<LI><a href="#[b5]">&gt;&gt;</a>&nbsp;&nbsp;&nbsp;I2C_Read_One_Byte
<LI><a href="#[a6]">&gt;&gt;</a>&nbsp;&nbsp;&nbsp;I2C_Write_One_Byte
<LI><a href="#[aa]">&gt;&gt;</a>&nbsp;&nbsp;&nbsp;read_magneto
<LI><a href="#[a2]">&gt;&gt;</a>&nbsp;&nbsp;&nbsp;checkMagnetometer
<LI><a href="#[1b7]">&gt;&gt;</a>&nbsp;&nbsp;&nbsp;checkEEPROM
</UL>

<P><STRONG><a name="[a6]"></a>I2C_Write_One_Byte</STRONG> (Thumb, 66 bytes, Stack size 20 bytes, i2c.o(.text))
<BR><BR>[Stack]<UL><LI>Max Depth = 20<LI>Call Chain = I2C_Write_One_Byte
</UL>
<BR>[Calls]<UL><LI><a href="#[a3]">&gt;&gt;</a>&nbsp;&nbsp;&nbsp;I2CEngine
</UL>
<BR>[Called By]<UL><LI><a href="#[be]">&gt;&gt;</a>&nbsp;&nbsp;&nbsp;acc_low_power_mode
<LI><a href="#[bd]">&gt;&gt;</a>&nbsp;&nbsp;&nbsp;start_acc
<LI><a href="#[b8]">&gt;&gt;</a>&nbsp;&nbsp;&nbsp;gyro_low_power_mode
<LI><a href="#[b7]">&gt;&gt;</a>&nbsp;&nbsp;&nbsp;start_gyro
<LI><a href="#[a7]">&gt;&gt;</a>&nbsp;&nbsp;&nbsp;magneto_low_power_mode
<LI><a href="#[a5]">&gt;&gt;</a>&nbsp;&nbsp;&nbsp;start_magneto
</UL>

<P><STRONG><a name="[b5]"></a>I2C_Read_One_Byte</STRONG> (Thumb, 72 bytes, Stack size 16 bytes, i2c.o(.text))
<BR><BR>[Stack]<UL><LI>Max Depth = 16<LI>Call Chain = I2C_Read_One_Byte
</UL>
<BR>[Calls]<UL><LI><a href="#[a3]">&gt;&gt;</a>&nbsp;&nbsp;&nbsp;I2CEngine
</UL>
<BR>[Called By]<UL><LI><a href="#[c3]">&gt;&gt;</a>&nbsp;&nbsp;&nbsp;portraitLandscapeHandler
<LI><a href="#[c2]">&gt;&gt;</a>&nbsp;&nbsp;&nbsp;tapHandler
<LI><a href="#[b8]">&gt;&gt;</a>&nbsp;&nbsp;&nbsp;gyro_low_power_mode
<LI><a href="#[b7]">&gt;&gt;</a>&nbsp;&nbsp;&nbsp;start_gyro
</UL>

<P><STRONG><a name="[a4]"></a>returnSensorError</STRONG> (Thumb, 262 bytes, Stack size 0 bytes, i2c.o(.text))
<BR><BR>[Called By]<UL><LI><a href="#[bc]">&gt;&gt;</a>&nbsp;&nbsp;&nbsp;checkAccelerometer
<LI><a href="#[b6]">&gt;&gt;</a>&nbsp;&nbsp;&nbsp;checkGyro
<LI><a href="#[a2]">&gt;&gt;</a>&nbsp;&nbsp;&nbsp;checkMagnetometer
</UL>

<P><STRONG><a name="[b6]"></a>checkGyro</STRONG> (Thumb, 126 bytes, Stack size 16 bytes, fxas21002.o(.text))
<BR><BR>[Stack]<UL><LI>Max Depth = 152 + Unknown Stack Size
<LI>Call Chain = checkGyro &rArr; __2printf &rArr; _printf_char_file &rArr; _printf_char_common &rArr; __printf
</UL>
<BR>[Calls]<UL><LI><a href="#[a4]">&gt;&gt;</a>&nbsp;&nbsp;&nbsp;returnSensorError
<LI><a href="#[a3]">&gt;&gt;</a>&nbsp;&nbsp;&nbsp;I2CEngine
<LI><a href="#[7a]">&gt;&gt;</a>&nbsp;&nbsp;&nbsp;__2printf
</UL>
<BR>[Called By]<UL><LI><a href="#[67]">&gt;&gt;</a>&nbsp;&nbsp;&nbsp;main
</UL>

<P><STRONG><a name="[b7]"></a>start_gyro</STRONG> (Thumb, 90 bytes, Stack size 16 bytes, fxas21002.o(.text))
<BR><BR>[Stack]<UL><LI>Max Depth = 36<LI>Call Chain = start_gyro &rArr; I2C_Write_One_Byte
</UL>
<BR>[Calls]<UL><LI><a href="#[b5]">&gt;&gt;</a>&nbsp;&nbsp;&nbsp;I2C_Read_One_Byte
<LI><a href="#[a6]">&gt;&gt;</a>&nbsp;&nbsp;&nbsp;I2C_Write_One_Byte
</UL>
<BR>[Called By]<UL><LI><a href="#[67]">&gt;&gt;</a>&nbsp;&nbsp;&nbsp;main
</UL>

<P><STRONG><a name="[b8]"></a>gyro_low_power_mode</STRONG> (Thumb, 72 bytes, Stack size 16 bytes, fxas21002.o(.text))
<BR><BR>[Stack]<UL><LI>Max Depth = 152 + Unknown Stack Size
<LI>Call Chain = gyro_low_power_mode &rArr; __2printf &rArr; _printf_char_file &rArr; _printf_char_common &rArr; __printf
</UL>
<BR>[Calls]<UL><LI><a href="#[b5]">&gt;&gt;</a>&nbsp;&nbsp;&nbsp;I2C_Read_One_Byte
<LI><a href="#[a6]">&gt;&gt;</a>&nbsp;&nbsp;&nbsp;I2C_Write_One_Byte
<LI><a href="#[7a]">&gt;&gt;</a>&nbsp;&nbsp;&nbsp;__2printf
</UL>
<BR>[Called By]<UL><LI><a href="#[1d1]">&gt;&gt;</a>&nbsp;&nbsp;&nbsp;powerDown
</UL>

<P><STRONG><a name="[ba]"></a>filterGyroData</STRONG> (Thumb, 324 bytes, Stack size 24 bytes, fxas21002.o(.text))
<BR><BR>[Stack]<UL><LI>Max Depth = 24<LI>Call Chain = filterGyroData
</UL>
<BR>[Called By]<UL><LI><a href="#[b9]">&gt;&gt;</a>&nbsp;&nbsp;&nbsp;recordToGyroBuffer
</UL>

<P><STRONG><a name="[b9]"></a>recordToGyroBuffer</STRONG> (Thumb, 76 bytes, Stack size 20 bytes, fxas21002.o(.text))
<BR><BR>[Stack]<UL><LI>Max Depth = 44<LI>Call Chain = recordToGyroBuffer &rArr; filterGyroData
</UL>
<BR>[Calls]<UL><LI><a href="#[ba]">&gt;&gt;</a>&nbsp;&nbsp;&nbsp;filterGyroData
</UL>
<BR>[Called By]<UL><LI><a href="#[bb]">&gt;&gt;</a>&nbsp;&nbsp;&nbsp;read_gyro
</UL>

<P><STRONG><a name="[bb]"></a>read_gyro</STRONG> (Thumb, 120 bytes, Stack size 16 bytes, fxas21002.o(.text))
<BR><BR>[Stack]<UL><LI>Max Depth = 60<LI>Call Chain = read_gyro &rArr; recordToGyroBuffer &rArr; filterGyroData
</UL>
<BR>[Calls]<UL><LI><a href="#[b9]">&gt;&gt;</a>&nbsp;&nbsp;&nbsp;recordToGyroBuffer
<LI><a href="#[a3]">&gt;&gt;</a>&nbsp;&nbsp;&nbsp;I2CEngine
</UL>
<BR>[Called By]<UL><LI><a href="#[67]">&gt;&gt;</a>&nbsp;&nbsp;&nbsp;main
</UL>

<P><STRONG><a name="[bc]"></a>checkAccelerometer</STRONG> (Thumb, 124 bytes, Stack size 16 bytes, mma8452q.o(.text))
<BR><BR>[Stack]<UL><LI>Max Depth = 152 + Unknown Stack Size
<LI>Call Chain = checkAccelerometer &rArr; __2printf &rArr; _printf_char_file &rArr; _printf_char_common &rArr; __printf
</UL>
<BR>[Calls]<UL><LI><a href="#[a4]">&gt;&gt;</a>&nbsp;&nbsp;&nbsp;returnSensorError
<LI><a href="#[a3]">&gt;&gt;</a>&nbsp;&nbsp;&nbsp;I2CEngine
<LI><a href="#[7a]">&gt;&gt;</a>&nbsp;&nbsp;&nbsp;__2printf
</UL>
<BR>[Called By]<UL><LI><a href="#[67]">&gt;&gt;</a>&nbsp;&nbsp;&nbsp;main
</UL>

<P><STRONG><a name="[bd]"></a>start_acc</STRONG> (Thumb, 76 bytes, Stack size 8 bytes, mma8452q.o(.text))
<BR><BR>[Stack]<UL><LI>Max Depth = 28<LI>Call Chain = start_acc &rArr; I2C_Write_One_Byte
</UL>
<BR>[Calls]<UL><LI><a href="#[a6]">&gt;&gt;</a>&nbsp;&nbsp;&nbsp;I2C_Write_One_Byte
</UL>
<BR>[Called By]<UL><LI><a href="#[67]">&gt;&gt;</a>&nbsp;&nbsp;&nbsp;main
</UL>

<P><STRONG><a name="[be]"></a>acc_low_power_mode</STRONG> (Thumb, 46 bytes, Stack size 8 bytes, mma8452q.o(.text))
<BR><BR>[Stack]<UL><LI>Max Depth = 144 + Unknown Stack Size
<LI>Call Chain = acc_low_power_mode &rArr; __2printf &rArr; _printf_char_file &rArr; _printf_char_common &rArr; __printf
</UL>
<BR>[Calls]<UL><LI><a href="#[a6]">&gt;&gt;</a>&nbsp;&nbsp;&nbsp;I2C_Write_One_Byte
<LI><a href="#[7a]">&gt;&gt;</a>&nbsp;&nbsp;&nbsp;__2printf
</UL>
<BR>[Called By]<UL><LI><a href="#[1d1]">&gt;&gt;</a>&nbsp;&nbsp;&nbsp;powerDown
</UL>

<P><STRONG><a name="[c0]"></a>filterAccData</STRONG> (Thumb, 324 bytes, Stack size 24 bytes, mma8452q.o(.text))
<BR><BR>[Stack]<UL><LI>Max Depth = 24<LI>Call Chain = filterAccData
</UL>
<BR>[Called By]<UL><LI><a href="#[bf]">&gt;&gt;</a>&nbsp;&nbsp;&nbsp;recordToAccBuffer
</UL>

<P><STRONG><a name="[bf]"></a>recordToAccBuffer</STRONG> (Thumb, 76 bytes, Stack size 20 bytes, mma8452q.o(.text))
<BR><BR>[Stack]<UL><LI>Max Depth = 44<LI>Call Chain = recordToAccBuffer &rArr; filterAccData
</UL>
<BR>[Calls]<UL><LI><a href="#[c0]">&gt;&gt;</a>&nbsp;&nbsp;&nbsp;filterAccData
</UL>
<BR>[Called By]<UL><LI><a href="#[c1]">&gt;&gt;</a>&nbsp;&nbsp;&nbsp;read_acc
</UL>

<P><STRONG><a name="[c1]"></a>read_acc</STRONG> (Thumb, 742 bytes, Stack size 40 bytes, mma8452q.o(.text))
<BR><BR>[Stack]<UL><LI>Max Depth = 84<LI>Call Chain = read_acc &rArr; recordToAccBuffer &rArr; filterAccData
</UL>
<BR>[Calls]<UL><LI><a href="#[bf]">&gt;&gt;</a>&nbsp;&nbsp;&nbsp;recordToAccBuffer
<LI><a href="#[a3]">&gt;&gt;</a>&nbsp;&nbsp;&nbsp;I2CEngine
</UL>
<BR>[Called By]<UL><LI><a href="#[67]">&gt;&gt;</a>&nbsp;&nbsp;&nbsp;main
</UL>

<P><STRONG><a name="[c2]"></a>tapHandler</STRONG> (Thumb, 204 bytes, Stack size 8 bytes, mma8452q.o(.text), UNUSED)
<BR><BR>[Calls]<UL><LI><a href="#[b5]">&gt;&gt;</a>&nbsp;&nbsp;&nbsp;I2C_Read_One_Byte
<LI><a href="#[7a]">&gt;&gt;</a>&nbsp;&nbsp;&nbsp;__2printf
</UL>

<P><STRONG><a name="[c3]"></a>portraitLandscapeHandler</STRONG> (Thumb, 112 bytes, Stack size 8 bytes, mma8452q.o(.text), UNUSED)
<BR><BR>[Calls]<UL><LI><a href="#[b5]">&gt;&gt;</a>&nbsp;&nbsp;&nbsp;I2C_Read_One_Byte
<LI><a href="#[7a]">&gt;&gt;</a>&nbsp;&nbsp;&nbsp;__2printf
</UL>

<P><STRONG><a name="[c4]"></a>SD_sendCommand</STRONG> (Thumb, 196 bytes, Stack size 24 bytes, sdcard.o(.text))
<BR><BR>[Stack]<UL><LI>Max Depth = 36<LI>Call Chain = SD_sendCommand &rArr; GPIO_PinWrite
</UL>
<BR>[Calls]<UL><LI><a href="#[c6]">&gt;&gt;</a>&nbsp;&nbsp;&nbsp;SPI_Write
<LI><a href="#[c7]">&gt;&gt;</a>&nbsp;&nbsp;&nbsp;SPI_Read
<LI><a href="#[c5]">&gt;&gt;</a>&nbsp;&nbsp;&nbsp;GPIO_PinWrite
</UL>
<BR>[Called By]<UL><LI><a href="#[ce]">&gt;&gt;</a>&nbsp;&nbsp;&nbsp;SD_writeSingleBlock
<LI><a href="#[cd]">&gt;&gt;</a>&nbsp;&nbsp;&nbsp;SD_readSingleBlock
<LI><a href="#[cc]">&gt;&gt;</a>&nbsp;&nbsp;&nbsp;SD_erase
<LI><a href="#[c8]">&gt;&gt;</a>&nbsp;&nbsp;&nbsp;init_SdCard
</UL>

<P><STRONG><a name="[c8]"></a>init_SdCard</STRONG> (Thumb, 238 bytes, Stack size 24 bytes, sdcard.o(.text))
<BR><BR>[Stack]<UL><LI>Max Depth = 60<LI>Call Chain = init_SdCard &rArr; SD_sendCommand &rArr; GPIO_PinWrite
</UL>
<BR>[Calls]<UL><LI><a href="#[c6]">&gt;&gt;</a>&nbsp;&nbsp;&nbsp;SPI_Write
<LI><a href="#[c4]">&gt;&gt;</a>&nbsp;&nbsp;&nbsp;SD_sendCommand
<LI><a href="#[c5]">&gt;&gt;</a>&nbsp;&nbsp;&nbsp;GPIO_PinWrite
</UL>
<BR>[Called By]<UL><LI><a href="#[c9]">&gt;&gt;</a>&nbsp;&nbsp;&nbsp;SD_Init
</UL>

<P><STRONG><a name="[c9]"></a>SD_Init</STRONG> (Thumb, 52 bytes, Stack size 24 bytes, sdcard.o(.text))
<BR><BR>[Stack]<UL><LI>Max Depth = 148<LI>Call Chain = SD_Init &rArr; getBootSectorData &rArr; getSetFreeCluster &rArr; SD_writeSingleBlock &rArr; SD_sendCommand &rArr; GPIO_PinWrite
</UL>
<BR>[Calls]<UL><LI><a href="#[cb]">&gt;&gt;</a>&nbsp;&nbsp;&nbsp;getBootSectorData
<LI><a href="#[ca]">&gt;&gt;</a>&nbsp;&nbsp;&nbsp;SPI_Init
<LI><a href="#[c8]">&gt;&gt;</a>&nbsp;&nbsp;&nbsp;init_SdCard
</UL>
<BR>[Called By]<UL><LI><a href="#[1b8]">&gt;&gt;</a>&nbsp;&nbsp;&nbsp;initSDcard
<LI><a href="#[1c3]">&gt;&gt;</a>&nbsp;&nbsp;&nbsp;checkSDcard
</UL>

<P><STRONG><a name="[cc]"></a>SD_erase</STRONG> (Thumb, 60 bytes, Stack size 16 bytes, sdcard.o(.text), UNUSED)
<BR><BR>[Calls]<UL><LI><a href="#[c4]">&gt;&gt;</a>&nbsp;&nbsp;&nbsp;SD_sendCommand
</UL>

<P><STRONG><a name="[cd]"></a>SD_readSingleBlock</STRONG> (Thumb, 124 bytes, Stack size 24 bytes, sdcard.o(.text))
<BR><BR>[Stack]<UL><LI>Max Depth = 60<LI>Call Chain = SD_readSingleBlock &rArr; SD_sendCommand &rArr; GPIO_PinWrite
</UL>
<BR>[Calls]<UL><LI><a href="#[c7]">&gt;&gt;</a>&nbsp;&nbsp;&nbsp;SPI_Read
<LI><a href="#[c4]">&gt;&gt;</a>&nbsp;&nbsp;&nbsp;SD_sendCommand
<LI><a href="#[c5]">&gt;&gt;</a>&nbsp;&nbsp;&nbsp;GPIO_PinWrite
</UL>
<BR>[Called By]<UL><LI><a href="#[e1]">&gt;&gt;</a>&nbsp;&nbsp;&nbsp;FILE_GetMemoryStatics
<LI><a href="#[e0]">&gt;&gt;</a>&nbsp;&nbsp;&nbsp;FILE_GetList
<LI><a href="#[dd]">&gt;&gt;</a>&nbsp;&nbsp;&nbsp;FILE_PutCh
<LI><a href="#[dc]">&gt;&gt;</a>&nbsp;&nbsp;&nbsp;FILE_GetCh
<LI><a href="#[da]">&gt;&gt;</a>&nbsp;&nbsp;&nbsp;deletefile
<LI><a href="#[d7]">&gt;&gt;</a>&nbsp;&nbsp;&nbsp;FILE_Open
<LI><a href="#[d4]">&gt;&gt;</a>&nbsp;&nbsp;&nbsp;openFile
<LI><a href="#[d3]">&gt;&gt;</a>&nbsp;&nbsp;&nbsp;getSetFreeCluster
<LI><a href="#[d2]">&gt;&gt;</a>&nbsp;&nbsp;&nbsp;searchNextFreeCluster
<LI><a href="#[d1]">&gt;&gt;</a>&nbsp;&nbsp;&nbsp;getSetNextCluster
<LI><a href="#[cb]">&gt;&gt;</a>&nbsp;&nbsp;&nbsp;getBootSectorData
</UL>

<P><STRONG><a name="[ce]"></a>SD_writeSingleBlock</STRONG> (Thumb, 206 bytes, Stack size 24 bytes, sdcard.o(.text))
<BR><BR>[Stack]<UL><LI>Max Depth = 60<LI>Call Chain = SD_writeSingleBlock &rArr; SD_sendCommand &rArr; GPIO_PinWrite
</UL>
<BR>[Calls]<UL><LI><a href="#[c6]">&gt;&gt;</a>&nbsp;&nbsp;&nbsp;SPI_Write
<LI><a href="#[c7]">&gt;&gt;</a>&nbsp;&nbsp;&nbsp;SPI_Read
<LI><a href="#[c4]">&gt;&gt;</a>&nbsp;&nbsp;&nbsp;SD_sendCommand
<LI><a href="#[c5]">&gt;&gt;</a>&nbsp;&nbsp;&nbsp;GPIO_PinWrite
</UL>
<BR>[Called By]<UL><LI><a href="#[dd]">&gt;&gt;</a>&nbsp;&nbsp;&nbsp;FILE_PutCh
<LI><a href="#[da]">&gt;&gt;</a>&nbsp;&nbsp;&nbsp;deletefile
<LI><a href="#[d3]">&gt;&gt;</a>&nbsp;&nbsp;&nbsp;getSetFreeCluster
<LI><a href="#[d1]">&gt;&gt;</a>&nbsp;&nbsp;&nbsp;getSetNextCluster
</UL>

<P><STRONG><a name="[ca]"></a>SPI_Init</STRONG> (Thumb, 124 bytes, Stack size 8 bytes, spi.o(.text))
<BR><BR>[Stack]<UL><LI>Max Depth = 20<LI>Call Chain = SPI_Init &rArr; GPIO_PinWrite
</UL>
<BR>[Calls]<UL><LI><a href="#[d0]">&gt;&gt;</a>&nbsp;&nbsp;&nbsp;spi_GetPclk
<LI><a href="#[c5]">&gt;&gt;</a>&nbsp;&nbsp;&nbsp;GPIO_PinWrite
<LI><a href="#[cf]">&gt;&gt;</a>&nbsp;&nbsp;&nbsp;GPIO_PinDirection
<LI><a href="#[74]">&gt;&gt;</a>&nbsp;&nbsp;&nbsp;GPIO_PinFunction
</UL>
<BR>[Called By]<UL><LI><a href="#[c9]">&gt;&gt;</a>&nbsp;&nbsp;&nbsp;SD_Init
</UL>

<P><STRONG><a name="[c6]"></a>SPI_Write</STRONG> (Thumb, 34 bytes, Stack size 0 bytes, spi.o(.text))
<BR><BR>[Called By]<UL><LI><a href="#[ce]">&gt;&gt;</a>&nbsp;&nbsp;&nbsp;SD_writeSingleBlock
<LI><a href="#[c8]">&gt;&gt;</a>&nbsp;&nbsp;&nbsp;init_SdCard
<LI><a href="#[c4]">&gt;&gt;</a>&nbsp;&nbsp;&nbsp;SD_sendCommand
</UL>

<P><STRONG><a name="[c7]"></a>SPI_Read</STRONG> (Thumb, 36 bytes, Stack size 0 bytes, spi.o(.text))
<BR><BR>[Called By]<UL><LI><a href="#[ce]">&gt;&gt;</a>&nbsp;&nbsp;&nbsp;SD_writeSingleBlock
<LI><a href="#[cd]">&gt;&gt;</a>&nbsp;&nbsp;&nbsp;SD_readSingleBlock
<LI><a href="#[c4]">&gt;&gt;</a>&nbsp;&nbsp;&nbsp;SD_sendCommand
</UL>

<P><STRONG><a name="[d6]"></a>getFirstSector</STRONG> (Thumb, 18 bytes, Stack size 0 bytes, fat32.o(.text))
<BR><BR>[Called By]<UL><LI><a href="#[e0]">&gt;&gt;</a>&nbsp;&nbsp;&nbsp;FILE_GetList
<LI><a href="#[dd]">&gt;&gt;</a>&nbsp;&nbsp;&nbsp;FILE_PutCh
<LI><a href="#[dc]">&gt;&gt;</a>&nbsp;&nbsp;&nbsp;FILE_GetCh
<LI><a href="#[da]">&gt;&gt;</a>&nbsp;&nbsp;&nbsp;deletefile
<LI><a href="#[d7]">&gt;&gt;</a>&nbsp;&nbsp;&nbsp;FILE_Open
<LI><a href="#[d4]">&gt;&gt;</a>&nbsp;&nbsp;&nbsp;openFile
</UL>

<P><STRONG><a name="[d1]"></a>getSetNextCluster</STRONG> (Thumb, 120 bytes, Stack size 40 bytes, fat32.o(.text))
<BR><BR>[Stack]<UL><LI>Max Depth = 100<LI>Call Chain = getSetNextCluster &rArr; SD_writeSingleBlock &rArr; SD_sendCommand &rArr; GPIO_PinWrite
</UL>
<BR>[Calls]<UL><LI><a href="#[ce]">&gt;&gt;</a>&nbsp;&nbsp;&nbsp;SD_writeSingleBlock
<LI><a href="#[cd]">&gt;&gt;</a>&nbsp;&nbsp;&nbsp;SD_readSingleBlock
</UL>
<BR>[Called By]<UL><LI><a href="#[e0]">&gt;&gt;</a>&nbsp;&nbsp;&nbsp;FILE_GetList
<LI><a href="#[dd]">&gt;&gt;</a>&nbsp;&nbsp;&nbsp;FILE_PutCh
<LI><a href="#[dc]">&gt;&gt;</a>&nbsp;&nbsp;&nbsp;FILE_GetCh
<LI><a href="#[da]">&gt;&gt;</a>&nbsp;&nbsp;&nbsp;deletefile
<LI><a href="#[d7]">&gt;&gt;</a>&nbsp;&nbsp;&nbsp;FILE_Open
<LI><a href="#[d4]">&gt;&gt;</a>&nbsp;&nbsp;&nbsp;openFile
</UL>

<P><STRONG><a name="[d2]"></a>searchNextFreeCluster</STRONG> (Thumb, 96 bytes, Stack size 32 bytes, fat32.o(.text))
<BR><BR>[Stack]<UL><LI>Max Depth = 92<LI>Call Chain = searchNextFreeCluster &rArr; SD_readSingleBlock &rArr; SD_sendCommand &rArr; GPIO_PinWrite
</UL>
<BR>[Calls]<UL><LI><a href="#[cd]">&gt;&gt;</a>&nbsp;&nbsp;&nbsp;SD_readSingleBlock
</UL>
<BR>[Called By]<UL><LI><a href="#[dd]">&gt;&gt;</a>&nbsp;&nbsp;&nbsp;FILE_PutCh
<LI><a href="#[d7]">&gt;&gt;</a>&nbsp;&nbsp;&nbsp;FILE_Open
</UL>

<P><STRONG><a name="[d3]"></a>getSetFreeCluster</STRONG> (Thumb, 112 bytes, Stack size 40 bytes, fat32.o(.text))
<BR><BR>[Stack]<UL><LI>Max Depth = 100<LI>Call Chain = getSetFreeCluster &rArr; SD_writeSingleBlock &rArr; SD_sendCommand &rArr; GPIO_PinWrite
</UL>
<BR>[Calls]<UL><LI><a href="#[ce]">&gt;&gt;</a>&nbsp;&nbsp;&nbsp;SD_writeSingleBlock
<LI><a href="#[cd]">&gt;&gt;</a>&nbsp;&nbsp;&nbsp;SD_readSingleBlock
</UL>
<BR>[Called By]<UL><LI><a href="#[e1]">&gt;&gt;</a>&nbsp;&nbsp;&nbsp;FILE_GetMemoryStatics
<LI><a href="#[dd]">&gt;&gt;</a>&nbsp;&nbsp;&nbsp;FILE_PutCh
<LI><a href="#[da]">&gt;&gt;</a>&nbsp;&nbsp;&nbsp;deletefile
<LI><a href="#[d9]">&gt;&gt;</a>&nbsp;&nbsp;&nbsp;freeMemoryUpdate
<LI><a href="#[d7]">&gt;&gt;</a>&nbsp;&nbsp;&nbsp;FILE_Open
<LI><a href="#[cb]">&gt;&gt;</a>&nbsp;&nbsp;&nbsp;getBootSectorData
</UL>

<P><STRONG><a name="[d5]"></a>convertFileName</STRONG> (Thumb, 170 bytes, Stack size 24 bytes, fat32.o(.text))
<BR><BR>[Stack]<UL><LI>Max Depth = 24<LI>Call Chain = convertFileName
</UL>
<BR>[Called By]<UL><LI><a href="#[db]">&gt;&gt;</a>&nbsp;&nbsp;&nbsp;FILE_Delete
<LI><a href="#[d4]">&gt;&gt;</a>&nbsp;&nbsp;&nbsp;openFile
</UL>

<P><STRONG><a name="[d4]"></a>openFile</STRONG> (Thumb, 304 bytes, Stack size 48 bytes, fat32.o(.text))
<BR><BR>[Stack]<UL><LI>Max Depth = 184 + Unknown Stack Size
<LI>Call Chain = openFile &rArr; __2printf &rArr; _printf_char_file &rArr; _printf_char_common &rArr; __printf
</UL>
<BR>[Calls]<UL><LI><a href="#[d5]">&gt;&gt;</a>&nbsp;&nbsp;&nbsp;convertFileName
<LI><a href="#[d1]">&gt;&gt;</a>&nbsp;&nbsp;&nbsp;getSetNextCluster
<LI><a href="#[d6]">&gt;&gt;</a>&nbsp;&nbsp;&nbsp;getFirstSector
<LI><a href="#[cd]">&gt;&gt;</a>&nbsp;&nbsp;&nbsp;SD_readSingleBlock
<LI><a href="#[7a]">&gt;&gt;</a>&nbsp;&nbsp;&nbsp;__2printf
</UL>
<BR>[Called By]<UL><LI><a href="#[d7]">&gt;&gt;</a>&nbsp;&nbsp;&nbsp;FILE_Open
</UL>

<P><STRONG><a name="[d7]"></a>FILE_Open</STRONG> (Thumb, 686 bytes, Stack size 40 bytes, fat32.o(.text))
<BR><BR>[Stack]<UL><LI>Max Depth = 224 + Unknown Stack Size
<LI>Call Chain = FILE_Open &rArr; openFile &rArr; __2printf &rArr; _printf_char_file &rArr; _printf_char_common &rArr; __printf
</UL>
<BR>[Calls]<UL><LI><a href="#[d4]">&gt;&gt;</a>&nbsp;&nbsp;&nbsp;openFile
<LI><a href="#[d3]">&gt;&gt;</a>&nbsp;&nbsp;&nbsp;getSetFreeCluster
<LI><a href="#[d2]">&gt;&gt;</a>&nbsp;&nbsp;&nbsp;searchNextFreeCluster
<LI><a href="#[d1]">&gt;&gt;</a>&nbsp;&nbsp;&nbsp;getSetNextCluster
<LI><a href="#[d6]">&gt;&gt;</a>&nbsp;&nbsp;&nbsp;getFirstSector
<LI><a href="#[cd]">&gt;&gt;</a>&nbsp;&nbsp;&nbsp;SD_readSingleBlock
<LI><a href="#[d8]">&gt;&gt;</a>&nbsp;&nbsp;&nbsp;strcpy
<LI><a href="#[7a]">&gt;&gt;</a>&nbsp;&nbsp;&nbsp;__2printf
</UL>
<BR>[Called By]<UL><LI><a href="#[67]">&gt;&gt;</a>&nbsp;&nbsp;&nbsp;main
</UL>

<P><STRONG><a name="[1d2]"></a>FILE_Close</STRONG> (Thumb, 10 bytes, Stack size 0 bytes, fat32.o(.text))
<BR><BR>[Called By]<UL><LI><a href="#[1e2]">&gt;&gt;</a>&nbsp;&nbsp;&nbsp;resetLongPres
<LI><a href="#[1d1]">&gt;&gt;</a>&nbsp;&nbsp;&nbsp;powerDown
</UL>

<P><STRONG><a name="[d9]"></a>freeMemoryUpdate</STRONG> (Thumb, 86 bytes, Stack size 24 bytes, fat32.o(.text))
<BR><BR>[Stack]<UL><LI>Max Depth = 124<LI>Call Chain = freeMemoryUpdate &rArr; getSetFreeCluster &rArr; SD_writeSingleBlock &rArr; SD_sendCommand &rArr; GPIO_PinWrite
</UL>
<BR>[Calls]<UL><LI><a href="#[d3]">&gt;&gt;</a>&nbsp;&nbsp;&nbsp;getSetFreeCluster
</UL>
<BR>[Called By]<UL><LI><a href="#[dd]">&gt;&gt;</a>&nbsp;&nbsp;&nbsp;FILE_PutCh
<LI><a href="#[da]">&gt;&gt;</a>&nbsp;&nbsp;&nbsp;deletefile
</UL>

<P><STRONG><a name="[da]"></a>deletefile</STRONG> (Thumb, 320 bytes, Stack size 40 bytes, fat32.o(.text), UNUSED)
<BR><BR>[Calls]<UL><LI><a href="#[d9]">&gt;&gt;</a>&nbsp;&nbsp;&nbsp;freeMemoryUpdate
<LI><a href="#[d3]">&gt;&gt;</a>&nbsp;&nbsp;&nbsp;getSetFreeCluster
<LI><a href="#[d1]">&gt;&gt;</a>&nbsp;&nbsp;&nbsp;getSetNextCluster
<LI><a href="#[d6]">&gt;&gt;</a>&nbsp;&nbsp;&nbsp;getFirstSector
<LI><a href="#[ce]">&gt;&gt;</a>&nbsp;&nbsp;&nbsp;SD_writeSingleBlock
<LI><a href="#[cd]">&gt;&gt;</a>&nbsp;&nbsp;&nbsp;SD_readSingleBlock
<LI><a href="#[7a]">&gt;&gt;</a>&nbsp;&nbsp;&nbsp;__2printf
</UL>
<BR>[Called By]<UL><LI><a href="#[db]">&gt;&gt;</a>&nbsp;&nbsp;&nbsp;FILE_Delete
</UL>

<P><STRONG><a name="[db]"></a>FILE_Delete</STRONG> (Thumb, 140 bytes, Stack size 40 bytes, fat32.o(.text), UNUSED)
<BR><BR>[Calls]<UL><LI><a href="#[da]">&gt;&gt;</a>&nbsp;&nbsp;&nbsp;deletefile
<LI><a href="#[d5]">&gt;&gt;</a>&nbsp;&nbsp;&nbsp;convertFileName
<LI><a href="#[9f]">&gt;&gt;</a>&nbsp;&nbsp;&nbsp;strcmp
<LI><a href="#[d8]">&gt;&gt;</a>&nbsp;&nbsp;&nbsp;strcpy
<LI><a href="#[7a]">&gt;&gt;</a>&nbsp;&nbsp;&nbsp;__2printf
</UL>

<P><STRONG><a name="[dc]"></a>FILE_GetCh</STRONG> (Thumb, 504 bytes, Stack size 8 bytes, fat32.o(.text), UNUSED)
<BR><BR>[Calls]<UL><LI><a href="#[d1]">&gt;&gt;</a>&nbsp;&nbsp;&nbsp;getSetNextCluster
<LI><a href="#[d6]">&gt;&gt;</a>&nbsp;&nbsp;&nbsp;getFirstSector
<LI><a href="#[cd]">&gt;&gt;</a>&nbsp;&nbsp;&nbsp;SD_readSingleBlock
</UL>

<P><STRONG><a name="[df]"></a>file_GetDate</STRONG> (Thumb, 26 bytes, Stack size 8 bytes, fat32.o(.text))
<BR><BR>[Stack]<UL><LI>Max Depth = 8<LI>Call Chain = file_GetDate
</UL>
<BR>[Called By]<UL><LI><a href="#[dd]">&gt;&gt;</a>&nbsp;&nbsp;&nbsp;FILE_PutCh
</UL>

<P><STRONG><a name="[de]"></a>file_GetTime</STRONG> (Thumb, 26 bytes, Stack size 12 bytes, fat32.o(.text))
<BR><BR>[Stack]<UL><LI>Max Depth = 12<LI>Call Chain = file_GetTime
</UL>
<BR>[Called By]<UL><LI><a href="#[dd]">&gt;&gt;</a>&nbsp;&nbsp;&nbsp;FILE_PutCh
</UL>

<P><STRONG><a name="[dd]"></a>FILE_PutCh</STRONG> (Thumb, 1242 bytes, Stack size 24 bytes, fat32.o(.text))
<BR><BR>[Stack]<UL><LI>Max Depth = 160 + Unknown Stack Size
<LI>Call Chain = FILE_PutCh &rArr; __2printf &rArr; _printf_char_file &rArr; _printf_char_common &rArr; __printf
</UL>
[...]
<LI><a href="#[ee]">&gt;&gt;</a>&nbsp;&nbsp;&nbsp;strchr
</UL>
<BR>[Called By]<UL><LI><a href="#[107]">&gt;&gt;</a>&nbsp;&nbsp;&nbsp;json_object_dotremove_internal
<LI><a href="#[169]">&gt;&gt;</a>&nbsp;&nbsp;&nbsp;json_object_dotremove
<LI><a href="#[163]">&gt;&gt;</a>&nbsp;&nbsp;&nbsp;json_object_dotset_value
</UL>

<P><STRONG><a name="[11b]"></a>json_array_init</STRONG> (Thumb, 34 bytes, Stack size 16 bytes, json_serialiser.o(.text), UNUSED)
<BR><BR>[Called By]<UL><LI><a href="#[11a]">&gt;&gt;</a>&nbsp;&nbsp;&nbsp;json_value_init_array
</UL>

<P><STRONG><a name="[108]"></a>json_array_resize</STRONG> (Thumb, 76 bytes, Stack size 16 bytes, json_serialiser.o(.text), UNUSED)
<BR><BR>[Calls]<UL><LI><a href="#[fa]">&gt;&gt;</a>&nbsp;&nbsp;&nbsp;__aeabi_memcpy4
</UL>
<BR>[Called By]<UL><LI><a href="#[11c]">&gt;&gt;</a>&nbsp;&nbsp;&nbsp;parse_array_value
<LI><a href="#[109]">&gt;&gt;</a>&nbsp;&nbsp;&nbsp;json_array_add
</UL>

<P><STRONG><a name="[109]"></a>json_array_add</STRONG> (Thumb, 80 bytes, Stack size 16 bytes, json_serialiser.o(.text), UNUSED)
<BR><BR>[Calls]<UL><LI><a href="#[108]">&gt;&gt;</a>&nbsp;&nbsp;&nbsp;json_array_resize
<LI><a href="#[10a]">&gt;&gt;</a>&nbsp;&nbsp;&nbsp;json_array_get_wrapping_value
</UL>
<BR>[Called By]<UL><LI><a href="#[11c]">&gt;&gt;</a>&nbsp;&nbsp;&nbsp;parse_array_value
<LI><a href="#[159]">&gt;&gt;</a>&nbsp;&nbsp;&nbsp;json_array_append_value
<LI><a href="#[146]">&gt;&gt;</a>&nbsp;&nbsp;&nbsp;json_value_deep_copy
</UL>

<P><STRONG><a name="[118]"></a>json_value_init_string_no_copy</STRONG> (Thumb, 34 bytes, Stack size 16 bytes, json_serialiser.o(.text))
<BR><BR>[Stack]<UL><LI>Max Depth = 16<LI>Call Chain = json_value_init_string_no_copy
</UL>
<BR>[Called By]<UL><LI><a href="#[117]">&gt;&gt;</a>&nbsp;&nbsp;&nbsp;parse_string_value
<LI><a href="#[146]">&gt;&gt;</a>&nbsp;&nbsp;&nbsp;json_value_deep_copy
<LI><a href="#[145]">&gt;&gt;</a>&nbsp;&nbsp;&nbsp;json_value_init_string
</UL>

<P><STRONG><a name="[10e]"></a>skip_quotes</STRONG> (Thumb, 86 bytes, Stack size 0 bytes, json_serialiser.o(.text), UNUSED)
<BR><BR>[Called By]<UL><LI><a href="#[10d]">&gt;&gt;</a>&nbsp;&nbsp;&nbsp;get_quoted_string
</UL>

<P><STRONG><a name="[10b]"></a>parse_utf16</STRONG> (Thumb, 316 bytes, Stack size 40 bytes, json_serialiser.o(.text), UNUSED)
<BR><BR>[Calls]<UL><LI><a href="#[e7]">&gt;&gt;</a>&nbsp;&nbsp;&nbsp;parse_utf16_hex
</UL>
<BR>[Called By]<UL><LI><a href="#[10c]">&gt;&gt;</a>&nbsp;&nbsp;&nbsp;process_string
</UL>

<P><STRONG><a name="[10c]"></a>process_string</STRONG> (Thumb, 296 bytes, Stack size 40 bytes, json_serialiser.o(.text), UNUSED)
<BR><BR>[Calls]<UL><LI><a href="#[10b]">&gt;&gt;</a>&nbsp;&nbsp;&nbsp;parse_utf16
<LI><a href="#[7d]">&gt;&gt;</a>&nbsp;&nbsp;&nbsp;__aeabi_memcpy
</UL>
<BR>[Called By]<UL><LI><a href="#[10d]">&gt;&gt;</a>&nbsp;&nbsp;&nbsp;get_quoted_string
</UL>

<P><STRONG><a name="[10d]"></a>get_quoted_string</STRONG> (Thumb, 42 bytes, Stack size 24 bytes, json_serialiser.o(.text), UNUSED)
<BR><BR>[Calls]<UL><LI><a href="#[10c]">&gt;&gt;</a>&nbsp;&nbsp;&nbsp;process_string
<LI><a href="#[10e]">&gt;&gt;</a>&nbsp;&nbsp;&nbsp;skip_quotes
</UL>
<BR>[Called By]<UL><LI><a href="#[121]">&gt;&gt;</a>&nbsp;&nbsp;&nbsp;parse_object_value
<LI><a href="#[117]">&gt;&gt;</a>&nbsp;&nbsp;&nbsp;parse_string_value
</UL>

<P><STRONG><a name="[10f]"></a>parse_null_value</STRONG> (Thumb, 34 bytes, Stack size 16 bytes, json_serialiser.o(.text), UNUSED)
<BR><BR>[Calls]<UL><LI><a href="#[110]">&gt;&gt;</a>&nbsp;&nbsp;&nbsp;json_value_init_null
<LI><a href="#[ed]">&gt;&gt;</a>&nbsp;&nbsp;&nbsp;strncmp
</UL>
<BR>[Called By]<UL><LI><a href="#[11d]">&gt;&gt;</a>&nbsp;&nbsp;&nbsp;parse_value
</UL>

<P><STRONG><a name="[111]"></a>parse_number_value</STRONG> (Thumb, 66 bytes, Stack size 24 bytes, json_serialiser.o(.text), UNUSED)
<BR><BR>[Calls]<UL><LI><a href="#[ec]">&gt;&gt;</a>&nbsp;&nbsp;&nbsp;is_decimal
<LI><a href="#[114]">&gt;&gt;</a>&nbsp;&nbsp;&nbsp;json_value_init_number
<LI><a href="#[113]">&gt;&gt;</a>&nbsp;&nbsp;&nbsp;strtod
<LI><a href="#[112]">&gt;&gt;</a>&nbsp;&nbsp;&nbsp;__aeabi_errno_addr
</UL>
<BR>[Called By]<UL><LI><a href="#[11d]">&gt;&gt;</a>&nbsp;&nbsp;&nbsp;parse_value
</UL>

<P><STRONG><a name="[115]"></a>parse_boolean_value</STRONG> (Thumb, 64 bytes, Stack size 16 bytes, json_serialiser.o(.text), UNUSED)
<BR><BR>[Calls]<UL><LI><a href="#[116]">&gt;&gt;</a>&nbsp;&nbsp;&nbsp;json_value_init_boolean
<LI><a href="#[ed]">&gt;&gt;</a>&nbsp;&nbsp;&nbsp;strncmp
</UL>
<BR>[Called By]<UL><LI><a href="#[11d]">&gt;&gt;</a>&nbsp;&nbsp;&nbsp;parse_value
</UL>

<P><STRONG><a name="[117]"></a>parse_string_value</STRONG> (Thumb, 46 bytes, Stack size 16 bytes, json_serialiser.o(.text), UNUSED)
<BR><BR>[Calls]<UL><LI><a href="#[10d]">&gt;&gt;</a>&nbsp;&nbsp;&nbsp;get_quoted_string
<LI><a href="#[118]">&gt;&gt;</a>&nbsp;&nbsp;&nbsp;json_value_init_string_no_copy
</UL>
<BR>[Called By]<UL><LI><a href="#[11d]">&gt;&gt;</a>&nbsp;&nbsp;&nbsp;parse_value
</UL>

<P><STRONG><a name="[11c]"></a>parse_array_value</STRONG> (Thumb, 316 bytes, Stack size 32 bytes, json_serialiser.o(.text), UNUSED)
<BR><BR>[Calls]<UL><LI><a href="#[11d]">&gt;&gt;</a>&nbsp;&nbsp;&nbsp;parse_value
<LI><a href="#[109]">&gt;&gt;</a>&nbsp;&nbsp;&nbsp;json_array_add
<LI><a href="#[108]">&gt;&gt;</a>&nbsp;&nbsp;&nbsp;json_array_resize
<LI><a href="#[11a]">&gt;&gt;</a>&nbsp;&nbsp;&nbsp;json_value_init_array
<LI><a href="#[119]">&gt;&gt;</a>&nbsp;&nbsp;&nbsp;json_value_get_array
<LI><a href="#[11e]">&gt;&gt;</a>&nbsp;&nbsp;&nbsp;json_array_get_count
<LI><a href="#[101]">&gt;&gt;</a>&nbsp;&nbsp;&nbsp;json_value_free
<LI><a href="#[70]">&gt;&gt;</a>&nbsp;&nbsp;&nbsp;__rt_ctype_table
</UL>
<BR>[Called By]<UL><LI><a href="#[11d]">&gt;&gt;</a>&nbsp;&nbsp;&nbsp;parse_value
</UL>

<P><STRONG><a name="[121]"></a>parse_object_value</STRONG> (Thumb, 450 bytes, Stack size 32 bytes, json_serialiser.o(.text), UNUSED)
<BR><BR>[Calls]<UL><LI><a href="#[11d]">&gt;&gt;</a>&nbsp;&nbsp;&nbsp;parse_value
<LI><a href="#[10d]">&gt;&gt;</a>&nbsp;&nbsp;&nbsp;get_quoted_string
<LI><a href="#[ff]">&gt;&gt;</a>&nbsp;&nbsp;&nbsp;json_object_add
<LI><a href="#[f9]">&gt;&gt;</a>&nbsp;&nbsp;&nbsp;json_object_resize
<LI><a href="#[11f]">&gt;&gt;</a>&nbsp;&nbsp;&nbsp;json_value_init_object
<LI><a href="#[106]">&gt;&gt;</a>&nbsp;&nbsp;&nbsp;json_value_get_object
<LI><a href="#[101]">&gt;&gt;</a>&nbsp;&nbsp;&nbsp;json_value_free
<LI><a href="#[fc]">&gt;&gt;</a>&nbsp;&nbsp;&nbsp;json_object_get_count
<LI><a href="#[70]">&gt;&gt;</a>&nbsp;&nbsp;&nbsp;__rt_ctype_table
</UL>
<BR>[Called By]<UL><LI><a href="#[11d]">&gt;&gt;</a>&nbsp;&nbsp;&nbsp;parse_value
</UL>

<P><STRONG><a name="[11d]"></a>parse_value</STRONG> (Thumb, 206 bytes, Stack size 16 bytes, json_serialiser.o(.text), UNUSED)
<BR><BR>[Calls]<UL><LI><a href="#[121]">&gt;&gt;</a>&nbsp;&nbsp;&nbsp;parse_object_value
<LI><a href="#[11c]">&gt;&gt;</a>&nbsp;&nbsp;&nbsp;parse_array_value
<LI><a href="#[117]">&gt;&gt;</a>&nbsp;&nbsp;&nbsp;parse_string_value
<LI><a href="#[115]">&gt;&gt;</a>&nbsp;&nbsp;&nbsp;parse_boolean_value
<LI><a href="#[111]">&gt;&gt;</a>&nbsp;&nbsp;&nbsp;parse_number_value
<LI><a href="#[10f]">&gt;&gt;</a>&nbsp;&nbsp;&nbsp;parse_null_value
<LI><a href="#[70]">&gt;&gt;</a>&nbsp;&nbsp;&nbsp;__rt_ctype_table
</UL>
<BR>[Called By]<UL><LI><a href="#[121]">&gt;&gt;</a>&nbsp;&nbsp;&nbsp;parse_object_value
<LI><a href="#[11c]">&gt;&gt;</a>&nbsp;&nbsp;&nbsp;parse_array_value
<LI><a href="#[12e]">&gt;&gt;</a>&nbsp;&nbsp;&nbsp;json_parse_string_with_comments
<LI><a href="#[12c]">&gt;&gt;</a>&nbsp;&nbsp;&nbsp;json_parse_string
</UL>

<P><STRONG><a name="[122]"></a>append_string</STRONG> (Thumb, 28 bytes, Stack size 16 bytes, json_serialiser.o(.text))
<BR><BR>[Stack]<UL><LI>Max Depth = 144 + Unknown Stack Size
<LI>Call Chain = append_string &rArr; __2sprintf &rArr; _printf_char_common &rArr; __printf
</UL>
<BR>[Calls]<UL><LI><a href="#[e6]">&gt;&gt;</a>&nbsp;&nbsp;&nbsp;strlen
<LI><a href="#[123]">&gt;&gt;</a>&nbsp;&nbsp;&nbsp;__2sprintf
</UL>
<BR>[Called By]<UL><LI><a href="#[12b]">&gt;&gt;</a>&nbsp;&nbsp;&nbsp;json_serialize_to_buffer_r
<LI><a href="#[128]">&gt;&gt;</a>&nbsp;&nbsp;&nbsp;append_indent
<LI><a href="#[126]">&gt;&gt;</a>&nbsp;&nbsp;&nbsp;json_serialize_string
</UL>

<P><STRONG><a name="[126]"></a>json_serialize_string</STRONG> (Thumb, 1600 bytes, Stack size 32 bytes, json_serialiser.o(.text))
<BR><BR>[Stack]<UL><LI>Max Depth = 176 + Unknown Stack Size
<LI>Call Chain = json_serialize_string &rArr; append_string &rArr; __2sprintf &rArr; _printf_char_common &rArr; __printf
</UL>
<BR>[Calls]<UL><LI><a href="#[122]">&gt;&gt;</a>&nbsp;&nbsp;&nbsp;append_string
<LI><a href="#[e6]">&gt;&gt;</a>&nbsp;&nbsp;&nbsp;strlen
</UL>
<BR>[Called By]<UL><LI><a href="#[12b]">&gt;&gt;</a>&nbsp;&nbsp;&nbsp;json_serialize_to_buffer_r
</UL>

<P><STRONG><a name="[128]"></a>append_indent</STRONG> (Thumb, 64 bytes, Stack size 24 bytes, json_serialiser.o(.text))
<BR><BR>[Stack]<UL><LI>Max Depth = 168 + Unknown Stack Size
<LI>Call Chain = append_indent &rArr; append_string &rArr; __2sprintf &rArr; _printf_char_common &rArr; __printf
</UL>
<BR>[Calls]<UL><LI><a href="#[122]">&gt;&gt;</a>&nbsp;&nbsp;&nbsp;append_string
</UL>
<BR>[Called By]<UL><LI><a href="#[12b]">&gt;&gt;</a>&nbsp;&nbsp;&nbsp;json_serialize_to_buffer_r
</UL>

<P><STRONG><a name="[12b]"></a>json_serialize_to_buffer_r</STRONG> (Thumb, 1184 bytes, Stack size 88 bytes, json_serialiser.o(.text))
<BR><BR>[Stack]<UL><LI>Max Depth = 264 + Unknown Stack Size
 + In Cycle
<LI>Call Chain = json_serialize_to_buffer_r &rArr;  json_serialize_to_buffer_r (Cycle)
</UL>
<BR>[Calls]<UL><LI><a href="#[12b]">&gt;&gt;</a>&nbsp;&nbsp;&nbsp;json_serialize_to_buffer_r
<LI><a href="#[128]">&gt;&gt;</a>&nbsp;&nbsp;&nbsp;append_indent
<LI><a href="#[126]">&gt;&gt;</a>&nbsp;&nbsp;&nbsp;json_serialize_string
<LI><a href="#[122]">&gt;&gt;</a>&nbsp;&nbsp;&nbsp;append_string
<LI><a href="#[12a]">&gt;&gt;</a>&nbsp;&nbsp;&nbsp;json_array_get_value
<LI><a href="#[129]">&gt;&gt;</a>&nbsp;&nbsp;&nbsp;json_object_get_name
<LI><a href="#[127]">&gt;&gt;</a>&nbsp;&nbsp;&nbsp;json_value_get_string
<LI><a href="#[125]">&gt;&gt;</a>&nbsp;&nbsp;&nbsp;json_value_get_boolean
<LI><a href="#[124]">&gt;&gt;</a>&nbsp;&nbsp;&nbsp;json_value_get_number
<LI><a href="#[119]">&gt;&gt;</a>&nbsp;&nbsp;&nbsp;json_value_get_array
<LI><a href="#[11e]">&gt;&gt;</a>&nbsp;&nbsp;&nbsp;json_array_get_count
<LI><a href="#[106]">&gt;&gt;</a>&nbsp;&nbsp;&nbsp;json_value_get_object
<LI><a href="#[104]">&gt;&gt;</a>&nbsp;&nbsp;&nbsp;json_object_get_value
<LI><a href="#[103]">&gt;&gt;</a>&nbsp;&nbsp;&nbsp;json_value_get_type
<LI><a href="#[fc]">&gt;&gt;</a>&nbsp;&nbsp;&nbsp;json_object_get_count
<LI><a href="#[123]">&gt;&gt;</a>&nbsp;&nbsp;&nbsp;__2sprintf
</UL>
<BR>[Called By]<UL><LI><a href="#[12b]">&gt;&gt;</a>&nbsp;&nbsp;&nbsp;json_serialize_to_buffer_r
<LI><a href="#[14e]">&gt;&gt;</a>&nbsp;&nbsp;&nbsp;json_serialize_to_buffer_pretty
<LI><a href="#[14d]">&gt;&gt;</a>&nbsp;&nbsp;&nbsp;json_serialization_size_pretty
<LI><a href="#[148]">&gt;&gt;</a>&nbsp;&nbsp;&nbsp;json_serialize_to_buffer
<LI><a href="#[147]">&gt;&gt;</a>&nbsp;&nbsp;&nbsp;json_serialization_size
</UL>

<P><STRONG><a name="[176]"></a>adc_GetPclk</STRONG> (Thumb, 58 bytes, Stack size 0 bytes, adc.o(.text), UNUSED)
<BR><BR>[Called By]<UL><LI><a href="#[175]">&gt;&gt;</a>&nbsp;&nbsp;&nbsp;ADC_Init
</UL>

<P><STRONG><a name="[17b]"></a>GPIO_GetPointer</STRONG> (Thumb, 52 bytes, Stack size 0 bytes, lpc17xx_gpio.o(.text))
<BR><BR>[Called By]<UL><LI><a href="#[189]">&gt;&gt;</a>&nbsp;&nbsp;&nbsp;FIO_SetMask
<LI><a href="#[17e]">&gt;&gt;</a>&nbsp;&nbsp;&nbsp;GPIO_ReadValue
<LI><a href="#[17d]">&gt;&gt;</a>&nbsp;&nbsp;&nbsp;GPIO_ClearValue
<LI><a href="#[17c]">&gt;&gt;</a>&nbsp;&nbsp;&nbsp;GPIO_SetValue
<LI><a href="#[17a]">&gt;&gt;</a>&nbsp;&nbsp;&nbsp;GPIO_SetDir
</UL>

<P><STRONG><a name="[18b]"></a>FIO_HalfWordGetPointer</STRONG> (Thumb, 52 bytes, Stack size 0 bytes, lpc17xx_gpio.o(.text), UNUSED)
<BR><BR>[Called By]<UL><LI><a href="#[18f]">&gt;&gt;</a>&nbsp;&nbsp;&nbsp;FIO_HalfWordReadValue
<LI><a href="#[18e]">&gt;&gt;</a>&nbsp;&nbsp;&nbsp;FIO_HalfWordClearValue
<LI><a href="#[18d]">&gt;&gt;</a>&nbsp;&nbsp;&nbsp;FIO_HalfWordSetValue
<LI><a href="#[18c]">&gt;&gt;</a>&nbsp;&nbsp;&nbsp;FIO_HalfWordSetMask
<LI><a href="#[18a]">&gt;&gt;</a>&nbsp;&nbsp;&nbsp;FIO_HalfWordSetDir
</UL>

<P><STRONG><a name="[191]"></a>FIO_ByteGetPointer</STRONG> (Thumb, 52 bytes, Stack size 0 bytes, lpc17xx_gpio.o(.text), UNUSED)
<BR><BR>[Called By]<UL><LI><a href="#[195]">&gt;&gt;</a>&nbsp;&nbsp;&nbsp;FIO_ByteReadValue
<LI><a href="#[194]">&gt;&gt;</a>&nbsp;&nbsp;&nbsp;FIO_ByteClearValue
<LI><a href="#[193]">&gt;&gt;</a>&nbsp;&nbsp;&nbsp;FIO_ByteSetValue
<LI><a href="#[192]">&gt;&gt;</a>&nbsp;&nbsp;&nbsp;FIO_ByteSetMask
<LI><a href="#[190]">&gt;&gt;</a>&nbsp;&nbsp;&nbsp;FIO_ByteSetDir
</UL>

<P><STRONG><a name="[197]"></a>set_PinFunc</STRONG> (Thumb, 60 bytes, Stack size 20 bytes, lpc17xx_pinsel.o(.text))
<BR><BR>[Stack]<UL><LI>Max Depth = 20<LI>Call Chain = set_PinFunc
</UL>
<BR>[Called By]<UL><LI><a href="#[196]">&gt;&gt;</a>&nbsp;&nbsp;&nbsp;PINSEL_ConfigPin
</UL>

<P><STRONG><a name="[198]"></a>set_ResistorMode</STRONG> (Thumb, 62 bytes, Stack size 20 bytes, lpc17xx_pinsel.o(.text))
<BR><BR>[Stack]<UL><LI>Max Depth = 20<LI>Call Chain = set_ResistorMode
</UL>
<BR>[Called By]<UL><LI><a href="#[196]">&gt;&gt;</a>&nbsp;&nbsp;&nbsp;PINSEL_ConfigPin
</UL>

<P><STRONG><a name="[199]"></a>set_OpenDrainMode</STRONG> (Thumb, 44 bytes, Stack size 12 bytes, lpc17xx_pinsel.o(.text))
<BR><BR>[Stack]<UL><LI>Max Depth = 12<LI>Call Chain = set_OpenDrainMode
</UL>
<BR>[Called By]<UL><LI><a href="#[196]">&gt;&gt;</a>&nbsp;&nbsp;&nbsp;PINSEL_ConfigPin
</UL>

<P><STRONG><a name="[19a]"></a>uart_set_divisors</STRONG> (Thumb, 370 bytes, Stack size 64 bytes, lpc17xx_uart.o(.text))
<BR><BR>[Stack]<UL><LI>Max Depth = 80<LI>Call Chain = uart_set_divisors &rArr; CLKPWR_GetPCLK
</UL>
<BR>[Calls]<UL><LI><a href="#[178]">&gt;&gt;</a>&nbsp;&nbsp;&nbsp;CLKPWR_GetPCLK
</UL>
<BR>[Called By]<UL><LI><a href="#[8e]">&gt;&gt;</a>&nbsp;&nbsp;&nbsp;UART_Init
</UL>

<P><STRONG><a name="[19e]"></a>WDT_SetTimeOut</STRONG> (Thumb, 302 bytes, Stack size 40 bytes, lpc17xx_wdt.o(.text))
<BR><BR>[Stack]<UL><LI>Max Depth = 88<LI>Call Chain = WDT_SetTimeOut &rArr; __aeabi_uldivmod
</UL>
<BR>[Calls]<UL><LI><a href="#[1a0]">&gt;&gt;</a>&nbsp;&nbsp;&nbsp;CLKPWR_SetPCLKDiv
<LI><a href="#[19f]">&gt;&gt;</a>&nbsp;&nbsp;&nbsp;__aeabi_uldivmod
</UL>
<BR>[Called By]<UL><LI><a href="#[1a4]">&gt;&gt;</a>&nbsp;&nbsp;&nbsp;WDT_UpdateTimeOut
<LI><a href="#[1a2]">&gt;&gt;</a>&nbsp;&nbsp;&nbsp;WDT_Start
</UL>

<P><STRONG><a name="[1c8]"></a>NVIC_SetPriority</STRONG> (Thumb, 32 bytes, Stack size 8 bytes, peripherals.o(.text))
<BR><BR>[Stack]<UL><LI>Max Depth = 8<LI>Call Chain = NVIC_SetPriority
</UL>
<BR>[Called By]<UL><LI><a href="#[1d1]">&gt;&gt;</a>&nbsp;&nbsp;&nbsp;powerDown
<LI><a href="#[1bc]">&gt;&gt;</a>&nbsp;&nbsp;&nbsp;initWDT
<LI><a href="#[1bb]">&gt;&gt;</a>&nbsp;&nbsp;&nbsp;GPIO_IRQ_init
</UL>

<P><STRONG><a name="[1c9]"></a>NVIC_EnableIRQ</STRONG> (Thumb, 22 bytes, Stack size 0 bytes, peripherals.o(.text))
<BR><BR>[Called By]<UL><LI><a href="#[1d1]">&gt;&gt;</a>&nbsp;&nbsp;&nbsp;powerDown
<LI><a href="#[1d0]">&gt;&gt;</a>&nbsp;&nbsp;&nbsp;GPIO_INT_IRQ
<LI><a href="#[1ca]">&gt;&gt;</a>&nbsp;&nbsp;&nbsp;ADC_init
<LI><a href="#[1bc]">&gt;&gt;</a>&nbsp;&nbsp;&nbsp;initWDT
<LI><a href="#[1b5]">&gt;&gt;</a>&nbsp;&nbsp;&nbsp;initI2C
<LI><a href="#[1bb]">&gt;&gt;</a>&nbsp;&nbsp;&nbsp;GPIO_IRQ_init
</UL>

<P><STRONG><a name="[1c4]"></a>NVIC_DisableIRQ</STRONG> (Thumb, 18 bytes, Stack size 0 bytes, peripherals.o(.text))
<BR><BR>[Called By]<UL><LI><a href="#[1d1]">&gt;&gt;</a>&nbsp;&nbsp;&nbsp;powerDown
<LI><a href="#[19]">&gt;&gt;</a>&nbsp;&nbsp;&nbsp;WDT_IRQHandler
</UL>

<P><STRONG><a name="[1ea]"></a>USB_GetDescriptor</STRONG> (Thumb, 214 bytes, Stack size 16 bytes, usbcore.o(.text))
<BR><BR>[Stack]<UL><LI>Max Depth = 44<LI>Call Chain = USB_GetDescriptor &rArr; USB_DataInStage &rArr; USB_WriteEP
</UL>
<BR>[Calls]<UL><LI><a href="#[1e5]">&gt;&gt;</a>&nbsp;&nbsp;&nbsp;USB_DataInStage
</UL>
<BR>[Called By]<UL><LI><a href="#[45]">&gt;&gt;</a>&nbsp;&nbsp;&nbsp;USB_EndPoint0
</UL>

<P><STRONG><a name="[1eb]"></a>USB_SetConfiguration</STRONG> (Thumb, 154 bytes, Stack size 24 bytes, usbcore.o(.text))
<BR><BR>[Stack]<UL><LI>Max Depth = 36<LI>Call Chain = USB_SetConfiguration &rArr; USB_ResetEP
</UL>
<BR>[Calls]<UL><LI><a href="#[1ef]">&gt;&gt;</a>&nbsp;&nbsp;&nbsp;USB_ResetEP
<LI><a href="#[1ee]">&gt;&gt;</a>&nbsp;&nbsp;&nbsp;USB_EnableEP
<LI><a href="#[1ec]">&gt;&gt;</a>&nbsp;&nbsp;&nbsp;USB_Configure
<LI><a href="#[1ed]">&gt;&gt;</a>&nbsp;&nbsp;&nbsp;USB_ConfigEP
</UL>
<BR>[Called By]<UL><LI><a href="#[45]">&gt;&gt;</a>&nbsp;&nbsp;&nbsp;USB_EndPoint0
</UL>

<P><STRONG><a name="[27d]"></a>_dadd1</STRONG> (Thumb, 0 bytes, Stack size unknown bytes, daddsub_clz.o(x$fpl$dadd), UNUSED)
<BR><BR>[Called By]<UL><LI><a href="#[27e]">&gt;&gt;</a>&nbsp;&nbsp;&nbsp;_dsub
<LI><a href="#[27c]">&gt;&gt;</a>&nbsp;&nbsp;&nbsp;_drsb
</UL>

<P><STRONG><a name="[271]"></a>_dsub1</STRONG> (Thumb, 0 bytes, Stack size unknown bytes, daddsub_clz.o(x$fpl$dsub), UNUSED)
<BR><BR>[Called By]<UL><LI><a href="#[27c]">&gt;&gt;</a>&nbsp;&nbsp;&nbsp;_drsb
<LI><a href="#[270]">&gt;&gt;</a>&nbsp;&nbsp;&nbsp;_dadd
</UL>

<P><STRONG><a name="[287]"></a>_fadd1</STRONG> (Thumb, 0 bytes, Stack size unknown bytes, faddsub_clz.o(x$fpl$fadd), UNUSED)
<BR><BR>[Called By]<UL><LI><a href="#[288]">&gt;&gt;</a>&nbsp;&nbsp;&nbsp;_fsub
<LI><a href="#[286]">&gt;&gt;</a>&nbsp;&nbsp;&nbsp;_frsb
</UL>

<P><STRONG><a name="[282]"></a>_fsub1</STRONG> (Thumb, 0 bytes, Stack size unknown bytes, faddsub_clz.o(x$fpl$fsub), UNUSED)
<BR><BR>[Called By]<UL><LI><a href="#[286]">&gt;&gt;</a>&nbsp;&nbsp;&nbsp;_frsb
<LI><a href="#[281]">&gt;&gt;</a>&nbsp;&nbsp;&nbsp;_fadd
</UL>

<P><STRONG><a name="[22a]"></a>_fp_digits</STRONG> (Thumb, 432 bytes, Stack size 96 bytes, _printf_fp_dec.o(.text))
<BR><BR>[Stack]<UL><LI>Max Depth = 220<LI>Call Chain = _fp_digits &rArr; _btod_etento &rArr; _btod_emul &rArr; _e2e
</UL>
<BR>[Calls]<UL><LI><a href="#[22e]">&gt;&gt;</a>&nbsp;&nbsp;&nbsp;_btod_emul
<LI><a href="#[22d]">&gt;&gt;</a>&nbsp;&nbsp;&nbsp;_btod_ediv
<LI><a href="#[22c]">&gt;&gt;</a>&nbsp;&nbsp;&nbsp;_btod_d2e
<LI><a href="#[22b]">&gt;&gt;</a>&nbsp;&nbsp;&nbsp;_btod_etento
<LI><a href="#[22f]">&gt;&gt;</a>&nbsp;&nbsp;&nbsp;_ll_udiv10
</UL>
<BR>[Called By]<UL><LI><a href="#[230]">&gt;&gt;</a>&nbsp;&nbsp;&nbsp;_printf_fp_dec_real
</UL>

<P><STRONG><a name="[40]"></a>_printf_input_char</STRONG> (Thumb, 10 bytes, Stack size 0 bytes, _printf_char_common.o(.text))
<BR>[Address Reference Count : 1]<UL><LI> _printf_char_common.o(.text)
</UL>
<P><STRONG><a name="[234]"></a>_local_sscanf</STRONG> (Thumb, 60 bytes, Stack size 56 bytes, strtod.o(.text))
<BR><BR>[Stack]<UL><LI>Max Depth = 396<LI>Call Chain = _local_sscanf &rArr; _scanf_real &rArr; _scanf_really_real &rArr; _fp_value &rArr; _btod_etento &rArr; _btod_emul &rArr; _e2e
</UL>
<BR>[Calls]<UL><LI><a href="#[235]">&gt;&gt;</a>&nbsp;&nbsp;&nbsp;_scanf_real
</UL>
<BR>[Called By]<UL><LI><a href="#[236]">&gt;&gt;</a>&nbsp;&nbsp;&nbsp;__strtod_int
</UL>

<P><STRONG><a name="[246]"></a>_fp_value</STRONG> (Thumb, 588 bytes, Stack size 96 bytes, scanf_fp.o(.text))
<BR><BR>[Stack]<UL><LI>Max Depth = 220<LI>Call Chain = _fp_value &rArr; _btod_etento &rArr; _btod_emul &rArr; _e2e
</UL>
<BR>[Calls]<UL><LI><a href="#[112]">&gt;&gt;</a>&nbsp;&nbsp;&nbsp;__aeabi_errno_addr
<LI><a href="#[5]">&gt;&gt;</a>&nbsp;&nbsp;&nbsp;__ieee_status
<LI><a href="#[247]">&gt;&gt;</a>&nbsp;&nbsp;&nbsp;_btod_emuld
<LI><a href="#[248]">&gt;&gt;</a>&nbsp;&nbsp;&nbsp;_btod_edivd
<LI><a href="#[22b]">&gt;&gt;</a>&nbsp;&nbsp;&nbsp;_btod_etento
</UL>
<BR>[Called By]<UL><LI><a href="#[249]">&gt;&gt;</a>&nbsp;&nbsp;&nbsp;_scanf_really_real
</UL>
<P>
<H3>
Undefined Global Symbols
</H3><HR></body></html>
