<html>
<body>
<pre>
<h1>µVision Build Log</h1>
<h2>Tool Versions:</h2>
IDE-Version: µVision V5.27.1.0
Copyright (C) 2019 ARM Ltd and ARM Germany GmbH. All rights reserved.
License Information: Hamit Hamit, IU, LIC=2TTTH-F18G2-6CFN8-1Q377-EABNQ-K7D07
 
Tool Versions:
Toolchain:       MDK-ARM Professional  Version: 5.27.1.0
Toolchain Path:  C:\Keil_v5\ARM\ARMCC\Bin
C Compiler:      Armcc.exe V5.06 update 6 (build 750)
Assembler:       Armasm.exe V5.06 update 6 (build 750)
Linker/Locator:  ArmLink.exe V5.06 update 6 (build 750)
Library Manager: ArmAr.exe V5.06 update 6 (build 750)
Hex Converter:   FromElf.exe V5.06 update 6 (build 750)
CPU DLL:         SARMCM3.DLL V5.27.1.0
Dialog DLL:      DCM.DLL V1.17.2.0
Target DLL:      UL2CM3.DLL V1.162.15.0
Dialog DLL:      TCM.DLL V1.36.1.0
 
<h2>Project:</h2>
C:\Users\Hamit\Desktop\PCB_PROJELER\PCB_YAZILIM\iNOVA\inova_perf_reader_b.uvprojx
Project File Date:  08/05/2019

<h2>Output:</h2>
*** Using Compiler 'V5.06 update 6 (build 750)', folder: 'C:\Keil_v5\ARM\ARMCC\Bin'
Rebuild target 'LPC1768'
compiling fifo.c...
assembling startup_LPC17xx.s...
compiling gpio.c...
compiling Retarget.c...
compiling system_LPC17xx.c...
compiling extintr.c...
compiling delay.c...
compiling hlp_gps.c...
Helpers\source\hlp_gps.c(322): warning:  #175-D: subscript out of range
  	GPS_TIME_BUF[0][10]='\0';
Helpers\source\hlp_gps.c: 1 warning, 0 errors
compiling hlp_uart.c...
compiling hlp_vic.c...
compiling ringbuf.c...
compiling sdcard.c...
compiling fat32.c...
compiling fxas21002.c...
compiling iis2mdc_reg.c...
compiling i2c.c...
compiling spi.c...
compiling mma8452q.c...
compiling lpc17xx_libcfg_default.c...
compiling adc.c...
compiling lpc17xx_clkpwr.c...
compiling lpc17xx_systick.c...
compiling lpc17xx_nvic.c...
compiling lpc17xx_gpio.c...
compiling json_serialiser.c...
compiling lpc17xx_pinsel.c...
compiling lpc17xx_timer.c...
compiling lpc17xx_uart.c...
compiling usbcore.c...
compiling lpc17xx_wdt.c...
compiling usbdesc.c...
compiling debug_frmwrk.c...
compiling testing_functions.c...
compiling main.c...
compiling hiduser.c...
compiling peripherals.c...
compiling usbhw.c...
compiling usbuser.c...
linking...
Program Size: Code=65996 RO-data=1172 RW-data=568 ZI-data=22952  
FromELF: creating hex file...
.\Objects\inova_perf_reader_b.hex: Warning: Q9931W: Your license for feature Keil will expire in 6 days
Finished: 0 information, 1 warning and 0 error messages.
".\Objects\inova_perf_reader_b.axf" - 0 Error(s), 1 Warning(s).

<h2>Software Packages used:</h2>

Package Vendor: Keil
                http://www.keil.com/pack/Keil.LPC1700_DFP.2.5.0.pack
                Keil.LPC1700_DFP.2.5.0
                NXP LPC1700 Series Device Support, Drivers and Examples for MCB1700 and LPC1788-32

<h2>Collection of Component include folders:</h2>
  .\RTE\_LPC1768
  C:\Users\Hamit\AppData\Local\Arm\Packs\Keil\LPC1700_DFP\2.5.0\Device\Include

<h2>Collection of Component Files used:</h2>
Build Time Elapsed:  00:00:02
</pre>
</body>
</html>
