Component: ARM Compiler 5.06 update 6 (build 750) Tool: armlink [4d35ed]

==============================================================================

Section Cross References

    system_lpc17xx.o(.text) refers to system_lpc17xx.o(.data) for SystemCoreClock
    startup_lpc17xx.o(STACK) refers (Special) to heapauxi.o(.text) for __use_two_region_memory
    startup_lpc17xx.o(HEAP) refers (Special) to heapauxi.o(.text) for __use_two_region_memory
    startup_lpc17xx.o(RESET) refers (Special) to heapauxi.o(.text) for __use_two_region_memory
    startup_lpc17xx.o(RESET) refers to startup_lpc17xx.o(STACK) for __initial_sp
    startup_lpc17xx.o(RESET) refers to startup_lpc17xx.o(.text) for Reset_Handler
    startup_lpc17xx.o(RESET) refers to peripherals.o(.text) for SysTick_Handler
    startup_lpc17xx.o(RESET) refers to hlp_uart.o(.text) for UART0_IRQHandler
    startup_lpc17xx.o(RESET) refers to i2c.o(.text) for I2C0_IRQHandler
    startup_lpc17xx.o(RESET) refers to extintr.o(.text) for EINT0_IRQHandler
    startup_lpc17xx.o(RESET) refers to usbhw.o(.text) for USB_IRQHandler
    startup_lpc17xx.o(.ARM.__at_0x02FC) refers (Special) to heapauxi.o(.text) for __use_two_region_memory
    startup_lpc17xx.o(.text) refers (Special) to heapauxi.o(.text) for __use_two_region_memory
    startup_lpc17xx.o(.text) refers to system_lpc17xx.o(.text) for SystemInit
    startup_lpc17xx.o(.text) refers to __main.o(!!!main) for __main
    startup_lpc17xx.o(.text) refers to startup_lpc17xx.o(HEAP) for Heap_Mem
    startup_lpc17xx.o(.text) refers to startup_lpc17xx.o(STACK) for Stack_Mem
    extintr.o(.text) refers to gpio.o(.text) for GPIO_PinFunction
    extintr.o(.text) refers to extintr.o(.data) for EintConfigTable
    hlp_gps.o(.text) refers to lpc17xx_uart.o(.text) for UART_SendByte
    hlp_gps.o(.text) refers to peripherals.o(.text) for Delay
    hlp_gps.o(.text) refers to __2printf.o(.text) for __2printf
    hlp_gps.o(.text) refers to rt_memcpy_v6.o(.text) for __aeabi_memcpy
    hlp_gps.o(.text) refers to hlp_gps.o(.data) for j
    hlp_gps.o(.text) refers to hlp_gps.o(.bss) for GPS_DATA_BUF
    hlp_gps.o(.text) refers to main.o(.data) for fGPSdataUpdate
    hlp_uart.o(.text) refers to _printf_percent.o(.ARM.Collect$$_printf_percent$$00000000) for _printf_percent
    hlp_uart.o(.text) refers to _printf_c.o(.ARM.Collect$$_printf_percent$$00000013) for _printf_c
    hlp_uart.o(.text) refers to _printf_str.o(.text) for _printf_str
    hlp_uart.o(.text) refers to lpc17xx_uart.o(.text) for UART_IntConfig
    hlp_uart.o(.text) refers to testing_functions.o(.text) for testing_loop
    hlp_uart.o(.text) refers to __2printf.o(.text) for __2printf
    hlp_uart.o(.text) refers to hlp_gps.o(.text) for RecDataToGPSbuffer
    hlp_uart.o(.text) refers to hlp_uart.o(.bss) for _hlp_uart
    hlp_uart.o(.text) refers to main.o(.data) for fUart3to0Bride
    hlp_uart.o(.text) refers to hlp_vic.o(.text) for hlp_vic_set_preemp_subpri
    hlp_uart.o(.text) refers to startup_lpc17xx.o(.text) for UART1_IRQHandler
    hlp_vic.o(.text) refers to lpc17xx_nvic.o(.text) for NVIC_DeInit
    retarget.o(.text) refers (Special) to use_no_semi.o(.text) for __use_no_semihosting_swi
    retarget.o(.text) refers to hlp_uart.o(.text) for UART0_PutChar
    retarget.o(.text) refers to strcmpv7m.o(.text) for strcmp
    retarget.o(.constdata) refers (Special) to use_no_semi.o(.text) for __use_no_semihosting_swi
    ringbuf.o(.text) refers to h1_alloc.o(.text) for malloc
    ringbuf.o(.text) refers to rt_memcpy_v6.o(.text) for __aeabi_memcpy
    ringbuf.o(.text) refers to h1_free.o(.text) for free
    ringbuf.o(.text) refers to ringbuf.o(.data) for k
    iis2mdc_reg.o(.text) refers to _printf_percent.o(.ARM.Collect$$_printf_percent$$00000000) for _printf_percent
    iis2mdc_reg.o(.text) refers to _printf_s.o(.ARM.Collect$$_printf_percent$$00000014) for _printf_s
    iis2mdc_reg.o(.text) refers to _printf_str.o(.text) for _printf_str
    iis2mdc_reg.o(.text) refers to _printf_d.o(.ARM.Collect$$_printf_percent$$00000009) for _printf_d
    iis2mdc_reg.o(.text) refers to _printf_dec.o(.text) for _printf_int_dec
    iis2mdc_reg.o(.text) refers to i2c.o(.text) for I2CEngine
    iis2mdc_reg.o(.text) refers to __2printf.o(.text) for __2printf
    iis2mdc_reg.o(.text) refers to rt_memcpy_w.o(.text) for __aeabi_memcpy4
    iis2mdc_reg.o(.text) refers to fflt_clz.o(x$fpl$fflt) for __aeabi_i2f
    iis2mdc_reg.o(.text) refers to fmul.o(x$fpl$fmul) for __aeabi_fmul
    iis2mdc_reg.o(.text) refers to fdiv.o(x$fpl$fdiv) for __aeabi_fdiv
    iis2mdc_reg.o(.text) refers to faddsub_clz.o(x$fpl$fadd) for __aeabi_fadd
    iis2mdc_reg.o(.text) refers to i2c.o(.bss) for I2CSlaveBuffer
    iis2mdc_reg.o(.text) refers to iis2mdc_reg.o(.bss) for TMP_MAG_X_BUF
    iis2mdc_reg.o(.text) refers to iis2mdc_reg.o(.data) for magCnt
    iis2mdc_reg.o(.text) refers to main.o(.data) for fReadMagneto
    i2c.o(.text) refers to i2c.o(.bss) for timeout
    i2c.o(.text) refers to i2c.o(.data) for WrIndex0
[...]
    initSDcard                               0x00009591   Thumb Code    98  peripherals.o(.text)
    checkSDcard                              0x000095f3   Thumb Code   118  peripherals.o(.text)
    reverse                                  0x00009669   Thumb Code    28  peripherals.o(.text)
    intToStr                                 0x00009685   Thumb Code    72  peripherals.o(.text)
    ftoa                                     0x000096cd   Thumb Code   698  peripherals.o(.text)
    convertJsonRecSDbuf                      0x00009987   Thumb Code  3520  peripherals.o(.text)
    recordtoSDcard                           0x0000a747   Thumb Code   390  peripherals.o(.text)
    ledUpdate                                0x0000a8cd   Thumb Code   272  peripherals.o(.text)
    SysTick_Handler                          0x0000a9dd   Thumb Code   200  peripherals.o(.text)
    onOffLongPres                            0x0000aaa5   Thumb Code    28  peripherals.o(.text)
    resetLongPres                            0x0000aac1   Thumb Code    54  peripherals.o(.text)
    butread                                  0x0000aaf7   Thumb Code   104  peripherals.o(.text)
    resetButRead                             0x0000ab5f   Thumb Code   118  peripherals.o(.text)
    USB_ResetCore                            0x0000ac81   Thumb Code    30  usbcore.o(.text)
    USB_SetupStage                           0x0000ac9f   Thumb Code    12  usbcore.o(.text)
    USB_DataInStage                          0x0000acab   Thumb Code    52  usbcore.o(.text)
    USB_DataOutStage                         0x0000acdf   Thumb Code    34  usbcore.o(.text)
    USB_StatusInStage                        0x0000ad01   Thumb Code    14  usbcore.o(.text)
    USB_StatusOutStage                       0x0000ad0f   Thumb Code    12  usbcore.o(.text)
    USB_EndPoint0                            0x0000ae8b   Thumb Code   568  usbcore.o(.text)
    EPAdr                                    0x0000b0cd   Thumb Code    16  usbhw.o(.text)
    WrCmd                                    0x0000b0dd   Thumb Code    30  usbhw.o(.text)
    WrCmdDat                                 0x0000b0fb   Thumb Code    58  usbhw.o(.text)
    RdCmdDat                                 0x0000b135   Thumb Code    38  usbhw.o(.text)
    USB_SetAddress                           0x0000b15b   Thumb Code    24  usbhw.o(.text)
    USB_Reset                                0x0000b173   Thumb Code   166  usbhw.o(.text)
    USB_Init                                 0x0000b219   Thumb Code   138  usbhw.o(.text)
    USB_Connect                              0x0000b2a3   Thumb Code    28  usbhw.o(.text)
    USB_Suspend                              0x0000b2bf   Thumb Code     2  usbhw.o(.text)
    USB_Resume                               0x0000b2c1   Thumb Code     2  usbhw.o(.text)
    USB_WakeUp                               0x0000b2c3   Thumb Code    22  usbhw.o(.text)
    USB_WakeUpCfg                            0x0000b2d9   Thumb Code     2  usbhw.o(.text)
    USB_Configure                            0x0000b2db   Thumb Code    60  usbhw.o(.text)
    USB_ConfigEP                             0x0000b317   Thumb Code    68  usbhw.o(.text)
    USB_DirCtrlEP                            0x0000b35b   Thumb Code     2  usbhw.o(.text)
    USB_EnableEP                             0x0000b35d   Thumb Code    26  usbhw.o(.text)
    USB_DisableEP                            0x0000b377   Thumb Code    26  usbhw.o(.text)
    USB_ResetEP                              0x0000b391   Thumb Code    26  usbhw.o(.text)
    USB_SetStallEP                           0x0000b3ab   Thumb Code    26  usbhw.o(.text)
    USB_ClrStallEP                           0x0000b3c5   Thumb Code    26  usbhw.o(.text)
    USB_ReadEP                               0x0000b3df   Thumb Code   116  usbhw.o(.text)
    USB_WriteEP                              0x0000b453   Thumb Code    92  usbhw.o(.text)
    USB_DMA_Setup                            0x0000b4af   Thumb Code   346  usbhw.o(.text)
    USB_DMA_Enable                           0x0000b609   Thumb Code    20  usbhw.o(.text)
    USB_DMA_Disable                          0x0000b61d   Thumb Code    22  usbhw.o(.text)
    USB_DMA_Status                           0x0000b633   Thumb Code    76  usbhw.o(.text)
    USB_DMA_BufAdr                           0x0000b67f   Thumb Code    30  usbhw.o(.text)
    USB_DMA_BufCnt                           0x0000b69d   Thumb Code    30  usbhw.o(.text)
    USB_GetFrame                             0x0000b6bb   Thumb Code    30  usbhw.o(.text)
    USB_IRQHandler                           0x0000b6d9   Thumb Code   502  usbhw.o(.text)
    USB_Reset_Event                          0x0000b901   Thumb Code     8  usbuser.o(.text)
    USB_Configure_Event                      0x0000b909   Thumb Code    24  usbuser.o(.text)
    USB_EndPoint1                            0x0000b921   Thumb Code    28  usbuser.o(.text)
    USB_EndPoint2                            0x0000b93d   Thumb Code    28  usbuser.o(.text)
    USB_EndPoint3                            0x0000b959   Thumb Code    28  usbuser.o(.text)
    USB_EndPoint4                            0x0000b975   Thumb Code     2  usbuser.o(.text)
    USB_EndPoint5                            0x0000b977   Thumb Code     2  usbuser.o(.text)
    USB_EndPoint6                            0x0000b979   Thumb Code     2  usbuser.o(.text)
    USB_EndPoint7                            0x0000b97b   Thumb Code     2  usbuser.o(.text)
    USB_EndPoint8                            0x0000b97d   Thumb Code     2  usbuser.o(.text)
    USB_EndPoint9                            0x0000b97f   Thumb Code     2  usbuser.o(.text)
    USB_EndPoint10                           0x0000b981   Thumb Code     2  usbuser.o(.text)
    USB_EndPoint11                           0x0000b983   Thumb Code     2  usbuser.o(.text)
    USB_EndPoint12                           0x0000b985   Thumb Code     2  usbuser.o(.text)
    USB_EndPoint13                           0x0000b987   Thumb Code     2  usbuser.o(.text)
    USB_EndPoint14                           0x0000b989   Thumb Code     2  usbuser.o(.text)
    USB_EndPoint15                           0x0000b98b   Thumb Code     2  usbuser.o(.text)
    HID_GetReport                            0x0000b995   Thumb Code    48  hiduser.o(.text)
    HID_SetReport                            0x0000b9c5   Thumb Code    48  hiduser.o(.text)
    HID_GetIdle                              0x0000b9f5   Thumb Code    16  hiduser.o(.text)
    HID_SetIdle                              0x0000ba05   Thumb Code    16  hiduser.o(.text)
    HID_GetProtocol                          0x0000ba15   Thumb Code    12  hiduser.o(.text)
    HID_SetProtocol                          0x0000ba21   Thumb Code    12  hiduser.o(.text)
    __rt_ctype_table                         0x0000ba45   Thumb Code    16  rt_ctype_table.o(.text)
    __aeabi_errno_addr                       0x0000ba55   Thumb Code     8  rt_errno_addr_intlibspace.o(.text)
    __errno$intlibspace                      0x0000ba55   Thumb Code     0  rt_errno_addr_intlibspace.o(.text)
    __rt_errno_addr$intlibspace              0x0000ba55   Thumb Code     0  rt_errno_addr_intlibspace.o(.text)
    malloc                                   0x0000ba5d   Thumb Code    94  h1_alloc.o(.text)
    free                                     0x0000babb   Thumb Code    78  h1_free.o(.text)
    __aeabi_uldivmod                         0x0000bb09   Thumb Code     0  lludivv7m.o(.text)
    _ll_udiv                                 0x0000bb09   Thumb Code   238  lludivv7m.o(.text)
    __2printf                                0x0000bbf9   Thumb Code    20  __2printf.o(.text)
    __2sprintf                               0x0000bc11   Thumb Code    38  __2sprintf.o(.text)
    _printf_pre_padding                      0x0000bc3d   Thumb Code    44  _printf_pad.o(.text)
    _printf_post_padding                     0x0000bc69   Thumb Code    34  _printf_pad.o(.text)
    _printf_str                              0x0000bc8b   Thumb Code    82  _printf_str.o(.text)
    _printf_int_dec                          0x0000bcdd   Thumb Code   104  _printf_dec.o(.text)
    __printf                                 0x0000bd55   Thumb Code   270  __printf_wp.o(.text)
    ferror                                   0x0000be63   Thumb Code     8  ferror.o(.text)
    fputs                                    0x0000be6b   Thumb Code    34  fputs.o(.text)
    _fseek                                   0x0000be8d   Thumb Code   242  fseek.o(.text)
    fseek                                    0x0000be8d   Thumb Code     0  fseek.o(.text)
    _ftell_internal                          0x0000bf85   Thumb Code    66  ftell.o(.text)
    ftell                                    0x0000bf85   Thumb Code     0  ftell.o(.text)
    puts                                     0x0000bfc9   Thumb Code    40  puts.o(.text)
    rewind                                   0x0000bff5   Thumb Code    22  rewind.o(.text)
    freopen                                  0x0000c00d   Thumb Code   158  fopen.o(.text)
    fopen                                    0x0000c0ab   Thumb Code    74  fopen.o(.text)
    _fclose_internal                         0x0000c0f9   Thumb Code    76  fclose.o(.text)
    fclose                                   0x0000c0f9   Thumb Code     0  fclose.o(.text)
    strchr                                   0x0000c145   Thumb Code    20  strchr.o(.text)
    strstr                                   0x0000c159   Thumb Code    36  strstr.o(.text)
    strcpy                                   0x0000c17d   Thumb Code    72  strcpy.o(.text)
    strlen                                   0x0000c1c5   Thumb Code    62  strlen.o(.text)
    strncmp                                  0x0000c203   Thumb Code   150  strncmp.o(.text)
    __aeabi_memcpy                           0x0000c299   Thumb Code     0  rt_memcpy_v6.o(.text)
    __rt_memcpy                              0x0000c299   Thumb Code   138  rt_memcpy_v6.o(.text)
    _memcpy_lastbytes                        0x0000c2ff   Thumb Code     0  rt_memcpy_v6.o(.text)
    __aeabi_memcpy4                          0x0000c323   Thumb Code     0  rt_memcpy_w.o(.text)
    __aeabi_memcpy8                          0x0000c323   Thumb Code     0  rt_memcpy_w.o(.text)
    __rt_memcpy_w                            0x0000c323   Thumb Code   100  rt_memcpy_w.o(.text)
    _memcpy_lastbytes_aligned                0x0000c36b   Thumb Code     0  rt_memcpy_w.o(.text)
    __aeabi_memmove4                         0x0000c387   Thumb Code     0  rt_memmove_w.o(.text)
    __aeabi_memmove8                         0x0000c387   Thumb Code     0  rt_memmove_w.o(.text)
    __rt_memmove_w                           0x0000c387   Thumb Code   122  rt_memmove_w.o(.text)
    __memmove_aligned                        0x0000c3ad   Thumb Code     0  rt_memmove_w.o(.text)
    __memmove_lastfew_aligned                0x0000c3e5   Thumb Code     0  rt_memmove_w.o(.text)
    strncpy                                  0x0000c401   Thumb Code    86  strncpy.o(.text)
    strcmp                                   0x0000c459   Thumb Code   128  strcmpv7m.o(.text)
    __use_two_region_memory                  0x0000c4d9   Thumb Code     2  heapauxi.o(.text)
    __rt_heap_escrow                         0x0000c4db   Thumb Code     2  heapauxi.o(.text)
    __rt_heap_expand                         0x0000c4dd   Thumb Code     2  heapauxi.o(.text)
    __user_libspace                          0x0000c4e1   Thumb Code     8  libspace.o(.text)
    __user_perproc_libspace                  0x0000c4e1   Thumb Code     0  libspace.o(.text)
    __user_perthread_libspace                0x0000c4e1   Thumb Code     0  libspace.o(.text)
    __rt_heap_descriptor                     0x0000c4e9   Thumb Code     8  rt_heap_descriptor_intlibspace.o(.text)
    __rt_locale                              0x0000c4f1   Thumb Code     8  rt_locale_intlibspace.o(.text)
    __use_no_heap                            0x0000c4f9   Thumb Code     2  hguard.o(.text)
    __heap$guard                             0x0000c4fb   Thumb Code     2  hguard.o(.text)
    _terminate_user_alloc                    0x0000c4fd   Thumb Code     2  init_alloc.o(.text)
    _init_user_alloc                         0x0000c4ff   Thumb Code     2  init_alloc.o(.text)
    __Heap_Full                              0x0000c501   Thumb Code    34  init_alloc.o(.text)
    __Heap_Broken                            0x0000c523   Thumb Code     6  init_alloc.o(.text)
    _init_alloc                              0x0000c529   Thumb Code    94  init_alloc.o(.text)
    __Heap_Initialize                        0x0000c587   Thumb Code    10  h1_init.o(.text)
    __Heap_DescSize                          0x0000c591   Thumb Code     4  h1_init.o(.text)
    __read_errno                             0x0000c595   Thumb Code    10  _rserrno.o(.text)
    __set_errno                              0x0000c59f   Thumb Code    12  _rserrno.o(.text)
    _printf_int_common                       0x0000c5ab   Thumb Code   178  _printf_intcommon.o(.text)
    __lib_sel_fp_printf                      0x0000c65d   Thumb Code     2  _printf_fp_dec.o(.text)
    _printf_fp_dec_real                      0x0000c80f   Thumb Code   620  _printf_fp_dec.o(.text)
    _printf_char_common                      0x0000ca87   Thumb Code    32  _printf_char_common.o(.text)
    _sputc                                   0x0000caad   Thumb Code    10  _sputc.o(.text)
    _printf_cs_common                        0x0000cab7   Thumb Code    20  _printf_char.o(.text)
    _printf_char                             0x0000cacb   Thumb Code    16  _printf_char.o(.text)
    _printf_string                           0x0000cadb   Thumb Code     8  _printf_char.o(.text)
    _printf_char_file                        0x0000cae5   Thumb Code    32  _printf_char_file.o(.text)
    __strtod_int                             0x0000cb45   Thumb Code    90  strtod.o(.text)
    clearerr                                 0x0000cbad   Thumb Code    12  clearerr.o(.text)
    _seterr                                  0x0000cbb9   Thumb Code    20  stdio.o(.text)
    _writebuf                                0x0000cbcd   Thumb Code    84  stdio.o(.text)
    _fflush                                  0x0000cc21   Thumb Code    70  stdio.o(.text)
    _deferredlazyseek                        0x0000cc67   Thumb Code    60  stdio.o(.text)
    __aeabi_memclr                           0x0000cca9   Thumb Code     0  rt_memclr.o(.text)
    __rt_memclr                              0x0000cca9   Thumb Code    68  rt_memclr.o(.text)
    _memset                                  0x0000ccad   Thumb Code     0  rt_memclr.o(.text)
    __aeabi_memclr4                          0x0000cced   Thumb Code     0  rt_memclr_w.o(.text)
    __aeabi_memclr8                          0x0000cced   Thumb Code     0  rt_memclr_w.o(.text)
    __rt_memclr_w                            0x0000cced   Thumb Code    78  rt_memclr_w.o(.text)
    _memset_w                                0x0000ccf1   Thumb Code     0  rt_memclr_w.o(.text)
    __Heap_ProvideMemory                     0x0000cd3b   Thumb Code    52  h1_extend.o(.text)
    _ll_udiv10                               0x0000cd6f   Thumb Code   138  lludiv10.o(.text)
    isspace                                  0x0000cdf9   Thumb Code    18  isspace.o(.text)
    _printf_fp_infnan                        0x0000ce0d   Thumb Code   112  _printf_fp_infnan.o(.text)
    _sgetc                                   0x0000ce8d   Thumb Code    30  _sgetc.o(.text)
    _sbackspace                              0x0000ceab   Thumb Code    34  _sgetc.o(.text)
    _btod_etento                             0x0000cecd   Thumb Code   224  bigflt0.o(.text)
    _readbuf                                 0x0000cfb1   Thumb Code    54  filbuf.o(.text)
    _seteof                                  0x0000cfe7   Thumb Code    40  filbuf.o(.text)
    __filbuf                                 0x0000d00f   Thumb Code   476  filbuf.o(.text)
    __filbuf_byte                            0x0000d00f   Thumb Code     0  filbuf.o(.text)
    __filbuf_wide                            0x0000d00f   Thumb Code     0  filbuf.o(.text)
    __flsbuf                                 0x0000d1eb   Thumb Code   470  flsbuf.o(.text)
    __flsbuf_byte                            0x0000d1eb   Thumb Code     0  flsbuf.o(.text)
    __flsbuf_wide                            0x0000d1eb   Thumb Code     0  flsbuf.o(.text)
    _initio                                  0x0000d3c1   Thumb Code   210  initio.o(.text)
    _terminateio                             0x0000d493   Thumb Code    56  initio.o(.text)
    __rt_SIGRTMEM                            0x0000d4f9   Thumb Code    14  defsig_rtmem_outer.o(.text)
    __user_setup_stackheap                   0x0000d507   Thumb Code    74  sys_stackheap_outer.o(.text)
    _scanf_really_real                       0x0000d79d   Thumb Code   684  scanf_fp.o(.text)
    setvbuf                                  0x0000da49   Thumb Code    70  setvbuf.o(.text)
    fread                                    0x0000da8f   Thumb Code   280  freadfast.o(.text)
    _flushlinebuffered                       0x0000dba9   Thumb Code    50  flushlinebuffered.o(.text)
    exit                                     0x0000dbe1   Thumb Code    18  exit.o(.text)
    __sig_exit                               0x0000dbf3   Thumb Code    10  defsig_exit.o(.text)
    __rt_SIGRTRED                            0x0000dbfd   Thumb Code    14  defsig_rtred_outer.o(.text)
    __rt_SIGRTMEM_inner                      0x0000dc0d   Thumb Code    22  defsig_rtmem_inner.o(.text)
    _do_fflush                               0x0000dc5d   Thumb Code    54  fflush.o(.text)
    fflush                                   0x0000dc93   Thumb Code    42  fflush.o(.text)
    __default_signal_display                 0x0000dcc1   Thumb Code    50  defsig_general.o(.text)
    __rt_SIGRTRED_inner                      0x0000dcf5   Thumb Code    14  defsig_rtred_inner.o(.text)
    _scanf_really_hex_real                   0x0000dd29   Thumb Code   786  scanf_hexfp.o(.text)
    _scanf_really_infnan                     0x0000e049   Thumb Code   292  scanf_infnan.o(.text)
    __aeabi_llsl                             0x0000e17d   Thumb Code     0  llshl.o(.text)
    _ll_shift_l                              0x0000e17d   Thumb Code    38  llshl.o(.text)
    _chval                                   0x0000e1a3   Thumb Code    28  _chval.o(.text)
    _btod_d2e                                0x0000e1bf   Thumb Code    62  btod.o(CL$$btod_d2e)
    _d2e_denorm_low                          0x0000e1fd   Thumb Code    70  btod.o(CL$$btod_d2e_denorm_low)
    _d2e_norm_op1                            0x0000e243   Thumb Code    96  btod.o(CL$$btod_d2e_norm_op1)
    __btod_div_common                        0x0000e2a3   Thumb Code   696  btod.o(CL$$btod_div_common)
    _e2d                                     0x0000e5dd   Thumb Code   122  btod.o(CL$$btod_e2d)
    _e2e                                     0x0000e661   Thumb Code   220  btod.o(CL$$btod_e2e)
    _btod_ediv                               0x0000e73d   Thumb Code    42  btod.o(CL$$btod_ediv)
    _btod_edivd                              0x0000e767   Thumb Code    42  btod.o(CL$$btod_edivd)
    _btod_emul                               0x0000e791   Thumb Code    42  btod.o(CL$$btod_emul)
    _btod_emuld                              0x0000e7bb   Thumb Code    42  btod.o(CL$$btod_emuld)
    __btod_mult_common                       0x0000e7e5   Thumb Code   580  btod.o(CL$$btod_mult_common)
    __ARM_fpclassify                         0x0000ea29   Thumb Code    40  fpclassify.o(i.__ARM_fpclassify)
    __kernel_poly                            0x0000ea51   Thumb Code   170  poly.o(i.__kernel_poly)
    __mathlib_dbl_divzero                    0x0000eafd   Thumb Code    12  dunder.o(i.__mathlib_dbl_divzero)
    __mathlib_dbl_infnan2                    0x0000eb0d   Thumb Code     4  dunder.o(i.__mathlib_dbl_infnan2)
    __mathlib_dbl_invalid                    0x0000eb11   Thumb Code    12  dunder.o(i.__mathlib_dbl_invalid)
    __mathlib_dbl_overflow                   0x0000eb1d   Thumb Code    14  dunder.o(i.__mathlib_dbl_overflow)
    __mathlib_dbl_underflow                  0x0000eb2d   Thumb Code    10  dunder.o(i.__mathlib_dbl_underflow)
    __mathlib_narrow                         0x0000eb3d   Thumb Code    16  narrow.o(i.__mathlib_narrow)
    __mathlib_tofloat                        0x0000eb4d   Thumb Code   184  narrow.o(i.__mathlib_tofloat)
    __support_ldexp                          0x0000ec09   Thumb Code    22  ldexp.o(i.__support_ldexp)
    _is_digit                                0x0000ec1f   Thumb Code    14  __printf_wp.o(i._is_digit)
    atof                                     0x0000ec2d   Thumb Code    42  atof.o(i.atof)
    fputc                                    0x0000ec57   Thumb Code    26  fputc.o(i.fputc)
    frexp                                    0x0000ec71   Thumb Code    80  frexp.o(i.frexp)
    ldexp                                    0x0000ecc9   Thumb Code   116  ldexp.o(i.ldexp)
    modf                                     0x0000ed3d   Thumb Code   142  modf.o(i.modf)
    pow                                      0x0000edd1   Thumb Code  2512  pow.o(i.pow)
    sqrt                                     0x0000f7a9   Thumb Code    76  sqrt.o(i.sqrt)
    strtod                                   0x0000f7f5   Thumb Code    28  strtod.o(i.strtod)
    _get_lc_ctype                            0x0000f811   Thumb Code    44  lc_ctype_c.o(locale$$code)
    _get_lc_numeric                          0x0000f83d   Thumb Code    44  lc_numeric_c.o(locale$$code)
    __aeabi_d2f                              0x0000f869   Thumb Code     0  d2f.o(x$fpl$d2f)
    _d2f                                     0x0000f869   Thumb Code    98  d2f.o(x$fpl$d2f)
    __aeabi_dadd                             0x0000f8cd   Thumb Code     0  daddsub_clz.o(x$fpl$dadd)
    _dadd                                    0x0000f8cd   Thumb Code   332  daddsub_clz.o(x$fpl$dadd)
    __fpl_dcheck_NaN1                        0x0000fa1d   Thumb Code    10  dcheck1.o(x$fpl$dcheck1)
    __fpl_dcmp_Inf                           0x0000fa2d   Thumb Code    24  dcmpi.o(x$fpl$dcmpinf)
    __aeabi_ddiv                             0x0000fa45   Thumb Code     0  ddiv.o(x$fpl$ddiv)
    _ddiv                                    0x0000fa45   Thumb Code   552  ddiv.o(x$fpl$ddiv)
    __aeabi_cdcmpeq                          0x0000fcf5   Thumb Code     0  deqf.o(x$fpl$deqf)
    _dcmpeq                                  0x0000fcf5   Thumb Code   120  deqf.o(x$fpl$deqf)
    __aeabi_i2d                              0x0000fd6d   Thumb Code     0  dflt_clz.o(x$fpl$dflt)
    _dflt                                    0x0000fd6d   Thumb Code    46  dflt_clz.o(x$fpl$dflt)
    __aeabi_cdcmple                          0x0000fd9d   Thumb Code     0  dleqf.o(x$fpl$dleqf)
    _dcmple                                  0x0000fd9d   Thumb Code   120  dleqf.o(x$fpl$dleqf)
    __fpl_dcmple_InfNaN                      0x0000fdff   Thumb Code     0  dleqf.o(x$fpl$dleqf)
    __aeabi_dmul                             0x0000fe15   Thumb Code     0  dmul.o(x$fpl$dmul)
    _dmul                                    0x0000fe15   Thumb Code   332  dmul.o(x$fpl$dmul)
    __fpl_dnaninf                            0x0000ff69   Thumb Code   156  dnaninf.o(x$fpl$dnaninf)
    __fpl_dretinf                            0x00010005   Thumb Code    12  dretinf.o(x$fpl$dretinf)
    __aeabi_cdrcmple                         0x00010011   Thumb Code     0  drleqf.o(x$fpl$drleqf)
    _drcmple                                 0x00010011   Thumb Code   108  drleqf.o(x$fpl$drleqf)
    __aeabi_drsub                            0x0001007d   Thumb Code     0  daddsub_clz.o(x$fpl$drsb)
    _drsb                                    0x0001007d   Thumb Code    22  daddsub_clz.o(x$fpl$drsb)
    _dsqrt                                   0x00010095   Thumb Code   456  dsqrt_noumaal.o(x$fpl$dsqrt)
    __aeabi_dsub                             0x00010261   Thumb Code     0  daddsub_clz.o(x$fpl$dsub)
    _dsub                                    0x00010261   Thumb Code   464  daddsub_clz.o(x$fpl$dsub)
    __aeabi_f2d                              0x00010435   Thumb Code     0  f2d.o(x$fpl$f2d)
    _f2d                                     0x00010435   Thumb Code    86  f2d.o(x$fpl$f2d)
    __aeabi_fadd                             0x0001048d   Thumb Code     0  faddsub_clz.o(x$fpl$fadd)
    _fadd                                    0x0001048d   Thumb Code   196  faddsub_clz.o(x$fpl$fadd)
    __aeabi_fdiv                             0x00010551   Thumb Code     0  fdiv.o(x$fpl$fdiv)
    _fdiv                                    0x00010551   Thumb Code   384  fdiv.o(x$fpl$fdiv)
    __aeabi_f2iz                             0x000106d5   Thumb Code     0  ffix.o(x$fpl$ffix)
    _ffix                                    0x000106d5   Thumb Code    54  ffix.o(x$fpl$ffix)
    __aeabi_i2f                              0x0001070d   Thumb Code     0  fflt_clz.o(x$fpl$fflt)
    _fflt                                    0x0001070d   Thumb Code    48  fflt_clz.o(x$fpl$fflt)
    __aeabi_fmul                             0x0001073d   Thumb Code     0  fmul.o(x$fpl$fmul)
    _fmul                                    0x0001073d   Thumb Code   258  fmul.o(x$fpl$fmul)
    __fpl_fnaninf                            0x0001083f   Thumb Code   140  fnaninf.o(x$fpl$fnaninf)
    __fpl_fretinf                            0x000108cb   Thumb Code    10  fretinf.o(x$fpl$fretinf)
    __aeabi_frsub                            0x000108d5   Thumb Code     0  faddsub_clz.o(x$fpl$frsb)
    _frsb                                    0x000108d5   Thumb Code    20  faddsub_clz.o(x$fpl$frsb)
    __aeabi_fsub                             0x000108e9   Thumb Code     0  faddsub_clz.o(x$fpl$fsub)
    _fsub                                    0x000108e9   Thumb Code   234  faddsub_clz.o(x$fpl$fsub)
    __ieee_status                            0x000109d3   Thumb Code     6  istatus.o(x$fpl$ieeestatus)
    _printf_fp_dec                           0x000109d9   Thumb Code     4  printf1.o(x$fpl$printf1)
    __fpl_return_NaN                         0x000109dd   Thumb Code   100  retnan.o(x$fpl$retnan)
    __ARM_scalbn                             0x00010a41   Thumb Code    92  scalbn.o(x$fpl$scalbn)
    _scanf_real                              0x00010a9d   Thumb Code     4  scanf1.o(x$fpl$scanf1)
    _scanf_hex_real                          0x00010aa1   Thumb Code     4  scanf2.o(x$fpl$scanf2)
    _scanf_infnan                            0x00010aa5   Thumb Code     4  scanf2.o(x$fpl$scanf2)
    __fpl_cmpreturn                          0x00010aa9   Thumb Code    48  trapv.o(x$fpl$trapveneer)
    __stdin_name                             0x00010ad8   Data           6  retarget.o(.constdata)
    __stdout_name                            0x00010ade   Data           7  retarget.o(.constdata)
    __stderr_name                            0x00010ae5   Data           7  retarget.o(.constdata)
    AdcConfig                                0x00010af8   Data          16  adc.o(.constdata)
    HID_ReportDescriptor                     0x00010b08   Data          44  usbdesc.o(.constdata)
    HID_ReportDescSize                       0x00010b34   Data           2  usbdesc.o(.constdata)
    USB_DeviceDescriptor                     0x00010b36   Data          18  usbdesc.o(.constdata)
    USB_ConfigDescriptor                     0x00010b48   Data          35  usbdesc.o(.constdata)
    USB_StringDescriptor                     0x00010b6b   Data         100  usbdesc.o(.constdata)
    DDAdr                                    0x00010bd0   Data           8  usbhw.o(.constdata)
    DDSz                                     0x00010bd8   Data           8  usbhw.o(.constdata)
    USB_P_EP                                 0x00010be0   Data          64  usbuser.o(.constdata)
    __mathlib_zero                           0x00010ca8   Data           8  qnan.o(.constdata)
    Region$$Table$$Base                      0x00010d44   Number         0  anon$$obj.o(Region$$Table)
    Region$$Table$$Limit                     0x00010d64   Number         0  anon$$obj.o(Region$$Table)
    __aeabi_HUGE_VAL                         0x00010d64   Data           0  fpconst.o(c$$dinf)
    __aeabi_HUGE_VALL                        0x00010d64   Data           0  fpconst.o(c$$dinf)
    __aeabi_INFINITY                         0x00010d64   Data           0  fpconst.o(c$$dinf)
    __dInf                                   0x00010d64   Data           0  fpconst.o(c$$dinf)
    __huge_val                               0x00010d64   Data           0  fpconst.o(c$$dinf)
    __dbl_max                                0x00010d6c   Data           0  fpconst.o(c$$dmax)
    __ctype                                  0x00010d81   Data           0  lc_ctype_c.o(locale$$data)
    SystemCoreClock                          0x10000000   Data           4  system_lpc17xx.o(.data)
    intcnt                                   0x10000004   Data           4  extintr.o(.data)
    EintConfigTable                          0x10000008   Data          32  extintr.o(.data)
    i                                        0x10000028   Data           4  hlp_gps.o(.data)
    j                                        0x1000002c   Data           4  hlp_gps.o(.data)
    k                                        0x10000030   Data           4  hlp_gps.o(.data)
    GPS_FIX_DATA_BUF                         0x10000034   Data           2  hlp_gps.o(.data)
    GPS_VELOCITY_BUF                         0x10000036   Data           6  hlp_gps.o(.data)
    GPS_DATE_BUF                             0x1000003c   Data           7  hlp_gps.o(.data)
    GPS_ALTITUDE_DATA_BUF                    0x10000043   Data           6  hlp_gps.o(.data)
    newMag                                   0x1000004c   Data           6  iis2mdc_reg.o(.data)
    MAG_ERR_BUF                              0x10000054   Data           4  iis2mdc_reg.o(.data)
    magErrCnt                                0x10000058   Data           4  iis2mdc_reg.o(.data)
    magCnt                                   0x1000005c   Data           4  iis2mdc_reg.o(.data)
    RdIndex0                                 0x10000060   Data           4  i2c.o(.data)
    RdIndex1                                 0x10000064   Data           4  i2c.o(.data)
    RdIndex2                                 0x10000068   Data           4  i2c.o(.data)
    WrIndex0                                 0x1000006c   Data           4  i2c.o(.data)
    WrIndex1                                 0x10000070   Data           4  i2c.o(.data)
    WrIndex2                                 0x10000074   Data           4  i2c.o(.data)
    newGyro                                  0x10000078   Data           6  fxas21002.o(.data)
    GYRO_ERR_BUF                             0x10000080   Data           4  fxas21002.o(.data)
    gyroErrCnt                               0x10000084   Data           4  fxas21002.o(.data)
    gyroCnt                                  0x10000088   Data           4  fxas21002.o(.data)
    ACC_ERR_BUF                              0x1000008c   Data           4  mma8452q.o(.data)
    accErrCnt                                0x10000090   Data           4  mma8452q.o(.data)
    accCnt                                   0x10000094   Data           4  mma8452q.o(.data)
    V_SdHighcapacityFlag_u8                  0x10000098   Data           1  sdcard.o(.data)
    dummy_u8                                 0x10000099   Data           1  spi.o(.data)
    firstDataSector                          0x1000009c   Data           4  fat32.o(.data)
    rootCluster                              0x100000a0   Data           4  fat32.o(.data)
    totalClusters                            0x100000a4   Data           4  fat32.o(.data)
    bytesPerSector                           0x100000a8   Data           2  fat32.o(.data)
    sectorPerCluster                         0x100000aa   Data           2  fat32.o(.data)
    reservedSectorCount                      0x100000ac   Data           2  fat32.o(.data)
    unusedSectors                            0x100000b0   Data           4  fat32.o(.data)
    freeClusterCountUpdated                  0x100000b4   Data           1  fat32.o(.data)
    _db_msg                                  0x100000d4   Data           4  debug_frmwrk.o(.data)
    _db_msg_                                 0x100000d8   Data           4  debug_frmwrk.o(.data)
    _db_char                                 0x100000dc   Data           4  debug_frmwrk.o(.data)
    _db_dec                                  0x100000e0   Data           4  debug_frmwrk.o(.data)
    _db_dec_16                               0x100000e4   Data           4  debug_frmwrk.o(.data)
    _db_dec_32                               0x100000e8   Data           4  debug_frmwrk.o(.data)
    _db_hex                                  0x100000ec   Data           4  debug_frmwrk.o(.data)
    _db_hex_16                               0x100000f0   Data           4  debug_frmwrk.o(.data)
    _db_hex_32                               0x100000f4   Data           4  debug_frmwrk.o(.data)
    _db_get_char                             0x100000f8   Data           4  debug_frmwrk.o(.data)
    f10ms                                    0x100000fc   Data           4  main.o(.data)
    f100ms                                   0x10000100   Data           4  main.o(.data)
    f500ms                                   0x10000104   Data           4  main.o(.data)
    f1s                                      0x10000108   Data           4  main.o(.data)
    f2s                                      0x1000010c   Data           4  main.o(.data)
    f3s                                      0x10000110   Data           4  main.o(.data)
    f10s                                     0x10000114   Data           4  main.o(.data)
    f1m                                      0x10000118   Data           4  main.o(.data)
    fReadAcc                                 0x1000011c   Data           4  main.o(.data)
    fReadGyro                                0x10000120   Data           4  main.o(.data)
    fReadMagneto                             0x10000124   Data           4  main.o(.data)
    fSDbufferFull                            0x10000128   Data           4  main.o(.data)
    fPowerDown                               0x1000012c   Data           4  main.o(.data)
    fGPSdataUpdate                           0x10000130   Data           4  main.o(.data)
    fEnableDebugLog                          0x10000134   Data           4  main.o(.data)
    fEnableGPSDataLog                        0x10000138   Data           4  main.o(.data)
    fUart3to0Bride                           0x1000013c   Data           4  main.o(.data)
    fcheckSensors                            0x10000140   Data           4  main.o(.data)
    frecordJSONtoSD                          0x10000144   Data           4  main.o(.data)
    fshowSDCardStatus                        0x10000148   Data           4  main.o(.data)
    fSDCardStatus                            0x1000014c   Data           4  main.o(.data)
    fErrorToggleStatus                       0x10000150   Data           4  main.o(.data)
    fResetLongPressed                        0x10000154   Data           4  main.o(.data)
    fInitGPS                                 0x10000158   Data           4  main.o(.data)
    InReport                                 0x1000015c   Data           1  main.o(.data)
    OutReport                                0x1000015d   Data           1  main.o(.data)
    sensorReadCnt                            0x1000015e   Data           1  main.o(.data)
    sensorReadErrorCnt                       0x1000015f   Data           1  main.o(.data)
    filePtr                                  0x10000160   Data           4  main.o(.data)
    uPoll                                    0x10000164   Data           4  main.o(.data)
    uPinState                                0x10000168   Data           4  main.o(.data)
    uPrevPinState                            0x1000016c   Data           4  main.o(.data)
    counter                                  0x10000170   Data           4  peripherals.o(.data)
    fillSdBufferCnt                          0x10000174   Data           1  peripherals.o(.data)
    AD_last                                  0x10000176   Data           2  peripherals.o(.data)
    SysTickCnt                               0x10000178   Data           4  peripherals.o(.data)
    f10msCnt                                 0x1000017c   Data           1  peripherals.o(.data)
    f100msCnt                                0x1000017d   Data           1  peripherals.o(.data)
    f500msCnt                                0x1000017e   Data           1  peripherals.o(.data)
    f1sCnt                                   0x1000017f   Data           1  peripherals.o(.data)
    f2sCnt                                   0x10000180   Data           1  peripherals.o(.data)
    f10sCnt                                  0x10000181   Data           1  peripherals.o(.data)
    f1mCnt                                   0x10000182   Data           1  peripherals.o(.data)
    RGB200msCnt                              0x10000183   Data           1  peripherals.o(.data)
    butdat                                   0x10000184   Data           2  peripherals.o(.data)
    prvdat                                   0x10000186   Data           2  peripherals.o(.data)
    vdcnt                                    0x10000188   Data           2  peripherals.o(.data)
    lvdcnt                                   0x1000018a   Data           2  peripherals.o(.data)
    prvbut                                   0x1000018c   Data           2  peripherals.o(.data)
    button                                   0x1000018e   Data           2  peripherals.o(.data)
    presdb                                   0x10000190   Data           2  peripherals.o(.data)
    resbutdat                                0x10000192   Data           2  peripherals.o(.data)
    resprvdat                                0x10000194   Data           2  peripherals.o(.data)
    resvdcnt                                 0x10000196   Data           2  peripherals.o(.data)
    reslvdcnt                                0x10000198   Data           2  peripherals.o(.data)
    resprvbut                                0x1000019a   Data           2  peripherals.o(.data)
    resbutton                                0x1000019c   Data           2  peripherals.o(.data)
    respresdb                                0x1000019e   Data           2  peripherals.o(.data)
    hardresbutdat                            0x100001a0   Data           2  peripherals.o(.data)
    hardresprvdat                            0x100001a2   Data           2  peripherals.o(.data)
    hardresvdcnt                             0x100001a4   Data           2  peripherals.o(.data)
    hardreslvdcnt                            0x100001a6   Data           2  peripherals.o(.data)
    hardresprvbut                            0x100001a8   Data           2  peripherals.o(.data)
    hardresbutton                            0x100001aa   Data           2  peripherals.o(.data)
    hardrespresdb                            0x100001ac   Data           2  peripherals.o(.data)
    switchStatues                            0x100001b0   Data           4  peripherals.o(.data)
    sourceFileName                           0x100001b4   Data          12  peripherals.o(.data)
    USB_DeviceStatus                         0x100001c0   Data           2  usbcore.o(.data)
    USB_DeviceAddress                        0x100001c2   Data           1  usbcore.o(.data)
    USB_Configuration                        0x100001c3   Data           1  usbcore.o(.data)
    USB_EndPointMask                         0x100001c4   Data           4  usbcore.o(.data)
    USB_EndPointHalt                         0x100001c8   Data           4  usbcore.o(.data)
    USB_NumInterfaces                        0x100001cc   Data           1  usbcore.o(.data)
    USB_AltSetting                           0x100001cd   Data           1  usbcore.o(.data)
    EP0Buf                                   0x100001ce   Data           8  usbcore.o(.data)
    EP0Data                                  0x100001d8   Data           8  usbcore.o(.data)
    SetupPacket                              0x100001e0   Data           8  usbcore.o(.data)
    DDMemMap                                 0x100001e8   Data           8  usbhw.o(.data)
    HID_Protocol                             0x100001f0   Data           1  hiduser.o(.data)
    HID_IdleTime                             0x100001f1   Data           1  hiduser.o(.data)
    __aeabi_stdin                            0x100001f4   Data           4  stdio_streams.o(.data)
    __aeabi_stdout                           0x100001f8   Data           4  stdio_streams.o(.data)
    __aeabi_stderr                           0x100001fc   Data           4  stdio_streams.o(.data)
    GPS_DATA_BUF                             0x10000200   Data         164  hlp_gps.o(.bss)
    GPS_DATA_BUF_TMP                         0x100002a4   Data         164  hlp_gps.o(.bss)
    GPS_TIME_BUF                             0x10000348   Data          11  hlp_gps.o(.bss)
    GPS_NORTH_BUF                            0x10000353   Data          10  hlp_gps.o(.bss)
    GPS_EAST_BUF                             0x1000035d   Data          11  hlp_gps.o(.bss)
    _events_buf_tx_0                         0x100003b9   Data         256  hlp_uart.o(.bss)
    _events_buf_rx_0                         0x100004b9   Data         128  hlp_uart.o(.bss)
    _events_buf_tx_3                         0x10000539   Data         512  hlp_uart.o(.bss)
    _events_buf_rx_3                         0x10000739   Data         512  hlp_uart.o(.bss)
    TMP_MAG_X_BUF                            0x1000093c   Data          40  iis2mdc_reg.o(.bss)
    TMP_MAG_Y_BUF                            0x10000964   Data          40  iis2mdc_reg.o(.bss)
    TMP_MAG_Z_BUF                            0x1000098c   Data          40  iis2mdc_reg.o(.bss)
    MAG_X_BUF                                0x100009b4   Data          40  iis2mdc_reg.o(.bss)
    MAG_Y_BUF                                0x100009dc   Data          40  iis2mdc_reg.o(.bss)
    MAG_Z_BUF                                0x10000a04   Data          40  iis2mdc_reg.o(.bss)
    I2CMasterState                           0x10000a2c   Data          12  i2c.o(.bss)
    timeout                                  0x10000a38   Data          12  i2c.o(.bss)
    I2CMasterBuffer                          0x10000a44   Data         192  i2c.o(.bss)
    I2CSlaveBuffer                           0x10000b04   Data         192  i2c.o(.bss)
    I2CCount                                 0x10000bc4   Data          12  i2c.o(.bss)
    I2CReadLength                            0x10000bd0   Data          12  i2c.o(.bss)
    I2CWriteLength                           0x10000bdc   Data          12  i2c.o(.bss)
    TMP_GYRO_X_BUF                           0x10000be8   Data          40  fxas21002.o(.bss)
    TMP_GYRO_Y_BUF                           0x10000c10   Data          40  fxas21002.o(.bss)
    TMP_GYRO_Z_BUF                           0x10000c38   Data          40  fxas21002.o(.bss)
    GYRO_X_BUF                               0x10000c60   Data          40  fxas21002.o(.bss)
    GYRO_Y_BUF                               0x10000c88   Data          40  fxas21002.o(.bss)
    GYRO_Z_BUF                               0x10000cb0   Data          40  fxas21002.o(.bss)
    TMP_ACC_X_BUF                            0x10000cd8   Data          40  mma8452q.o(.bss)
    TMP_ACC_Y_BUF                            0x10000d00   Data          40  mma8452q.o(.bss)
    TMP_ACC_Z_BUF                            0x10000d28   Data          40  mma8452q.o(.bss)
    ACC_X_BUF                                0x10000d50   Data          40  mma8452q.o(.bss)
    ACC_Y_BUF                                0x10000d78   Data          40  mma8452q.o(.bss)
    ACC_Z_BUF                                0x10000da0   Data          40  mma8452q.o(.bss)
    fatMappingTable                          0x10000dc8   Data         576  fat32.o(.bss)
    SDCARDBUFFER                             0x10001008   Data        1024  peripherals.o(.bss)
    udca                                     0x10001408   Data         128  usbhw.o(.bss)
    __libspace_start                         0x10001488   Data          96  libspace.o(.bss)
    __stdin                                  0x100014e8   Data          84  stdio_streams.o(.bss)
    __temporary_stack_top$libspace           0x100014e8   Data           0  libspace.o(.bss)
    __stdout                                 0x1000153c   Data          84  stdio_streams.o(.bss)
    __stderr                                 0x10001590   Data          84  stdio_streams.o(.bss)
    UDCA                                     0x10005de8   Data         128  usbhw.o(USB_RAM)
    DD_NISO_Mem                              0x10005e68   Data         256  usbhw.o(USB_RAM)
    DD_ISO_Mem                               0x10005f68   Data         160  usbhw.o(USB_RAM)



==============================================================================

Memory Map of the image

  Image Entry point : 0x000001d5

  Load Region LR_1 (Base: 0x00000000, Size: 0x000110a0, Max: 0xffffffff, ABSOLUTE, COMPRESSED[0x00010ed4])

    Execution Region ER_RO (Exec base: 0x00000000, Load base: 0x00000000, Size: 0x00010ea0, Max: 0xffffffff, ABSOLUTE)

    Exec Addr    Load Addr    Size         Type   Attr      Idx    E Section Name        Object

    0x00000000   0x00000000   0x000000cc   Data   RO           44    RESET               startup_lpc17xx.o
    0x000000cc   0x000000cc   0x00000008   Code   RO         1148  * !!!main             c_w.l(__main.o)
    0x000000d4   0x000000d4   0x00000034   Code   RO         1666    !!!scatter          c_w.l(__scatter.o)
    0x00000108   0x00000108   0x0000003a   Code   RO         1664    !!dczerorl          c_w.l(__dczerorl.o)
    0x00000142   0x00000142   0x00000002   PAD
    0x00000144   0x00000144   0x0000001c   Code   RO         1668    !!handler_zi        c_w.l(__scatter_zi.o)
    0x00000160   0x00000160   0x00000000   Code   RO         1097    .ARM.Collect$$_printf_percent$$00000000  c_w.l(_printf_percent.o)
    0x00000160   0x00000160   0x00000006   Code   RO         1095    .ARM.Collect$$_printf_percent$$00000003  c_w.l(_printf_f.o)
    0x00000166   0x00000166   0x00000006   Code   RO         1096    .ARM.Collect$$_printf_percent$$00000005  c_w.l(_printf_g.o)
    0x0000016c   0x0000016c   0x00000006   Code   RO         1094    .ARM.Collect$$_printf_percent$$00000009  c_w.l(_printf_d.o)
    0x00000172   0x00000172   0x00000006   Code   RO         1092    .ARM.Collect$$_printf_percent$$00000013  c_w.l(_printf_c.o)
    0x00000178   0x00000178   0x00000006   Code   RO         1093    .ARM.Collect$$_printf_percent$$00000014  c_w.l(_printf_s.o)
    0x0000017e   0x0000017e   0x00000004   Code   RO         1276    .ARM.Collect$$_printf_percent$$00000017  c_w.l(_printf_percent_end.o)
    0x00000182   0x00000182   0x00000002   Code   RO         1557    .ARM.Collect$$libinit$$00000000  c_w.l(libinit.o)
    0x00000184   0x00000184   0x00000000   Code   RO         1314    .ARM.Collect$$libinit$$00000002  c_w.l(libinit2.o)
    0x00000184   0x00000184   0x00000000   Code   RO         1316    .ARM.Collect$$libinit$$00000004  c_w.l(libinit2.o)
    0x00000184   0x00000184   0x00000008   Code   RO         1317    .ARM.Collect$$libinit$$00000005  c_w.l(libinit2.o)
    0x0000018c   0x0000018c   0x00000000   Code   RO         1319    .ARM.Collect$$libinit$$0000000A  c_w.l(libinit2.o)
    0x0000018c   0x0000018c   0x00000000   Code   RO         1321    .ARM.Collect$$libinit$$0000000C  c_w.l(libinit2.o)
    0x0000018c   0x0000018c   0x00000000   Code   RO         1323    .ARM.Collect$$libinit$$0000000E  c_w.l(libinit2.o)
    0x0000018c   0x0000018c   0x00000006   Code   RO         1324    .ARM.Collect$$libinit$$0000000F  c_w.l(libinit2.o)
    0x00000192   0x00000192   0x00000000   Code   RO         1326    .ARM.Collect$$libinit$$00000011  c_w.l(libinit2.o)
    0x00000192   0x00000192   0x0000000c   Code   RO         1327    .ARM.Collect$$libinit$$00000012  c_w.l(libinit2.o)
    0x0000019e   0x0000019e   0x00000000   Code   RO         1328    .ARM.Collect$$libinit$$00000013  c_w.l(libinit2.o)
    0x0000019e   0x0000019e   0x00000000   Code   RO         1330    .ARM.Collect$$libinit$$00000015  c_w.l(libinit2.o)
    0x0000019e   0x0000019e   0x0000000a   Code   RO         1331    .ARM.Collect$$libinit$$00000016  c_w.l(libinit2.o)
    0x000001a8   0x000001a8   0x00000000   Code   RO         1332    .ARM.Collect$$libinit$$00000017  c_w.l(libinit2.o)
    0x000001a8   0x000001a8   0x00000000   Code   RO         1334    .ARM.Collect$$libinit$$00000019  c_w.l(libinit2.o)
    0x000001a8   0x000001a8   0x00000000   Code   RO         1336    .ARM.Collect$$libinit$$0000001B  c_w.l(libinit2.o)
    0x000001a8   0x000001a8   0x00000000   Code   RO         1338    .ARM.Collect$$libinit$$0000001D  c_w.l(libinit2.o)
    0x000001a8   0x000001a8   0x00000000   Code   RO         1340    .ARM.Collect$$libinit$$0000001F  c_w.l(libinit2.o)
    0x000001a8   0x000001a8   0x00000000   Code   RO         1342    .ARM.Collect$$libinit$$00000021  c_w.l(libinit2.o)
    0x000001a8   0x000001a8   0x00000000   Code   RO         1344    .ARM.Collect$$libinit$$00000023  c_w.l(libinit2.o)
    0x000001a8   0x000001a8   0x00000004   Code   RO         1345    .ARM.Collect$$libinit$$00000024  c_w.l(libinit2.o)
    0x000001ac   0x000001ac   0x00000000   Code   RO         1346    .ARM.Collect$$libinit$$00000025  c_w.l(libinit2.o)
    0x000001ac   0x000001ac   0x00000000   Code   RO         1350    .ARM.Collect$$libinit$$0000002C  c_w.l(libinit2.o)
    0x000001ac   0x000001ac   0x00000000   Code   RO         1352    .ARM.Collect$$libinit$$0000002E  c_w.l(libinit2.o)
    0x000001ac   0x000001ac   0x00000000   Code   RO         1354    .ARM.Collect$$libinit$$00000030  c_w.l(libinit2.o)
    0x000001ac   0x000001ac   0x00000000   Code   RO         1356    .ARM.Collect$$libinit$$00000032  c_w.l(libinit2.o)
    0x000001ac   0x000001ac   0x00000002   Code   RO         1357    .ARM.Collect$$libinit$$00000033  c_w.l(libinit2.o)
    0x000001ae   0x000001ae   0x00000002   Code   RO         1649    .ARM.Collect$$libshutdown$$00000000  c_w.l(libshutdown.o)
    0x000001b0   0x000001b0   0x00000000   Code   RO         1559    .ARM.Collect$$libshutdown$$00000002  c_w.l(libshutdown2.o)
    0x000001b0   0x000001b0   0x00000004   Code   RO         1560    .ARM.Collect$$libshutdown$$00000003  c_w.l(libshutdown2.o)
    0x000001b4   0x000001b4   0x00000000   Code   RO         1561    .ARM.Collect$$libshutdown$$00000004  c_w.l(libshutdown2.o)
    0x000001b4   0x000001b4   0x00000000   Code   RO         1564    .ARM.Collect$$libshutdown$$00000007  c_w.l(libshutdown2.o)
    0x000001b4   0x000001b4   0x00000000   Code   RO         1567    .ARM.Collect$$libshutdown$$0000000A  c_w.l(libshutdown2.o)
    0x000001b4   0x000001b4   0x00000000   Code   RO         1569    .ARM.Collect$$libshutdown$$0000000C  c_w.l(libshutdown2.o)
    0x000001b4   0x000001b4   0x00000000   Code   RO         1572    .ARM.Collect$$libshutdown$$0000000F  c_w.l(libshutdown2.o)
    0x000001b4   0x000001b4   0x00000002   Code   RO         1573    .ARM.Collect$$libshutdown$$00000010  c_w.l(libshutdown2.o)
    0x000001b6   0x000001b6   0x00000000   Code   RO         1227    .ARM.Collect$$rtentry$$00000000  c_w.l(__rtentry.o)
    0x000001b6   0x000001b6   0x00000000   Code   RO         1403    .ARM.Collect$$rtentry$$00000002  c_w.l(__rtentry2.o)
    0x000001b6   0x000001b6   0x00000006   Code   RO         1415    .ARM.Collect$$rtentry$$00000004  c_w.l(__rtentry4.o)
    0x000001bc   0x000001bc   0x00000000   Code   RO         1405    .ARM.Collect$$rtentry$$00000009  c_w.l(__rtentry2.o)
    0x000001bc   0x000001bc   0x00000004   Code   RO         1406    .ARM.Collect$$rtentry$$0000000A  c_w.l(__rtentry2.o)
    0x000001c0   0x000001c0   0x00000000   Code   RO         1408    .ARM.Collect$$rtentry$$0000000C  c_w.l(__rtentry2.o)
    0x000001c0   0x000001c0   0x00000008   Code   RO         1409    .ARM.Collect$$rtentry$$0000000D  c_w.l(__rtentry2.o)
    0x000001c8   0x000001c8   0x00000002   Code   RO         1576    .ARM.Collect$$rtexit$$00000000  c_w.l(rtexit.o)
    0x000001ca   0x000001ca   0x00000000   Code   RO         1613    .ARM.Collect$$rtexit$$00000002  c_w.l(rtexit2.o)
    0x000001ca   0x000001ca   0x00000004   Code   RO         1614    .ARM.Collect$$rtexit$$00000003  c_w.l(rtexit2.o)
    0x000001ce   0x000001ce   0x00000006   Code   RO         1615    .ARM.Collect$$rtexit$$00000004  c_w.l(rtexit2.o)
    0x000001d4   0x000001d4   0x00000000   Code   RO         1421    .emb_text           c_w.l(maybetermalloc1.o)
    0x000001d4   0x000001d4   0x00000040   Code   RO           46  * .text               startup_lpc17xx.o
    0x00000214   0x00000214   0x0000004a   Code   RO           53    .text               delay.o
    0x0000025e   0x0000025e   0x00000002   PAD
    0x00000260   0x00000260   0x00000098   Code   RO          245    .text               hlp_vic.o
    0x000002f8   0x000002f8   0x00000002   Code   RO          983    .text               c_w.l(use_no_semi.o)
    0x000002fa   0x000002fa   0x00000000   Code   RO         1374    x$fpl$usenofp       fz_ws.l(usenofp.o)
    0x000002fa   0x000002fa   0x00000002   PAD
    0x000002fc   0x000002fc   0x00000004   Code   RO           45    .ARM.__at_0x02FC    startup_lpc17xx.o
    0x00000300   0x00000300   0x00000294   Code   RO            2    .text               system_lpc17xx.o
    0x00000594   0x00000594   0x00000190   Code   RO           83    .text               extintr.o
    0x00000724   0x00000724   0x000000f0   Code   RO          137    .text               gpio.o
    0x00000814   0x00000814   0x000005c8   Code   RO          153    .text               hlp_gps.o
    0x00000ddc   0x00000ddc   0x000007ac   Code   RO          202    .text               hlp_uart.o
    0x00001588   0x00001588   0x00000160   Code   RO          276    .text               retarget.o
    0x000016e8   0x000016e8   0x0000035c   Code   RO          324    .text               iis2mdc_reg.o
    0x00001a44   0x00001a44   0x0000095c   Code   RO          356    .text               i2c.o
    0x000023a0   0x000023a0   0x00000334   Code   RO          383    .text               fxas21002.o
    0x000026d4   0x000026d4   0x000006a4   Code   RO          410    .text               mma8452q.o
    0x00002d78   0x00002d78   0x00000370   Code   RO          433    .text               sdcard.o
    0x000030e8   0x000030e8   0x00000114   Code   RO          459    .text               spi.o
    0x000031fc   0x000031fc   0x000012f4   Code   RO          477    .text               fat32.o
    0x000044f0   0x000044f0   0x00002d60   Code   RO          497    .text               json_serialiser.o
    0x00007250   0x00007250   0x000000e8   Code   RO          538    .text               adc.o
    0x00007338   0x00007338   0x00000140   Code   RO          560    .text               lpc17xx_clkpwr.o
    0x00007478   0x00007478   0x0000040c   Code   RO          579    .text               lpc17xx_gpio.o
    0x00007884   0x00007884   0x0000009c   Code   RO          601    .text               lpc17xx_nvic.o
    0x00007920   0x00007920   0x00000100   Code   RO          617    .text               lpc17xx_pinsel.o
    0x00007a20   0x00007a20   0x000006a8   Code   RO          674    .text               lpc17xx_uart.o
    0x000080c8   0x000080c8   0x000001f0   Code   RO          690    .text               lpc17xx_wdt.o
    0x000082b8   0x000082b8   0x00000424   Code   RO          709    .text               debug_frmwrk.o
    0x000086dc   0x000086dc   0x00000590   Code   RO          731    .text               main.o
    0x00008c6c   0x00008c6c   0x00000230   Code   RO          808    .text               testing_functions.o
    0x00008e9c   0x00008e9c   0x00001de4   Code   RO          828    .text               peripherals.o
    0x0000ac80   0x0000ac80   0x0000044c   Code   RO          861    .text               usbcore.o
    0x0000b0cc   0x0000b0cc   0x00000834   Code   RO          908    .text               usbhw.o
    0x0000b900   0x0000b900   0x00000094   Code   RO          938    .text               usbuser.o
    0x0000b994   0x0000b994   0x000000b0   Code   RO          963    .text               hiduser.o
    0x0000ba44   0x0000ba44   0x00000010   Code   RO          985    .text               c_w.l(rt_ctype_table.o)
    0x0000ba54   0x0000ba54   0x00000008   Code   RO          990    .text               c_w.l(rt_errno_addr_intlibspace.o)
    0x0000ba5c   0x0000ba5c   0x0000005e   Code   RO          996    .text               c_w.l(h1_alloc.o)
    0x0000baba   0x0000baba   0x0000004e   Code   RO          998    .text               c_w.l(h1_free.o)
    0x0000bb08   0x0000bb08   0x000000ee   Code   RO         1054    .text               c_w.l(lludivv7m.o)
    0x0000bbf6   0x0000bbf6   0x00000002   PAD
    0x0000bbf8   0x0000bbf8   0x00000018   Code   RO         1056    .text               c_w.l(__2printf.o)
    0x0000bc10   0x0000bc10   0x0000002c   Code   RO         1058    .text               c_w.l(__2sprintf.o)
    0x0000bc3c   0x0000bc3c   0x0000004e   Code   RO         1066    .text               c_w.l(_printf_pad.o)
    0x0000bc8a   0x0000bc8a   0x00000052   Code   RO         1068    .text               c_w.l(_printf_str.o)
    0x0000bcdc   0x0000bcdc   0x00000078   Code   RO         1070    .text               c_w.l(_printf_dec.o)
    0x0000bd54   0x0000bd54   0x0000010e   Code   RO         1080    .text               c_w.l(__printf_wp.o)
    0x0000be62   0x0000be62   0x00000008   Code   RO         1098    .text               c_w.l(ferror.o)
    0x0000be6a   0x0000be6a   0x00000022   Code   RO         1100    .text               c_w.l(fputs.o)
    0x0000be8c   0x0000be8c   0x000000f8   Code   RO         1104    .text               c_w.l(fseek.o)
    0x0000bf84   0x0000bf84   0x00000042   Code   RO         1106    .text               c_w.l(ftell.o)
    0x0000bfc6   0x0000bfc6   0x00000002   PAD
    0x0000bfc8   0x0000bfc8   0x0000002c   Code   RO         1108    .text               c_w.l(puts.o)
    0x0000bff4   0x0000bff4   0x00000016   Code   RO         1110    .text               c_w.l(rewind.o)
    0x0000c00a   0x0000c00a   0x00000002   PAD
    0x0000c00c   0x0000c00c   0x000000ec   Code   RO         1112    .text               c_w.l(fopen.o)
    0x0000c0f8   0x0000c0f8   0x0000004c   Code   RO         1114    .text               c_w.l(fclose.o)
    0x0000c144   0x0000c144   0x00000014   Code   RO         1126    .text               c_w.l(strchr.o)
    0x0000c158   0x0000c158   0x00000024   Code   RO         1128    .text               c_w.l(strstr.o)
    0x0000c17c   0x0000c17c   0x00000048   Code   RO         1130    .text               c_w.l(strcpy.o)
    0x0000c1c4   0x0000c1c4   0x0000003e   Code   RO         1132    .text               c_w.l(strlen.o)
    0x0000c202   0x0000c202   0x00000096   Code   RO         1134    .text               c_w.l(strncmp.o)
    0x0000c298   0x0000c298   0x0000008a   Code   RO         1136    .text               c_w.l(rt_memcpy_v6.o)
    0x0000c322   0x0000c322   0x00000064   Code   RO         1138    .text               c_w.l(rt_memcpy_w.o)
    0x0000c386   0x0000c386   0x0000007a   Code   RO         1140    .text               c_w.l(rt_memmove_w.o)
    0x0000c400   0x0000c400   0x00000056   Code   RO         1142    .text               c_w.l(strncpy.o)
    0x0000c456   0x0000c456   0x00000002   PAD
    0x0000c458   0x0000c458   0x00000080   Code   RO         1144    .text               c_w.l(strcmpv7m.o)
    0x0000c4d8   0x0000c4d8   0x00000006   Code   RO         1146    .text               c_w.l(heapauxi.o)
    0x0000c4de   0x0000c4de   0x00000002   PAD
    0x0000c4e0   0x0000c4e0   0x00000008   Code   RO         1222    .text               c_w.l(libspace.o)
    0x0000c4e8   0x0000c4e8   0x00000008   Code   RO         1235    .text               c_w.l(rt_heap_descriptor_intlibspace.o)
    0x0000c4f0   0x0000c4f0   0x00000008   Code   RO         1240    .text               c_w.l(rt_locale_intlibspace.o)
    0x0000c4f8   0x0000c4f8   0x00000004   Code   RO         1242    .text               c_w.l(hguard.o)
    0x0000c4fc   0x0000c4fc   0x0000008a   Code   RO         1244    .text               c_w.l(init_alloc.o)
    0x0000c586   0x0000c586   0x0000000e   Code   RO         1248    .text               c_w.l(h1_init.o)
    0x0000c594   0x0000c594   0x00000016   Code   RO         1262    .text               c_w.l(_rserrno.o)
    0x0000c5aa   0x0000c5aa   0x000000b2   Code   RO         1264    .text               c_w.l(_printf_intcommon.o)
    0x0000c65c   0x0000c65c   0x0000041e   Code   RO         1266    .text               c_w.l(_printf_fp_dec.o)
    0x0000ca7a   0x0000ca7a   0x00000002   PAD
    0x0000ca7c   0x0000ca7c   0x00000030   Code   RO         1268    .text               c_w.l(_printf_char_common.o)
    0x0000caac   0x0000caac   0x0000000a   Code   RO         1270    .text               c_w.l(_sputc.o)
    0x0000cab6   0x0000cab6   0x0000002c   Code   RO         1272    .text               c_w.l(_printf_char.o)
    0x0000cae2   0x0000cae2   0x00000002   PAD
    0x0000cae4   0x0000cae4   0x00000024   Code   RO         1274    .text               c_w.l(_printf_char_file.o)
    0x0000cb08   0x0000cb08   0x000000a4   Code   RO         1277    .text               c_w.l(strtod.o)
    0x0000cbac   0x0000cbac   0x0000000c   Code   RO         1279    .text               c_w.l(clearerr.o)
    0x0000cbb8   0x0000cbb8   0x000000f0   Code   RO         1289    .text               c_w.l(stdio.o)
    0x0000cca8   0x0000cca8   0x00000044   Code   RO         1307    .text               c_w.l(rt_memclr.o)
    0x0000ccec   0x0000ccec   0x0000004e   Code   RO         1309    .text               c_w.l(rt_memclr_w.o)
    0x0000cd3a   0x0000cd3a   0x00000034   Code   RO         1423    .text               c_w.l(h1_extend.o)
    0x0000cd6e   0x0000cd6e   0x0000008a   Code   RO         1427    .text               c_w.l(lludiv10.o)
    0x0000cdf8   0x0000cdf8   0x00000012   Code   RO         1429    .text               c_w.l(isspace.o)
    0x0000ce0a   0x0000ce0a   0x00000002   PAD
    0x0000ce0c   0x0000ce0c   0x00000080   Code   RO         1431    .text               c_w.l(_printf_fp_infnan.o)
    0x0000ce8c   0x0000ce8c   0x00000040   Code   RO         1435    .text               c_w.l(_sgetc.o)
    0x0000cecc   0x0000cecc   0x000000e4   Code   RO         1437    .text               c_w.l(bigflt0.o)
    0x0000cfb0   0x0000cfb0   0x0000023a   Code   RO         1462    .text               c_w.l(filbuf.o)
    0x0000d1ea   0x0000d1ea   0x000001d6   Code   RO         1464    .text               c_w.l(flsbuf.o)
    0x0000d3c0   0x0000d3c0   0x00000138   Code   RO         1466    .text               c_w.l(initio.o)
    0x0000d4f8   0x0000d4f8   0x0000000e   Code   RO         1473    .text               c_w.l(defsig_rtmem_outer.o)
    0x0000d506   0x0000d506   0x0000004a   Code   RO         1498    .text               c_w.l(sys_stackheap_outer.o)
    0x0000d550   0x0000d550   0x000004f8   Code   RO         1506    .text               c_w.l(scanf_fp.o)
    0x0000da48   0x0000da48   0x00000046   Code   RO         1508    .text               c_w.l(setvbuf.o)
    0x0000da8e   0x0000da8e   0x00000118   Code   RO         1510    .text               c_w.l(freadfast.o)
    0x0000dba6   0x0000dba6   0x00000002   PAD
    0x0000dba8   0x0000dba8   0x00000038   Code   RO         1516    .text               c_w.l(flushlinebuffered.o)
    0x0000dbe0   0x0000dbe0   0x00000012   Code   RO         1532    .text               c_w.l(exit.o)
    0x0000dbf2   0x0000dbf2   0x0000000a   Code   RO         1534    .text               c_w.l(defsig_exit.o)
    0x0000dbfc   0x0000dbfc   0x0000000e   Code   RO         1540    .text               c_w.l(defsig_rtred_outer.o)
    0x0000dc0a   0x0000dc0a   0x00000002   PAD
    0x0000dc0c   0x0000dc0c   0x00000050   Code   RO         1544    .text               c_w.l(defsig_rtmem_inner.o)
    0x0000dc5c   0x0000dc5c   0x00000064   Code   RO         1582    .text               c_w.l(fflush.o)
    0x0000dcc0   0x0000dcc0   0x00000032   Code   RO         1588    .text               c_w.l(defsig_general.o)
    0x0000dcf2   0x0000dcf2   0x00000002   PAD
    0x0000dcf4   0x0000dcf4   0x00000034   Code   RO         1592    .text               c_w.l(defsig_rtred_inner.o)
    0x0000dd28   0x0000dd28   0x00000320   Code   RO         1619    .text               c_w.l(scanf_hexfp.o)
    0x0000e048   0x0000e048   0x00000134   Code   RO         1621    .text               c_w.l(scanf_infnan.o)
    0x0000e17c   0x0000e17c   0x00000026   Code   RO         1631    .text               c_w.l(llshl.o)
    0x0000e1a2   0x0000e1a2   0x0000001c   Code   RO         1633    .text               c_w.l(_chval.o)
    0x0000e1be   0x0000e1be   0x0000003e   Code   RO         1440    CL$$btod_d2e        c_w.l(btod.o)
    0x0000e1fc   0x0000e1fc   0x00000046   Code   RO         1442    CL$$btod_d2e_denorm_low  c_w.l(btod.o)
    0x0000e242   0x0000e242   0x00000060   Code   RO         1441    CL$$btod_d2e_norm_op1  c_w.l(btod.o)
    0x0000e2a2   0x0000e2a2   0x00000338   Code   RO         1450    CL$$btod_div_common  c_w.l(btod.o)
    0x0000e5da   0x0000e5da   0x00000002   PAD
    0x0000e5dc   0x0000e5dc   0x00000084   Code   RO         1448    CL$$btod_e2d        c_w.l(btod.o)
    0x0000e660   0x0000e660   0x000000dc   Code   RO         1447    CL$$btod_e2e        c_w.l(btod.o)
    0x0000e73c   0x0000e73c   0x0000002a   Code   RO         1444    CL$$btod_ediv       c_w.l(btod.o)
    0x0000e766   0x0000e766   0x0000002a   Code   RO         1446    CL$$btod_edivd      c_w.l(btod.o)
    0x0000e790   0x0000e790   0x0000002a   Code   RO         1443    CL$$btod_emul       c_w.l(btod.o)
    0x0000e7ba   0x0000e7ba   0x0000002a   Code   RO         1445    CL$$btod_emuld      c_w.l(btod.o)
    0x0000e7e4   0x0000e7e4   0x00000244   Code   RO         1449    CL$$btod_mult_common  c_w.l(btod.o)
    0x0000ea28   0x0000ea28   0x00000028   Code   RO         1389    i.__ARM_fpclassify  m_ws.l(fpclassify.o)
    0x0000ea50   0x0000ea50   0x000000aa   Code   RO         1391    i.__kernel_poly     m_ws.l(poly.o)
    0x0000eafa   0x0000eafa   0x00000002   PAD
    0x0000eafc   0x0000eafc   0x00000010   Code   RO         1375    i.__mathlib_dbl_divzero  m_ws.l(dunder.o)
    0x0000eb0c   0x0000eb0c   0x00000004   Code   RO         1377    i.__mathlib_dbl_infnan2  m_ws.l(dunder.o)
    0x0000eb10   0x0000eb10   0x0000000c   Code   RO         1378    i.__mathlib_dbl_invalid  m_ws.l(dunder.o)
    0x0000eb1c   0x0000eb1c   0x0000000e   Code   RO         1379    i.__mathlib_dbl_overflow  m_ws.l(dunder.o)
    0x0000eb2a   0x0000eb2a   0x00000002   PAD
    0x0000eb2c   0x0000eb2c   0x00000010   Code   RO         1381    i.__mathlib_dbl_underflow  m_ws.l(dunder.o)
    0x0000eb3c   0x0000eb3c   0x00000010   Code   RO         1606    i.__mathlib_narrow  m_ws.l(narrow.o)
    0x0000eb4c   0x0000eb4c   0x000000bc   Code   RO         1607    i.__mathlib_tofloat  m_ws.l(narrow.o)
    0x0000ec08   0x0000ec08   0x00000016   Code   RO         1651    i.__support_ldexp   m_ws.l(ldexp.o)
    0x0000ec1e   0x0000ec1e   0x0000000e   Code   RO         1082    i._is_digit         c_w.l(__printf_wp.o)
    0x0000ec2c   0x0000ec2c   0x0000002a   Code   RO         1201    i.atof              m_ws.l(atof.o)
    0x0000ec56   0x0000ec56   0x0000001a   Code   RO         1286    i.fputc             c_w.l(fputc.o)
    0x0000ec70   0x0000ec70   0x00000058   Code   RO         1628    i.frexp             m_ws.l(frexp.o)
    0x0000ecc8   0x0000ecc8   0x00000074   Code   RO         1652    i.ldexp             m_ws.l(ldexp.o)
    0x0000ed3c   0x0000ed3c   0x00000094   Code   RO         1205    i.modf              m_ws.l(modf.o)
    0x0000edd0   0x0000edd0   0x000009d8   Code   RO         1209    i.pow               m_ws.l(pow.o)
    0x0000f7a8   0x0000f7a8   0x0000004c   Code   RO         1395    i.sqrt              m_ws.l(sqrt.o)
    0x0000f7f4   0x0000f7f4   0x0000001c   Code   RO         1219    i.strtod            m_ws.l(strtod.o)
    0x0000f810   0x0000f810   0x0000002c   Code   RO         1305    locale$$code        c_w.l(lc_ctype_c.o)
    0x0000f83c   0x0000f83c   0x0000002c   Code   RO         1471    locale$$code        c_w.l(lc_numeric_c.o)
    0x0000f868   0x0000f868   0x00000062   Code   RO         1150    x$fpl$d2f           fz_ws.l(d2f.o)
    0x0000f8ca   0x0000f8ca   0x00000002   PAD
    0x0000f8cc   0x0000f8cc   0x00000150   Code   RO         1152    x$fpl$dadd          fz_ws.l(daddsub_clz.o)
    0x0000fa1c   0x0000fa1c   0x00000010   Code   RO         1486    x$fpl$dcheck1       fz_ws.l(dcheck1.o)
    0x0000fa2c   0x0000fa2c   0x00000018   Code   RO         1358    x$fpl$dcmpinf       fz_ws.l(dcmpi.o)
    0x0000fa44   0x0000fa44   0x000002b0   Code   RO         1159    x$fpl$ddiv          fz_ws.l(ddiv.o)
    0x0000fcf4   0x0000fcf4   0x00000078   Code   RO         1625    x$fpl$deqf          fz_ws.l(deqf.o)
    0x0000fd6c   0x0000fd6c   0x0000002e   Code   RO         1163    x$fpl$dflt          fz_ws.l(dflt_clz.o)
    0x0000fd9a   0x0000fd9a   0x00000002   PAD
    0x0000fd9c   0x0000fd9c   0x00000078   Code   RO         1168    x$fpl$dleqf         fz_ws.l(dleqf.o)
    0x0000fe14   0x0000fe14   0x00000154   Code   RO         1170    x$fpl$dmul          fz_ws.l(dmul.o)
    0x0000ff68   0x0000ff68   0x0000009c   Code   RO         1360    x$fpl$dnaninf       fz_ws.l(dnaninf.o)
    0x00010004   0x00010004   0x0000000c   Code   RO         1362    x$fpl$dretinf       fz_ws.l(dretinf.o)
    0x00010010   0x00010010   0x0000006c   Code   RO         1364    x$fpl$drleqf        fz_ws.l(drleqf.o)
    0x0001007c   0x0001007c   0x00000016   Code   RO         1153    x$fpl$drsb          fz_ws.l(daddsub_clz.o)
    0x00010092   0x00010092   0x00000002   PAD
    0x00010094   0x00010094   0x000001cc   Code   RO         1488    x$fpl$dsqrt         fz_ws.l(dsqrt_noumaal.o)
    0x00010260   0x00010260   0x000001d4   Code   RO         1154    x$fpl$dsub          fz_ws.l(daddsub_clz.o)
    0x00010434   0x00010434   0x00000056   Code   RO         1172    x$fpl$f2d           fz_ws.l(f2d.o)
    0x0001048a   0x0001048a   0x00000002   PAD
    0x0001048c   0x0001048c   0x000000c4   Code   RO         1174    x$fpl$fadd          fz_ws.l(faddsub_clz.o)
    0x00010550   0x00010550   0x00000184   Code   RO         1181    x$fpl$fdiv          fz_ws.l(fdiv.o)
    0x000106d4   0x000106d4   0x00000036   Code   RO         1184    x$fpl$ffix          fz_ws.l(ffix.o)
    0x0001070a   0x0001070a   0x00000002   PAD
    0x0001070c   0x0001070c   0x00000030   Code   RO         1189    x$fpl$fflt          fz_ws.l(fflt_clz.o)
    0x0001073c   0x0001073c   0x00000102   Code   RO         1194    x$fpl$fmul          fz_ws.l(fmul.o)
    0x0001083e   0x0001083e   0x0000008c   Code   RO         1368    x$fpl$fnaninf       fz_ws.l(fnaninf.o)
    0x000108ca   0x000108ca   0x0000000a   Code   RO         1370    x$fpl$fretinf       fz_ws.l(fretinf.o)
    0x000108d4   0x000108d4   0x00000014   Code   RO         1175    x$fpl$frsb          fz_ws.l(faddsub_clz.o)
    0x000108e8   0x000108e8   0x000000ea   Code   RO         1176    x$fpl$fsub          fz_ws.l(faddsub_clz.o)
    0x000109d2   0x000109d2   0x00000006   Code   RO         1494    x$fpl$ieeestatus    fz_ws.l(istatus.o)
    0x000109d8   0x000109d8   0x00000004   Code   RO         1198    x$fpl$printf1       fz_ws.l(printf1.o)
    0x000109dc   0x000109dc   0x00000064   Code   RO         1574    x$fpl$retnan        fz_ws.l(retnan.o)
    0x00010a40   0x00010a40   0x0000005c   Code   RO         1372    x$fpl$scalbn        fz_ws.l(scalbn.o)
    0x00010a9c   0x00010a9c   0x00000004   Code   RO         1496    x$fpl$scanf1        fz_ws.l(scanf1.o)
    0x00010aa0   0x00010aa0   0x00000008   Code   RO         1598    x$fpl$scanf2        fz_ws.l(scanf2.o)
    0x00010aa8   0x00010aa8   0x00000030   Code   RO         1604    x$fpl$trapveneer    fz_ws.l(trapv.o)
    0x00010ad8   0x00010ad8   0x00000014   Data   RO          277    .constdata          retarget.o
    0x00010aec   0x00010aec   0x0000000c   Data   RO          358    .constdata          i2c.o
    0x00010af8   0x00010af8   0x00000010   Data   RO          539    .constdata          adc.o
    0x00010b08   0x00010b08   0x000000c7   Data   RO          895    .constdata          usbdesc.o
    0x00010bcf   0x00010bcf   0x00000001   PAD
    0x00010bd0   0x00010bd0   0x00000010   Data   RO          910    .constdata          usbhw.o
    0x00010be0   0x00010be0   0x00000040   Data   RO          939    .constdata          usbuser.o
    0x00010c20   0x00010c20   0x00000088   Data   RO         1210    .constdata          m_ws.l(pow.o)
    0x00010ca8   0x00010ca8   0x00000008   Data   RO         1393    .constdata          m_ws.l(qnan.o)
    0x00010cb0   0x00010cb0   0x00000094   Data   RO         1438    .constdata          c_w.l(bigflt0.o)
    0x00010d44   0x00010d44   0x00000020   Data   RO         1662    Region$$Table       anon$$obj.o
    0x00010d64   0x00010d64   0x00000008   Data   RO         1594    c$$dinf             fz_ws.l(fpconst.o)
    0x00010d6c   0x00010d6c   0x00000008   Data   RO         1597    c$$dmax             fz_ws.l(fpconst.o)
    0x00010d74   0x00010d74   0x00000110   Data   RO         1304    locale$$data        c_w.l(lc_ctype_c.o)
    0x00010e84   0x00010e84   0x0000001c   Data   RO         1470    locale$$data        c_w.l(lc_numeric_c.o)


    Execution Region ER_RW (Exec base: 0x10000000, Load base: 0x00010ea0, Size: 0x00000200, Max: 0xffffffff, ABSOLUTE, COMPRESSED[0x00000034])

    Exec Addr    Load Addr    Size         Type   Attr      Idx    E Section Name        Object

    0x10000000   COMPRESSED   0x00000004   Data   RW            3    .data               system_lpc17xx.o
    0x10000004   COMPRESSED   0x00000024   Data   RW           84    .data               extintr.o
    0x10000028   COMPRESSED   0x00000021   Data   RW          155    .data               hlp_gps.o
    0x10000049   COMPRESSED   0x00000003   PAD
    0x1000004c   COMPRESSED   0x00000014   Data   RW          327    .data               iis2mdc_reg.o
    0x10000060   COMPRESSED   0x00000018   Data   RW          359    .data               i2c.o
    0x10000078   COMPRESSED   0x00000014   Data   RW          386    .data               fxas21002.o
    0x1000008c   COMPRESSED   0x0000000c   Data   RW          413    .data               mma8452q.o
    0x10000098   COMPRESSED   0x00000001   Data   RW          434    .data               sdcard.o
    0x10000099   COMPRESSED   0x00000001   Data   RW          460    .data               spi.o
    0x1000009a   COMPRESSED   0x00000002   PAD
    0x1000009c   COMPRESSED   0x0000002a   Data   RW          479    .data               fat32.o
    0x100000c6   COMPRESSED   0x00000002   PAD
    0x100000c8   COMPRESSED   0x0000000c   Data   RW          498    .data               json_serialiser.o
    0x100000d4   COMPRESSED   0x00000028   Data   RW          710    .data               debug_frmwrk.o
    0x100000fc   COMPRESSED   0x00000074   Data   RW          733    .data               main.o
    0x10000170   COMPRESSED   0x00000050   Data   RW          831    .data               peripherals.o
    0x100001c0   COMPRESSED   0x00000028   Data   RW          862    .data               usbcore.o
    0x100001e8   COMPRESSED   0x00000008   Data   RW          911    .data               usbhw.o
    0x100001f0   COMPRESSED   0x00000002   Data   RW          964    .data               hiduser.o
    0x100001f2   COMPRESSED   0x00000002   PAD
    0x100001f4   COMPRESSED   0x00000004   Data   RW         1295    .data               c_w.l(stdio_streams.o)
    0x100001f8   COMPRESSED   0x00000004   Data   RW         1296    .data               c_w.l(stdio_streams.o)
    0x100001fc   COMPRESSED   0x00000004   Data   RW         1297    .data               c_w.l(stdio_streams.o)


    Execution Region ER_ZI (Exec base: 0x10000200, Load base: 0x00010ed4, Size: 0x00005e08, Max: 0xffffffff, ABSOLUTE)

    Exec Addr    Load Addr    Size         Type   Attr      Idx    E Section Name        Object

    0x10000200        -       0x00000168   Zero   RW          154    .bss                hlp_gps.o
    0x10000368        -       0x000005d1   Zero   RW          203    .bss                hlp_uart.o
    0x10000939   0x00010ed4   0x00000003   PAD
    0x1000093c        -       0x000000f0   Zero   RW          325    .bss                iis2mdc_reg.o
    0x10000a2c        -       0x000001bc   Zero   RW          357    .bss                i2c.o
    0x10000be8        -       0x000000f0   Zero   RW          384    .bss                fxas21002.o
    0x10000cd8        -       0x000000f0   Zero   RW          411    .bss                mma8452q.o
    0x10000dc8        -       0x00000240   Zero   RW          478    .bss                fat32.o
    0x10001008        -       0x00000400   Zero   RW          829    .bss                peripherals.o
    0x10001408        -       0x00000080   Zero   RW          909    .bss                usbhw.o
    0x10001488        -       0x00000060   Zero   RW         1223    .bss                c_w.l(libspace.o)
    0x100014e8        -       0x00000054   Zero   RW         1292    .bss                c_w.l(stdio_streams.o)
    0x1000153c        -       0x00000054   Zero   RW         1293    .bss                c_w.l(stdio_streams.o)
    0x10001590        -       0x00000054   Zero   RW         1294    .bss                c_w.l(stdio_streams.o)
    0x100015e4   0x00010ed4   0x00000004   PAD
    0x100015e8        -       0x00004000   Zero   RW           43    HEAP                startup_lpc17xx.o
    0x100055e8        -       0x00000800   Zero   RW           42    STACK               startup_lpc17xx.o
    0x10005de8        -       0x00000220   Zero   RW          912    USB_RAM             usbhw.o


==============================================================================

Image component sizes


      Code (inc. data)   RO Data    RW Data    ZI Data      Debug   Object Name

       232         24         16          0          0       2167   adc.o
      1060         72          0         40          0       4554   debug_frmwrk.o
        74          0          0          0          0      17646   delay.o
       400         12          0         36          0      19544   extintr.o
      4852        672          0         42        576      10559   fat32.o
       820        276          0         20        240       3025   fxas21002.o
       240          8          0          0          0       2331   gpio.o
       176         24          0          2          0       1986   hiduser.o
      1480        244          0         33        360       9709   hlp_gps.o
      1964        106          0          0       1489      18121   hlp_uart.o
       152         14          0          0          0      33604   hlp_vic.o
      2396        366         12         24        444       6183   i2c.o
       860        290          0         20        240       4743   iis2mdc_reg.o
     11616        498          0         12          0      56241   json_serialiser.o
       320         22          0          0          0       1847   lpc17xx_clkpwr.o
      1036         28          0          0          0       9055   lpc17xx_gpio.o
       156         20          0          0          0        870   lpc17xx_nvic.o
       256          4          0          0          0       4081   lpc17xx_pinsel.o
      1704         34          0          0          0       7161   lpc17xx_uart.o
       496         14          0          0          0       3411   lpc17xx_wdt.o
      1424        538          0        116          0      27157   main.o
      1700        534          0         12        240       4448   mma8452q.o
      7652       1904          0         80       1024      26605   peripherals.o
       352         24         20          0          0       4909   retarget.o
       880          4          0          1          0       3755   sdcard.o
       276         24          0          1          0       1245   spi.o
        68         30        204          0      18432        992   startup_lpc17xx.o
       660         38          0          4          0      23545   system_lpc17xx.o
       560        336          0          0          0      16214   testing_functions.o
      1100         82          0         40          0       4244   usbcore.o
         0          0        199          0          0        885   usbdesc.o
      2100        140         16          8        672      23771   usbhw.o
       148          8         64          0          0       3529   usbuser.o

    ----------------------------------------------------------------------
     47212       6390        564        500      23720     358137   Object Totals
         0          0         32          0          0          0   (incl. Generated)
         2          0          1          9          3          0   (incl. Padding)

    ----------------------------------------------------------------------

      Code (inc. data)   RO Data    RW Data    ZI Data      Debug   Library Member Name

        24          4          0          0          0         84   __2printf.o
        44          6          0          0          0         84   __2sprintf.o
        58          0          0          0          0          0   __dczerorl.o
         8          0          0          0          0         68   __main.o
       284          0          0          0          0        156   __printf_wp.o
         0          0          0          0          0          0   __rtentry.o
        12          0          0          0          0          0   __rtentry2.o
         6          0          0          0          0          0   __rtentry4.o
        52          8          0          0          0          0   __scatter.o
        28          0          0          0          0          0   __scatter_zi.o
        28          0          0          0          0         68   _chval.o
         6          0          0          0          0          0   _printf_c.o
        44          0          0          0          0        108   _printf_char.o
        48          6          0          0          0         96   _printf_char_common.o
        36          4          0          0          0         80   _printf_char_file.o
         6          0          0          0          0          0   _printf_d.o
       120         16          0          0          0         92   _printf_dec.o
         6          0          0          0          0          0   _printf_f.o
      1054          0          0          0          0        216   _printf_fp_dec.o
       128         16          0          0          0         84   _printf_fp_infnan.o
         6          0          0          0          0          0   _printf_g.o
       178          0          0          0          0         88   _printf_intcommon.o
        78          0          0          0          0        108   _printf_pad.o
         0          0          0          0          0          0   _printf_percent.o
         4          0          0          0          0          0   _printf_percent_end.o
         6          0          0          0          0          0   _printf_s.o
        82          0          0          0          0         80   _printf_str.o
        22          0          0          0          0        100   _rserrno.o
        64          0          0          0          0         84   _sgetc.o
        10          0          0          0          0         68   _sputc.o
       228          4        148          0          0         96   bigflt0.o
      2152        136          0          0          0        960   btod.o
        12          0          0          0          0         68   clearerr.o
        10          0          0          0          0         68   defsig_exit.o
        50          0          0          0          0         88   defsig_general.o
        80         58          0          0          0         76   defsig_rtmem_inner.o
        14          0          0          0          0         80   defsig_rtmem_outer.o
        52         38          0          0          0         76   defsig_rtred_inner.o
        14          0          0          0          0         80   defsig_rtred_outer.o
        18          0          0          0          0         80   exit.o
        76          0          0          0          0         88   fclose.o
         8          0          0          0          0         68   ferror.o
       100          4          0          0          0        120   fflush.o
       570          0          0          0          0        132   filbuf.o
       470          0          0          0          0         88   flsbuf.o
        56          6          0          0          0         80   flushlinebuffered.o
       236          4          0          0          0        128   fopen.o
        26          0          0          0          0         68   fputc.o
        34          0          0          0          0         80   fputs.o
       280          0          0          0          0         96   freadfast.o
       248          6          0          0          0         84   fseek.o
        66          0          0          0          0         76   ftell.o
        94          0          0          0          0         80   h1_alloc.o
        52          0          0          0          0         68   h1_extend.o
        78          0          0          0          0         80   h1_free.o
        14          0          0          0          0         84   h1_init.o
         6          0          0          0          0        152   heapauxi.o
         4          0          0          0          0        136   hguard.o
       138          0          0          0          0        168   init_alloc.o
       312         46          0          0          0        112   initio.o
        18          0          0          0          0         76   isspace.o
        44         10        272          0          0         76   lc_ctype_c.o
        44         10         28          0          0         76   lc_numeric_c.o
         2          0          0          0          0          0   libinit.o
        42          0          0          0          0          0   libinit2.o
         2          0          0          0          0          0   libshutdown.o
         6          0          0          0          0          0   libshutdown2.o
         8          4          0          0         96         68   libspace.o
        38          0          0          0          0         68   llshl.o
       138          0          0          0          0         80   lludiv10.o
       238          0          0          0          0        100   lludivv7m.o
         0          0          0          0          0          0   maybetermalloc1.o
        44          4          0          0          0         84   puts.o
        22          0          0          0          0         80   rewind.o
        16          4          0          0          0         76   rt_ctype_table.o
         8          4          0          0          0         68   rt_errno_addr_intlibspace.o
         8          4          0          0          0         68   rt_heap_descriptor_intlibspace.o
         8          4          0          0          0         68   rt_locale_intlibspace.o
        68          0          0          0          0         68   rt_memclr.o
        78          0          0          0          0         80   rt_memclr_w.o
       138          0          0          0          0         68   rt_memcpy_v6.o
       100          0          0          0          0         80   rt_memcpy_w.o
       122          0          0          0          0         80   rt_memmove_w.o
         2          0          0          0          0          0   rtexit.o
        10          0          0          0          0          0   rtexit2.o
      1272         16          0          0          0        168   scanf_fp.o
       800         14          0          0          0        100   scanf_hexfp.o
       308         16          0          0          0        100   scanf_infnan.o
        70          0          0          0          0         80   setvbuf.o
       240          6          0          0          0        156   stdio.o
         0          0          0         12        252          0   stdio_streams.o
        20          0          0          0          0         68   strchr.o
       128          0          0          0          0         68   strcmpv7m.o
        72          0          0          0          0         80   strcpy.o
        62          0          0          0          0         76   strlen.o
       150          0          0          0          0         80   strncmp.o
        86          0          0          0          0         76   strncpy.o
        36          0          0          0          0         80   strstr.o
       164         14          0          0          0        120   strtod.o
        74          0          0          0          0         80   sys_stackheap_outer.o
         2          0          0          0          0         68   use_no_semi.o
        98          4          0          0          0         92   d2f.o
       826         16          0          0          0        348   daddsub_clz.o
        16          4          0          0          0         68   dcheck1.o
        24          0          0          0          0         68   dcmpi.o
       688        140          0          0          0        208   ddiv.o
       120          4          0          0          0         92   deqf.o
        46          0          0          0          0         68   dflt_clz.o
       120          4          0          0          0         92   dleqf.o
       340         12          0          0          0        104   dmul.o
       156          4          0          0          0         92   dnaninf.o
        12          0          0          0          0         68   dretinf.o
       108          0          0          0          0         80   drleqf.o
       460         56          0          0          0        120   dsqrt_noumaal.o
        86          4          0          0          0         84   f2d.o
       450          8          0          0          0        236   faddsub_clz.o
       388         76          0          0          0         96   fdiv.o
        54          4          0          0          0         84   ffix.o
        48          0          0          0          0         68   fflt_clz.o
       258          4          0          0          0         84   fmul.o
       140          4          0          0          0         84   fnaninf.o
         0          0         16          0          0          0   fpconst.o
        10          0          0          0          0         68   fretinf.o
         6          0          0          0          0         68   istatus.o
         4          0          0          0          0         68   printf1.o
       100          0          0          0          0         68   retnan.o
        92          0          0          0          0         68   scalbn.o
         4          0          0          0          0         68   scanf1.o
         8          0          0          0          0         84   scanf2.o
        48          0          0          0          0         68   trapv.o
         0          0          0          0          0          0   usenofp.o
        42          0          0          0          0         84   atof.o
        62         10          0          0          0        340   dunder.o
        40          0          0          0          0         68   fpclassify.o
        88          8          0          0          0         76   frexp.o
       138          0          0          0          0        160   ldexp.o
       148          6          0          0          0        116   modf.o
       204          4          0          0          0        168   narrow.o
       170          0          0          0          0         96   poly.o
      2520        190        136          0          0        324   pow.o
         0          0          8          0          0          0   qnan.o
        76          0          0          0          0         84   sqrt.o
        28          0          0          0          0         80   strtod.o

    ----------------------------------------------------------------------
     20896       1036        608         12        352      12480   Library Totals
        42          2          0          0          4          0   (incl. Padding)

    ----------------------------------------------------------------------

      Code (inc. data)   RO Data    RW Data    ZI Data      Debug   Library Name

     12628        472        448         12        348       8088   c_w.l
      4710        344         16          0          0       2796   fz_ws.l
      3516        218        144          0          0       1596   m_ws.l

    ----------------------------------------------------------------------
     20896       1036        608         12        352      12480   Library Totals

    ----------------------------------------------------------------------

==============================================================================


      Code (inc. data)   RO Data    RW Data    ZI Data      Debug   

     68108       7426       1172        512      24072     360473   Grand Totals
     68108       7426       1172         52      24072     360473   ELF Image Totals (compressed)
     68108       7426       1172         52          0          0   ROM Totals

==============================================================================

    Total RO  Size (Code + RO Data)                69280 (  67.66kB)
    Total RW  Size (RW Data + ZI Data)             24584 (  24.01kB)
    Total ROM Size (Code + RO Data + RW Data)      69332 (  67.71kB)

==============================================================================

